[2024-06-05T06:37:46.753+0000][7][gc] Using G1
[2024-06-05T06:37:47.093+0000][7][gc,init] Version: 16.0.2+7 (release)
[2024-06-05T06:37:47.102+0000][7][gc,init] CPUs: 2 total, 2 available
[2024-06-05T06:37:47.106+0000][7][gc,init] Memory: 1984M
[2024-06-05T06:37:47.106+0000][7][gc,init] Large Page Support: Disabled
[2024-06-05T06:37:47.107+0000][7][gc,init] NUMA Support: Disabled
[2024-06-05T06:37:47.108+0000][7][gc,init] Compressed Oops: Enabled (32-bit)
[2024-06-05T06:37:47.108+0000][7][gc,init] Heap Region Size: 4M
[2024-06-05T06:37:47.109+0000][7][gc,init] Heap Min Capacity: 512M
[2024-06-05T06:37:47.109+0000][7][gc,init] Heap Initial Capacity: 512M
[2024-06-05T06:37:47.109+0000][7][gc,init] Heap Max Capacity: 512M
[2024-06-05T06:37:47.110+0000][7][gc,init] Pre-touch: Enabled
[2024-06-05T06:37:47.111+0000][7][gc,init] Parallel Workers: 2
[2024-06-05T06:37:47.112+0000][7][gc,init] Concurrent Workers: 1
[2024-06-05T06:37:47.115+0000][7][gc,init] Concurrent Refinement Workers: 2
[2024-06-05T06:37:47.116+0000][7][gc,init] Periodic GC: Disabled
[2024-06-05T06:37:47.124+0000][7][gc,metaspace] CDS archive(s) mapped at: [0x0000000800000000-0x0000000800beb000-0x0000000800beb000), size 12496896, SharedBaseAddress: 0x0000000800000000, ArchiveRelocationMode: 0.
[2024-06-05T06:37:47.127+0000][7][gc,metaspace] Compressed class space mapped at: 0x0000000800c00000-0x0000000840c00000, reserved size: 1073741824
[2024-06-05T06:37:47.128+0000][7][gc,metaspace] Narrow klass base: 0x0000000800000000, Narrow klass shift: 3, Narrow klass range: 0x100000000
[2024-06-05T06:37:48.258+0000][7][safepoint   ] Safepoint "Cleanup", Time since last: 1094278200 ns, Reaching safepoint: 33700 ns, At safepoint: 1900 ns, Total: 35600 ns
[2024-06-05T06:37:49.388+0000][7][safepoint   ] Safepoint "Cleanup", Time since last: 1127893400 ns, Reaching safepoint: 2103900 ns, At safepoint: 7600 ns, Total: 2111500 ns
[2024-06-05T06:37:50.450+0000][7][safepoint   ] Safepoint "Cleanup", Time since last: 1062226100 ns, Reaching safepoint: 89800 ns, At safepoint: 4900 ns, Total: 94700 ns
[2024-06-05T06:37:51.527+0000][7][safepoint   ] Safepoint "Cleanup", Time since last: 1039442900 ns, Reaching safepoint: 97300 ns, At safepoint: 10300 ns, Total: 107600 ns
[2024-06-05T06:37:52.155+0000][7][gc,start    ] GC(0) Pause Young (Normal) (G1 Evacuation Pause)
[2024-06-05T06:37:52.230+0000][7][gc,task     ] GC(0) Using 2 workers of 2 for evacuation
[2024-06-05T06:37:52.246+0000][7][gc,age      ] GC(0) Desired survivor size 2097152 bytes, new threshold 15 (max threshold 15)
[2024-06-05T06:37:52.391+0000][7][gc,age      ] GC(0) Age table with threshold 15 (max threshold 15)
[2024-06-05T06:37:52.439+0000][7][gc,age      ] GC(0) - age   1:    4187592 bytes,    4187592 total
[2024-06-05T06:37:52.455+0000][7][gc,mmu      ] GC(0) MMU target violated: 201.0ms (200.0ms/201.0ms)
[2024-06-05T06:37:52.471+0000][7][gc,phases   ] GC(0)   Pre Evacuate Collection Set: 0.1ms
[2024-06-05T06:37:52.487+0000][7][gc,phases   ] GC(0)   Merge Heap Roots: 0.0ms
[2024-06-05T06:37:52.503+0000][7][gc,phases   ] GC(0)   Evacuate Collection Set: 97.6ms
[2024-06-05T06:37:52.518+0000][7][gc,phases   ] GC(0)   Post Evacuate Collection Set: 15.9ms
[2024-06-05T06:37:52.534+0000][7][gc,phases   ] GC(0)   Other: 202.9ms
[2024-06-05T06:37:52.550+0000][7][gc,heap     ] GC(0) Eden regions: 6->0(5)
[2024-06-05T06:37:52.571+0000][7][gc,heap     ] GC(0) Survivor regions: 0->1(1)
[2024-06-05T06:37:52.587+0000][7][gc,heap     ] GC(0) Old regions: 0->1
[2024-06-05T06:37:52.603+0000][7][gc,heap     ] GC(0) Archive regions: 2->2
[2024-06-05T06:37:52.614+0000][7][gc,heap     ] GC(0) Humongous regions: 0->0
[2024-06-05T06:37:52.715+0000][7][gc,metaspace] GC(0) Metaspace: 8090K(8256K)->8090K(8256K) NonClass: 7189K(7296K)->7189K(7296K) Class: 900K(960K)->900K(960K)
[2024-06-05T06:37:52.732+0000][7][gc          ] GC(0) Pause Young (Normal) (G1 Evacuation Pause) 27M->8M(512M) 576.830ms
[2024-06-05T06:37:52.748+0000][7][gc,cpu      ] GC(0) User=0.06s Sys=0.02s Real=0.59s
[2024-06-05T06:37:52.796+0000][7][safepoint   ] Safepoint "G1CollectForAllocation", Time since last: 627215200 ns, Reaching safepoint: 36300 ns, At safepoint: 640778900 ns, Total: 640815200 ns
[2024-06-05T06:37:54.490+0000][7][safepoint   ] Safepoint "Cleanup", Time since last: 1673242700 ns, Reaching safepoint: 20811200 ns, At safepoint: 6900 ns, Total: 20818100 ns
[2024-06-05T06:37:55.539+0000][7][safepoint   ] Safepoint "Cleanup", Time since last: 1045877400 ns, Reaching safepoint: 3393700 ns, At safepoint: 6500 ns, Total: 3400200 ns
[2024-06-05T06:37:56.992+0000][7][gc,start    ] GC(1) Pause Young (Normal) (G1 Evacuation Pause)
[2024-06-05T06:37:57.004+0000][7][gc,task     ] GC(1) Using 2 workers of 2 for evacuation
[2024-06-05T06:37:57.018+0000][7][gc,age      ] GC(1) Desired survivor size 2097152 bytes, new threshold 1 (max threshold 15)
[2024-06-05T06:37:57.051+0000][7][gc,age      ] GC(1) Age table with threshold 1 (max threshold 15)
[2024-06-05T06:37:57.061+0000][7][gc,age      ] GC(1) - age   1:    1743824 bytes,    1743824 total
[2024-06-05T06:37:57.069+0000][7][gc,phases   ] GC(1)   Pre Evacuate Collection Set: 0.9ms
[2024-06-05T06:37:57.083+0000][7][gc,phases   ] GC(1)   Merge Heap Roots: 0.0ms
[2024-06-05T06:37:57.115+0000][7][gc,phases   ] GC(1)   Evacuate Collection Set: 10.2ms
[2024-06-05T06:37:57.131+0000][7][gc,phases   ] GC(1)   Post Evacuate Collection Set: 0.4ms
[2024-06-05T06:37:57.132+0000][7][gc,phases   ] GC(1)   Other: 66.2ms
[2024-06-05T06:37:57.132+0000][7][gc,heap     ] GC(1) Eden regions: 5->0(5)
[2024-06-05T06:37:57.133+0000][7][gc,heap     ] GC(1) Survivor regions: 1->1(1)
[2024-06-05T06:37:57.134+0000][7][gc,heap     ] GC(1) Old regions: 1->2
[2024-06-05T06:37:57.134+0000][7][gc,heap     ] GC(1) Archive regions: 2->2
[2024-06-05T06:37:57.135+0000][7][gc,heap     ] GC(1) Humongous regions: 0->0
[2024-06-05T06:37:57.136+0000][7][gc,metaspace] GC(1) Metaspace: 11766K(11904K)->11766K(11904K) NonClass: 10367K(10432K)->10367K(10432K) Class: 1399K(1472K)->1399K(1472K)
[2024-06-05T06:37:57.139+0000][7][gc          ] GC(1) Pause Young (Normal) (G1 Evacuation Pause) 28M->9M(512M) 147.228ms
[2024-06-05T06:37:57.172+0000][7][gc,cpu      ] GC(1) User=0.02s Sys=0.01s Real=0.19s
[2024-06-05T06:37:57.189+0000][7][safepoint   ] Safepoint "G1CollectForAllocation", Time since last: 1452746300 ns, Reaching safepoint: 64500 ns, At safepoint: 197247200 ns, Total: 197311700 ns
[2024-06-05T06:37:58.226+0000][7][safepoint   ] Safepoint "Cleanup", Time since last: 1037151000 ns, Reaching safepoint: 61000 ns, At safepoint: 67200 ns, Total: 128200 ns
[2024-06-05T06:37:59.541+0000][7][safepoint   ] Safepoint "Cleanup", Time since last: 1314666500 ns, Reaching safepoint: 57100 ns, At safepoint: 3700 ns, Total: 60800 ns
[2024-06-05T06:37:59.985+0000][7][gc,start    ] GC(2) Pause Young (Normal) (G1 Evacuation Pause)
[2024-06-05T06:37:59.986+0000][7][gc,task     ] GC(2) Using 2 workers of 2 for evacuation
[2024-06-05T06:37:59.986+0000][7][gc,age      ] GC(2) Desired survivor size 2097152 bytes, new threshold 15 (max threshold 15)
[2024-06-05T06:38:00.005+0000][7][gc,age      ] GC(2) Age table with threshold 15 (max threshold 15)
[2024-06-05T06:38:00.015+0000][7][gc,age      ] GC(2) - age   1:     889216 bytes,     889216 total
[2024-06-05T06:38:00.030+0000][7][gc,age      ] GC(2) - age   2:    1672960 bytes,    2562176 total
[2024-06-05T06:38:00.031+0000][7][gc,phases   ] GC(2)   Pre Evacuate Collection Set: 0.0ms
[2024-06-05T06:38:00.032+0000][7][gc,phases   ] GC(2)   Merge Heap Roots: 0.0ms
[2024-06-05T06:38:00.035+0000][7][gc,phases   ] GC(2)   Evacuate Collection Set: 17.9ms
[2024-06-05T06:38:00.052+0000][7][gc,phases   ] GC(2)   Post Evacuate Collection Set: 0.4ms
[2024-06-05T06:38:00.061+0000][7][gc,phases   ] GC(2)   Other: 26.9ms
[2024-06-05T06:38:00.062+0000][7][gc,heap     ] GC(2) Eden regions: 5->0(5)
[2024-06-05T06:38:00.062+0000][7][gc,heap     ] GC(2) Survivor regions: 1->1(1)
[2024-06-05T06:38:00.063+0000][7][gc,heap     ] GC(2) Old regions: 2->2
[2024-06-05T06:38:00.064+0000][7][gc,heap     ] GC(2) Archive regions: 2->2
[2024-06-05T06:38:00.064+0000][7][gc,heap     ] GC(2) Humongous regions: 0->0
[2024-06-05T06:38:00.065+0000][7][gc,metaspace] GC(2) Metaspace: 14035K(14336K)->14035K(14336K) NonClass: 12393K(12544K)->12393K(12544K) Class: 1641K(1792K)->1641K(1792K)
[2024-06-05T06:38:00.066+0000][7][gc          ] GC(2) Pause Young (Normal) (G1 Evacuation Pause) 29M->10M(512M) 80.402ms
[2024-06-05T06:38:00.066+0000][7][gc,cpu      ] GC(2) User=0.02s Sys=0.00s Real=0.08s
[2024-06-05T06:38:00.067+0000][7][safepoint   ] Safepoint "G1CollectForAllocation", Time since last: 444517600 ns, Reaching safepoint: 23300 ns, At safepoint: 81198700 ns, Total: 81222000 ns
[2024-06-05T06:38:01.067+0000][7][safepoint   ] Safepoint "Cleanup", Time since last: 1000473800 ns, Reaching safepoint: 272400 ns, At safepoint: 8700 ns, Total: 281100 ns
[2024-06-05T06:38:01.272+0000][7][gc,start    ] GC(3) Pause Young (Normal) (G1 Evacuation Pause)
[2024-06-05T06:38:01.272+0000][7][gc,task     ] GC(3) Using 2 workers of 2 for evacuation
[2024-06-05T06:38:01.280+0000][7][gc,age      ] GC(3) Desired survivor size 2097152 bytes, new threshold 2 (max threshold 15)
[2024-06-05T06:38:01.293+0000][7][gc,age      ] GC(3) Age table with threshold 2 (max threshold 15)
[2024-06-05T06:38:01.298+0000][7][gc,age      ] GC(3) - age   1:     408024 bytes,     408024 total
[2024-06-05T06:38:01.300+0000][7][gc,age      ] GC(3) - age   2:     854600 bytes,    1262624 total
[2024-06-05T06:38:01.305+0000][7][gc,phases   ] GC(3)   Pre Evacuate Collection Set: 0.0ms
[2024-06-05T06:38:01.305+0000][7][gc,phases   ] GC(3)   Merge Heap Roots: 0.0ms
[2024-06-05T06:38:01.307+0000][7][gc,phases   ] GC(3)   Evacuate Collection Set: 12.0ms
[2024-06-05T06:38:01.308+0000][7][gc,phases   ] GC(3)   Post Evacuate Collection Set: 0.3ms
[2024-06-05T06:38:01.309+0000][7][gc,phases   ] GC(3)   Other: 20.7ms
[2024-06-05T06:38:01.310+0000][7][gc,heap     ] GC(3) Eden regions: 5->0(9)
[2024-06-05T06:38:01.311+0000][7][gc,heap     ] GC(3) Survivor regions: 1->1(1)
[2024-06-05T06:38:01.312+0000][7][gc,heap     ] GC(3) Old regions: 2->2
[2024-06-05T06:38:01.313+0000][7][gc,heap     ] GC(3) Archive regions: 2->2
[2024-06-05T06:38:01.315+0000][7][gc,heap     ] GC(3) Humongous regions: 0->0
[2024-06-05T06:38:01.315+0000][7][gc,metaspace] GC(3) Metaspace: 14387K(14656K)->14387K(14656K) NonClass: 12742K(12864K)->12742K(12864K) Class: 1644K(1792K)->1644K(1792K)
[2024-06-05T06:38:01.316+0000][7][gc          ] GC(3) Pause Young (Normal) (G1 Evacuation Pause) 30M->11M(512M) 43.748ms
[2024-06-05T06:38:01.316+0000][7][gc,cpu      ] GC(3) User=0.01s Sys=0.00s Real=0.04s
[2024-06-05T06:38:01.316+0000][7][safepoint   ] Safepoint "G1CollectForAllocation", Time since last: 204387200 ns, Reaching safepoint: 37800 ns, At safepoint: 44312300 ns, Total: 44350100 ns
[2024-06-05T06:38:02.085+0000][7][gc,start    ] GC(4) Pause Young (Normal) (G1 Evacuation Pause)
[2024-06-05T06:38:02.090+0000][7][gc,task     ] GC(4) Using 2 workers of 2 for evacuation
[2024-06-05T06:38:02.141+0000][7][gc,age      ] GC(4) Desired survivor size 4194304 bytes, new threshold 15 (max threshold 15)
[2024-06-05T06:38:02.190+0000][7][gc,age      ] GC(4) Age table with threshold 15 (max threshold 15)
[2024-06-05T06:38:02.191+0000][7][gc,age      ] GC(4) - age   1:    2187144 bytes,    2187144 total
[2024-06-05T06:38:02.192+0000][7][gc,age      ] GC(4) - age   2:     395272 bytes,    2582416 total
[2024-06-05T06:38:02.192+0000][7][gc,age      ] GC(4) - age   3:     828664 bytes,    3411080 total
[2024-06-05T06:38:02.194+0000][7][gc,phases   ] GC(4)   Pre Evacuate Collection Set: 0.0ms
[2024-06-05T06:38:02.194+0000][7][gc,phases   ] GC(4)   Merge Heap Roots: 0.0ms
[2024-06-05T06:38:02.205+0000][7][gc,phases   ] GC(4)   Evacuate Collection Set: 27.4ms
[2024-06-05T06:38:02.206+0000][7][gc,phases   ] GC(4)   Post Evacuate Collection Set: 0.5ms
[2024-06-05T06:38:02.208+0000][7][gc,phases   ] GC(4)   Other: 80.2ms
[2024-06-05T06:38:02.208+0000][7][gc,heap     ] GC(4) Eden regions: 9->0(34)
[2024-06-05T06:38:02.225+0000][7][gc,heap     ] GC(4) Survivor regions: 1->1(2)
[2024-06-05T06:38:02.245+0000][7][gc,heap     ] GC(4) Old regions: 2->2
[2024-06-05T06:38:02.269+0000][7][gc,heap     ] GC(4) Archive regions: 2->2
[2024-06-05T06:38:02.270+0000][7][gc,heap     ] GC(4) Humongous regions: 0->0
[2024-06-05T06:38:02.271+0000][7][gc,metaspace] GC(4) Metaspace: 14689K(14976K)->14689K(14976K) NonClass: 13022K(13184K)->13022K(13184K) Class: 1666K(1792K)->1666K(1792K)
[2024-06-05T06:38:02.271+0000][7][gc          ] GC(4) Pause Young (Normal) (G1 Evacuation Pause) 47M->13M(512M) 185.782ms
[2024-06-05T06:38:02.272+0000][7][gc,cpu      ] GC(4) User=0.01s Sys=0.00s Real=0.19s
[2024-06-05T06:38:02.272+0000][7][safepoint   ] Safepoint "G1CollectForAllocation", Time since last: 769168300 ns, Reaching safepoint: 57600 ns, At safepoint: 186837300 ns, Total: 186894900 ns
[2024-06-05T06:38:03.279+0000][7][safepoint   ] Safepoint "Cleanup", Time since last: 1006602800 ns, Reaching safepoint: 71800 ns, At safepoint: 3800 ns, Total: 75600 ns
[2024-06-05T06:38:03.586+0000][7][safepoint   ] Safepoint "ICBufferFull", Time since last: 307233100 ns, Reaching safepoint: 37000 ns, At safepoint: 2400 ns, Total: 39400 ns
[2024-06-05T06:38:03.617+0000][7][safepoint   ] Safepoint "ICBufferFull", Time since last: 30392600 ns, Reaching safepoint: 58200 ns, At safepoint: 4000 ns, Total: 62200 ns
[2024-06-05T06:38:03.621+0000][7][safepoint   ] Safepoint "ICBufferFull", Time since last: 4040300 ns, Reaching safepoint: 90400 ns, At safepoint: 2600 ns, Total: 93000 ns
[2024-06-05T06:38:03.636+0000][7][safepoint   ] Safepoint "ICBufferFull", Time since last: 15360600 ns, Reaching safepoint: 62300 ns, At safepoint: 4600 ns, Total: 66900 ns
[2024-06-05T06:38:03.669+0000][7][safepoint   ] Safepoint "ICBufferFull", Time since last: 32309400 ns, Reaching safepoint: 61700 ns, At safepoint: 20600 ns, Total: 82300 ns
[2024-06-05T06:38:03.735+0000][7][safepoint   ] Safepoint "ICBufferFull", Time since last: 34823000 ns, Reaching safepoint: 31441600 ns, At safepoint: 18100 ns, Total: 31459700 ns
[2024-06-05T06:38:03.845+0000][7][safepoint   ] Safepoint "ICBufferFull", Time since last: 110293100 ns, Reaching safepoint: 23800 ns, At safepoint: 3300 ns, Total: 27100 ns
[2024-06-05T06:38:03.894+0000][7][safepoint   ] Safepoint "ICBufferFull", Time since last: 48638800 ns, Reaching safepoint: 23000 ns, At safepoint: 2700 ns, Total: 25700 ns
[2024-06-05T06:38:03.957+0000][7][safepoint   ] Safepoint "ICBufferFull", Time since last: 62707100 ns, Reaching safepoint: 29200 ns, At safepoint: 3200 ns, Total: 32400 ns
[2024-06-05T06:38:04.006+0000][7][safepoint   ] Safepoint "ICBufferFull", Time since last: 49744800 ns, Reaching safepoint: 23800 ns, At safepoint: 3300 ns, Total: 27100 ns
[2024-06-05T06:38:04.023+0000][7][safepoint   ] Safepoint "ICBufferFull", Time since last: 16433600 ns, Reaching safepoint: 25400 ns, At safepoint: 3400 ns, Total: 28800 ns
[2024-06-05T06:38:04.088+0000][7][safepoint   ] Safepoint "ICBufferFull", Time since last: 65017500 ns, Reaching safepoint: 23400 ns, At safepoint: 3200 ns, Total: 26600 ns
[2024-06-05T06:38:04.149+0000][7][safepoint   ] Safepoint "ICBufferFull", Time since last: 60682100 ns, Reaching safepoint: 21300 ns, At safepoint: 2500 ns, Total: 23800 ns
[2024-06-05T06:38:04.168+0000][7][safepoint   ] Safepoint "ICBufferFull", Time since last: 19346100 ns, Reaching safepoint: 21300 ns, At safepoint: 3300 ns, Total: 24600 ns
[2024-06-05T06:38:04.215+0000][7][safepoint   ] Safepoint "ICBufferFull", Time since last: 47301600 ns, Reaching safepoint: 20700 ns, At safepoint: 3000 ns, Total: 23700 ns
[2024-06-05T06:38:04.265+0000][7][safepoint   ] Safepoint "ICBufferFull", Time since last: 49858100 ns, Reaching safepoint: 21700 ns, At safepoint: 2700 ns, Total: 24400 ns
[2024-06-05T06:38:04.283+0000][7][safepoint   ] Safepoint "ICBufferFull", Time since last: 17559600 ns, Reaching safepoint: 19400 ns, At safepoint: 2600 ns, Total: 22000 ns
[2024-06-05T06:38:04.315+0000][7][safepoint   ] Safepoint "ICBufferFull", Time since last: 32631200 ns, Reaching safepoint: 21400 ns, At safepoint: 2400 ns, Total: 23800 ns
[2024-06-05T06:38:04.394+0000][7][safepoint   ] Safepoint "ICBufferFull", Time since last: 78223700 ns, Reaching safepoint: 20400 ns, At safepoint: 2600 ns, Total: 23000 ns
[2024-06-05T06:38:04.456+0000][7][safepoint   ] Safepoint "ICBufferFull", Time since last: 62406800 ns, Reaching safepoint: 25400 ns, At safepoint: 2900 ns, Total: 28300 ns
[2024-06-05T06:38:04.470+0000][7][safepoint   ] Safepoint "ICBufferFull", Time since last: 14048600 ns, Reaching safepoint: 20200 ns, At safepoint: 2500 ns, Total: 22700 ns
[2024-06-05T06:38:04.473+0000][7][safepoint   ] Safepoint "ICBufferFull", Time since last: 2842100 ns, Reaching safepoint: 31700 ns, At safepoint: 4000 ns, Total: 35700 ns
[2024-06-05T06:38:04.486+0000][7][safepoint   ] Safepoint "ICBufferFull", Time since last: 13079600 ns, Reaching safepoint: 25000 ns, At safepoint: 2800 ns, Total: 27800 ns
[2024-06-05T06:38:04.502+0000][7][safepoint   ] Safepoint "ICBufferFull", Time since last: 15729900 ns, Reaching safepoint: 58200 ns, At safepoint: 3200 ns, Total: 61400 ns
[2024-06-05T06:38:04.518+0000][7][safepoint   ] Safepoint "ICBufferFull", Time since last: 16060000 ns, Reaching safepoint: 18500 ns, At safepoint: 2200 ns, Total: 20700 ns
[2024-06-05T06:38:04.534+0000][7][safepoint   ] Safepoint "ICBufferFull", Time since last: 15584900 ns, Reaching safepoint: 19000 ns, At safepoint: 2800 ns, Total: 21800 ns
[2024-06-05T06:38:04.582+0000][7][safepoint   ] Safepoint "ICBufferFull", Time since last: 48126600 ns, Reaching safepoint: 20700 ns, At safepoint: 2700 ns, Total: 23400 ns
[2024-06-05T06:38:04.617+0000][7][safepoint   ] Safepoint "ICBufferFull", Time since last: 35266600 ns, Reaching safepoint: 24000 ns, At safepoint: 2700 ns, Total: 26700 ns
[2024-06-05T06:38:04.631+0000][7][safepoint   ] Safepoint "ICBufferFull", Time since last: 13074700 ns, Reaching safepoint: 426000 ns, At safepoint: 5400 ns, Total: 431400 ns
[2024-06-05T06:38:05.646+0000][7][safepoint   ] Safepoint "Cleanup", Time since last: 1015021900 ns, Reaching safepoint: 64500 ns, At safepoint: 3500 ns, Total: 68000 ns
[2024-06-05T06:38:06.652+0000][7][safepoint   ] Safepoint "Cleanup", Time since last: 1001632500 ns, Reaching safepoint: 4360200 ns, At safepoint: 6500 ns, Total: 4366700 ns
[2024-06-05T06:38:06.941+0000][7][gc,start    ] GC(5) Pause Young (Normal) (G1 Evacuation Pause)
[2024-06-05T06:38:06.943+0000][7][gc,task     ] GC(5) Using 2 workers of 2 for evacuation
[2024-06-05T06:38:06.943+0000][7][gc,age      ] GC(5) Desired survivor size 10485760 bytes, new threshold 15 (max threshold 15)
[2024-06-05T06:38:06.967+0000][7][gc,age      ] GC(5) Age table with threshold 15 (max threshold 15)
[2024-06-05T06:38:06.968+0000][7][gc,age      ] GC(5) - age   1:    3776760 bytes,    3776760 total
[2024-06-05T06:38:06.968+0000][7][gc,age      ] GC(5) - age   2:     457624 bytes,    4234384 total
[2024-06-05T06:38:06.969+0000][7][gc,age      ] GC(5) - age   3:     395272 bytes,    4629656 total
[2024-06-05T06:38:06.969+0000][7][gc,age      ] GC(5) - age   4:     828072 bytes,    5457728 total
[2024-06-05T06:38:06.969+0000][7][gc,phases   ] GC(5)   Pre Evacuate Collection Set: 0.1ms
[2024-06-05T06:38:06.970+0000][7][gc,phases   ] GC(5)   Merge Heap Roots: 0.0ms
[2024-06-05T06:38:06.970+0000][7][gc,phases   ] GC(5)   Evacuate Collection Set: 20.6ms
[2024-06-05T06:38:06.970+0000][7][gc,phases   ] GC(5)   Post Evacuate Collection Set: 0.4ms
[2024-06-05T06:38:06.971+0000][7][gc,phases   ] GC(5)   Other: 6.8ms
[2024-06-05T06:38:06.971+0000][7][gc,heap     ] GC(5) Eden regions: 34->0(74)
[2024-06-05T06:38:06.972+0000][7][gc,heap     ] GC(5) Survivor regions: 1->2(5)
[2024-06-05T06:38:06.972+0000][7][gc,heap     ] GC(5) Old regions: 2->2
[2024-06-05T06:38:06.972+0000][7][gc,heap     ] GC(5) Archive regions: 2->2
[2024-06-05T06:38:06.974+0000][7][gc,heap     ] GC(5) Humongous regions: 0->0
[2024-06-05T06:38:06.975+0000][7][gc,metaspace] GC(5) Metaspace: 17831K(18112K)->17831K(18112K) NonClass: 15726K(15872K)->15726K(15872K) Class: 2105K(2240K)->2105K(2240K)
[2024-06-05T06:38:06.975+0000][7][gc          ] GC(5) Pause Young (Normal) (G1 Evacuation Pause) 149M->15M(512M) 33.953ms
[2024-06-05T06:38:06.977+0000][7][gc,cpu      ] GC(5) User=0.01s Sys=0.00s Real=0.04s
[2024-06-05T06:38:06.977+0000][7][safepoint   ] Safepoint "G1CollectForAllocation", Time since last: 289673400 ns, Reaching safepoint: 43800 ns, At safepoint: 36108800 ns, Total: 36152600 ns
[2024-06-05T06:38:08.805+0000][7][safepoint   ] Safepoint "Cleanup", Time since last: 1827524400 ns, Reaching safepoint: 89100 ns, At safepoint: 3000 ns, Total: 92100 ns
[2024-06-05T06:38:09.847+0000][7][safepoint   ] Safepoint "Cleanup", Time since last: 1040421000 ns, Reaching safepoint: 1571500 ns, At safepoint: 11700 ns, Total: 1583200 ns
[2024-06-05T06:38:10.856+0000][7][safepoint   ] Safepoint "Cleanup", Time since last: 1008908700 ns, Reaching safepoint: 103500 ns, At safepoint: 3800 ns, Total: 107300 ns
[2024-06-05T06:38:11.937+0000][7][gc,start    ] GC(6) Pause Young (Normal) (G1 Evacuation Pause)
[2024-06-05T06:38:11.974+0000][7][gc,task     ] GC(6) Using 2 workers of 2 for evacuation
[2024-06-05T06:38:11.990+0000][7][gc,age      ] GC(6) Desired survivor size 20971520 bytes, new threshold 15 (max threshold 15)
[2024-06-05T06:38:12.073+0000][7][gc,age      ] GC(6) Age table with threshold 15 (max threshold 15)
[2024-06-05T06:38:12.086+0000][7][gc,age      ] GC(6) - age   1:    4953544 bytes,    4953544 total
[2024-06-05T06:38:12.104+0000][7][gc,age      ] GC(6) - age   2:    2896632 bytes,    7850176 total
[2024-06-05T06:38:12.118+0000][7][gc,age      ] GC(6) - age   3:     457544 bytes,    8307720 total
[2024-06-05T06:38:12.135+0000][7][gc,age      ] GC(6) - age   4:     395272 bytes,    8702992 total
[2024-06-05T06:38:12.135+0000][7][gc,age      ] GC(6) - age   5:     828072 bytes,    9531064 total
[2024-06-05T06:38:12.135+0000][7][gc,phases   ] GC(6)   Pre Evacuate Collection Set: 0.1ms
[2024-06-05T06:38:12.144+0000][7][gc,phases   ] GC(6)   Merge Heap Roots: 0.0ms
[2024-06-05T06:38:12.155+0000][7][gc,phases   ] GC(6)   Evacuate Collection Set: 66.4ms
[2024-06-05T06:38:12.171+0000][7][gc,phases   ] GC(6)   Post Evacuate Collection Set: 0.5ms
[2024-06-05T06:38:12.187+0000][7][gc,phases   ] GC(6)   Other: 131.4ms
[2024-06-05T06:38:12.203+0000][7][gc,heap     ] GC(6) Eden regions: 74->0(62)
[2024-06-05T06:38:12.219+0000][7][gc,heap     ] GC(6) Survivor regions: 2->3(10)
[2024-06-05T06:38:12.252+0000][7][gc,heap     ] GC(6) Old regions: 2->2
[2024-06-05T06:38:12.267+0000][7][gc,heap     ] GC(6) Archive regions: 2->2
[2024-06-05T06:38:12.283+0000][7][gc,heap     ] GC(6) Humongous regions: 0->0
[2024-06-05T06:38:12.300+0000][7][gc,metaspace] GC(6) Metaspace: 19034K(19392K)->19034K(19392K) NonClass: 16730K(16960K)->16730K(16960K) Class: 2303K(2432K)->2303K(2432K)
[2024-06-05T06:38:12.316+0000][7][gc          ] GC(6) Pause Young (Normal) (G1 Evacuation Pause) 311M->19M(512M) 378.637ms
[2024-06-05T06:38:12.331+0000][7][gc,cpu      ] GC(6) User=0.05s Sys=0.01s Real=0.39s
[2024-06-05T06:38:12.347+0000][7][safepoint   ] Safepoint "G1CollectForAllocation", Time since last: 1080755800 ns, Reaching safepoint: 24800 ns, At safepoint: 410609000 ns, Total: 410633800 ns
[2024-06-05T06:38:13.367+0000][7][safepoint   ] Safepoint "Cleanup", Time since last: 1019497000 ns, Reaching safepoint: 123900 ns, At safepoint: 8700 ns, Total: 132600 ns
[2024-06-05T06:38:14.528+0000][7][safepoint   ] Safepoint "Cleanup", Time since last: 1160823400 ns, Reaching safepoint: 34800 ns, At safepoint: 3900 ns, Total: 38700 ns
[2024-06-05T06:38:15.630+0000][7][safepoint   ] Safepoint "Cleanup", Time since last: 1093371700 ns, Reaching safepoint: 8261900 ns, At safepoint: 6900 ns, Total: 8268800 ns
[2024-06-05T06:38:15.878+0000][7][gc,start    ] GC(7) Pause Young (Normal) (G1 Evacuation Pause)
[2024-06-05T06:38:15.882+0000][7][gc,task     ] GC(7) Using 2 workers of 2 for evacuation
[2024-06-05T06:38:15.887+0000][7][gc,age      ] GC(7) Desired survivor size 18874368 bytes, new threshold 15 (max threshold 15)
[2024-06-05T06:38:15.941+0000][7][gc,age      ] GC(7) Age table with threshold 15 (max threshold 15)
[2024-06-05T06:38:15.945+0000][7][gc,age      ] GC(7) - age   1:    3263936 bytes,    3263936 total
[2024-06-05T06:38:15.985+0000][7][gc,age      ] GC(7) - age   2:    2743280 bytes,    6007216 total
[2024-06-05T06:38:15.987+0000][7][gc,age      ] GC(7) - age   3:    2891752 bytes,    8898968 total
[2024-06-05T06:38:15.989+0000][7][gc,age      ] GC(7) - age   4:     457544 bytes,    9356512 total
[2024-06-05T06:38:15.994+0000][7][gc,age      ] GC(7) - age   5:     395272 bytes,    9751784 total
[2024-06-05T06:38:16.014+0000][7][gc,age      ] GC(7) - age   6:     820648 bytes,   10572432 total
[2024-06-05T06:38:16.016+0000][7][gc,phases   ] GC(7)   Pre Evacuate Collection Set: 0.1ms
[2024-06-05T06:38:16.021+0000][7][gc,phases   ] GC(7)   Merge Heap Roots: 0.0ms
[2024-06-05T06:38:16.025+0000][7][gc,phases   ] GC(7)   Evacuate Collection Set: 34.9ms
[2024-06-05T06:38:16.028+0000][7][gc,phases   ] GC(7)   Post Evacuate Collection Set: 0.5ms
[2024-06-05T06:38:16.030+0000][7][gc,phases   ] GC(7)   Other: 102.6ms
[2024-06-05T06:38:16.031+0000][7][gc,heap     ] GC(7) Eden regions: 62->0(29)
[2024-06-05T06:38:16.033+0000][7][gc,heap     ] GC(7) Survivor regions: 3->3(9)
[2024-06-05T06:38:16.034+0000][7][gc,heap     ] GC(7) Old regions: 2->2
[2024-06-05T06:38:16.035+0000][7][gc,heap     ] GC(7) Archive regions: 2->2
[2024-06-05T06:38:16.036+0000][7][gc,heap     ] GC(7) Humongous regions: 0->0
[2024-06-05T06:38:16.036+0000][7][gc,metaspace] GC(7) Metaspace: 19722K(20032K)->19722K(20032K) NonClass: 17342K(17536K)->17342K(17536K) Class: 2379K(2496K)->2379K(2496K)
[2024-06-05T06:38:16.037+0000][7][gc          ] GC(7) Pause Young (Normal) (G1 Evacuation Pause) 267M->20M(512M) 158.852ms
[2024-06-05T06:38:16.038+0000][7][gc,cpu      ] GC(7) User=0.03s Sys=0.01s Real=0.16s
[2024-06-05T06:38:16.039+0000][7][safepoint   ] Safepoint "G1CollectForAllocation", Time since last: 248454800 ns, Reaching safepoint: 41500 ns, At safepoint: 160870600 ns, Total: 160912100 ns
[2024-06-05T06:38:16.422+0000][7][gc,start    ] GC(8) Pause Young (Normal) (G1 Evacuation Pause)
[2024-06-05T06:38:16.428+0000][7][gc,task     ] GC(8) Using 2 workers of 2 for evacuation
[2024-06-05T06:38:16.429+0000][7][gc,age      ] GC(8) Desired survivor size 8388608 bytes, new threshold 3 (max threshold 15)
[2024-06-05T06:38:16.461+0000][7][gc,age      ] GC(8) Age table with threshold 3 (max threshold 15)
[2024-06-05T06:38:16.481+0000][7][gc,age      ] GC(8) - age   1:     938968 bytes,     938968 total
[2024-06-05T06:38:16.495+0000][7][gc,age      ] GC(8) - age   2:    2495424 bytes,    3434392 total
[2024-06-05T06:38:16.503+0000][7][gc,age      ] GC(8) - age   3:    2742992 bytes,    6177384 total
[2024-06-05T06:38:16.520+0000][7][gc,phases   ] GC(8)   Pre Evacuate Collection Set: 0.1ms
[2024-06-05T06:38:16.536+0000][7][gc,phases   ] GC(8)   Merge Heap Roots: 0.1ms
[2024-06-05T06:38:16.546+0000][7][gc,phases   ] GC(8)   Evacuate Collection Set: 21.7ms
[2024-06-05T06:38:16.556+0000][7][gc,phases   ] GC(8)   Post Evacuate Collection Set: 0.7ms
[2024-06-05T06:38:16.566+0000][7][gc,phases   ] GC(8)   Other: 76.1ms
[2024-06-05T06:38:16.571+0000][7][gc,heap     ] GC(8) Eden regions: 29->0(74)
[2024-06-05T06:38:16.581+0000][7][gc,heap     ] GC(8) Survivor regions: 3->2(4)
[2024-06-05T06:38:16.587+0000][7][gc,heap     ] GC(8) Old regions: 2->3
[2024-06-05T06:38:16.618+0000][7][gc,heap     ] GC(8) Archive regions: 2->2
[2024-06-05T06:38:16.631+0000][7][gc,heap     ] GC(8) Humongous regions: 0->0
[2024-06-05T06:38:16.632+0000][7][gc,metaspace] GC(8) Metaspace: 19750K(20032K)->19750K(20032K) NonClass: 17364K(17536K)->17364K(17536K) Class: 2386K(2496K)->2386K(2496K)
[2024-06-05T06:38:16.635+0000][7][gc          ] GC(8) Pause Young (Normal) (G1 Evacuation Pause) 136M->20M(512M) 212.745ms
[2024-06-05T06:38:16.635+0000][7][gc,cpu      ] GC(8) User=0.04s Sys=0.00s Real=0.22s
[2024-06-05T06:38:16.646+0000][7][safepoint   ] Safepoint "G1CollectForAllocation", Time since last: 376820200 ns, Reaching safepoint: 5911800 ns, At safepoint: 224117600 ns, Total: 230029400 ns
[2024-06-05T06:38:17.687+0000][7][safepoint   ] Safepoint "Cleanup", Time since last: 1020304000 ns, Reaching safepoint: 20948800 ns, At safepoint: 23500 ns, Total: 20972300 ns
[2024-06-05T06:38:18.318+0000][7][gc,start    ] GC(9) Pause Young (Normal) (G1 Evacuation Pause)
[2024-06-05T06:38:18.319+0000][7][gc,task     ] GC(9) Using 2 workers of 2 for evacuation
[2024-06-05T06:38:18.319+0000][7][gc,age      ] GC(9) Desired survivor size 20971520 bytes, new threshold 15 (max threshold 15)
[2024-06-05T06:38:18.341+0000][7][gc,age      ] GC(9) Age table with threshold 15 (max threshold 15)
[2024-06-05T06:38:18.342+0000][7][gc,age      ] GC(9) - age   1:    1386280 bytes,    1386280 total
[2024-06-05T06:38:18.342+0000][7][gc,age      ] GC(9) - age   2:     144296 bytes,    1530576 total
[2024-06-05T06:38:18.342+0000][7][gc,age      ] GC(9) - age   3:    2495168 bytes,    4025744 total
[2024-06-05T06:38:18.351+0000][7][gc,age      ] GC(9) - age   4:    2742320 bytes,    6768064 total
[2024-06-05T06:38:18.352+0000][7][gc,phases   ] GC(9)   Pre Evacuate Collection Set: 0.4ms
[2024-06-05T06:38:18.353+0000][7][gc,phases   ] GC(9)   Merge Heap Roots: 0.0ms
[2024-06-05T06:38:18.354+0000][7][gc,phases   ] GC(9)   Evacuate Collection Set: 21.0ms
[2024-06-05T06:38:18.354+0000][7][gc,phases   ] GC(9)   Post Evacuate Collection Set: 0.4ms
[2024-06-05T06:38:18.355+0000][7][gc,phases   ] GC(9)   Other: 12.0ms
[2024-06-05T06:38:18.355+0000][7][gc,heap     ] GC(9) Eden regions: 74->0(74)
[2024-06-05T06:38:18.356+0000][7][gc,heap     ] GC(9) Survivor regions: 2->2(10)
[2024-06-05T06:38:18.356+0000][7][gc,heap     ] GC(9) Old regions: 3->3
[2024-06-05T06:38:18.357+0000][7][gc,heap     ] GC(9) Archive regions: 2->2
[2024-06-05T06:38:18.358+0000][7][gc,heap     ] GC(9) Humongous regions: 0->0
[2024-06-05T06:38:18.358+0000][7][gc,metaspace] GC(9) Metaspace: 20162K(20608K)->20162K(20608K) NonClass: 17703K(17984K)->17703K(17984K) Class: 2458K(2624K)->2458K(2624K)
[2024-06-05T06:38:18.358+0000][7][gc          ] GC(9) Pause Young (Normal) (G1 Evacuation Pause) 316M->21M(512M) 40.517ms
[2024-06-05T06:38:18.359+0000][7][gc,cpu      ] GC(9) User=0.03s Sys=0.00s Real=0.04s
[2024-06-05T06:38:18.359+0000][7][safepoint   ] Safepoint "G1CollectForAllocation", Time since last: 630644700 ns, Reaching safepoint: 44200 ns, At safepoint: 41232200 ns, Total: 41276400 ns
[2024-06-05T06:38:19.361+0000][7][safepoint   ] Safepoint "Cleanup", Time since last: 1001152400 ns, Reaching safepoint: 463200 ns, At safepoint: 5000 ns, Total: 468200 ns
[2024-06-05T06:38:20.385+0000][7][safepoint   ] Safepoint "Cleanup", Time since last: 1024489500 ns, Reaching safepoint: 40800 ns, At safepoint: 3100 ns, Total: 43900 ns
[2024-06-05T06:38:21.213+0000][7][gc,start    ] GC(10) Pause Young (Concurrent Start) (Metadata GC Threshold)
[2024-06-05T06:38:21.214+0000][7][gc,task     ] GC(10) Using 2 workers of 2 for evacuation
[2024-06-05T06:38:21.214+0000][7][gc,age      ] GC(10) Desired survivor size 20971520 bytes, new threshold 15 (max threshold 15)
[2024-06-05T06:38:21.201+0000][7][gc,age      ] GC(10) Age table with threshold 15 (max threshold 15)
[2024-06-05T06:38:21.206+0000][7][gc,age      ] GC(10) - age   1:    1623896 bytes,    1623896 total
[2024-06-05T06:38:21.206+0000][7][gc,age      ] GC(10) - age   2:     516200 bytes,    2140096 total
[2024-06-05T06:38:21.207+0000][7][gc,age      ] GC(10) - age   3:     144296 bytes,    2284392 total
[2024-06-05T06:38:21.207+0000][7][gc,age      ] GC(10) - age   4:    2494128 bytes,    4778520 total
[2024-06-05T06:38:21.208+0000][7][gc,age      ] GC(10) - age   5:    2742160 bytes,    7520680 total
[2024-06-05T06:38:21.208+0000][7][gc,phases   ] GC(10)   Pre Evacuate Collection Set: 0.3ms
[2024-06-05T06:38:21.209+0000][7][gc,phases   ] GC(10)   Merge Heap Roots: 0.0ms
[2024-06-05T06:38:21.211+0000][7][gc,phases   ] GC(10)   Evacuate Collection Set: 20.4ms
[2024-06-05T06:38:21.212+0000][7][gc,phases   ] GC(10)   Post Evacuate Collection Set: 1.5ms
[2024-06-05T06:38:21.212+0000][7][gc,phases   ] GC(10)   Other: 11.2ms
[2024-06-05T06:38:21.212+0000][7][gc,heap     ] GC(10) Eden regions: 41->0(74)
[2024-06-05T06:38:21.213+0000][7][gc,heap     ] GC(10) Survivor regions: 2->2(10)
[2024-06-05T06:38:21.214+0000][7][gc,heap     ] GC(10) Old regions: 3->3
[2024-06-05T06:38:21.215+0000][7][gc,heap     ] GC(10) Archive regions: 2->2
[2024-06-05T06:38:21.215+0000][7][gc,heap     ] GC(10) Humongous regions: 0->0
[2024-06-05T06:38:21.216+0000][7][gc,metaspace] GC(10) Metaspace: 20853K(21248K)->20853K(21248K) NonClass: 18298K(18560K)->18298K(18560K) Class: 2554K(2688K)->2554K(2688K)
[2024-06-05T06:38:21.223+0000][7][gc          ] GC(10) Pause Young (Concurrent Start) (Metadata GC Threshold) 185M->21M(512M) 48.034ms
[2024-06-05T06:38:21.228+0000][7][gc,cpu      ] GC(10) User=0.02s Sys=0.00s Real=0.05s
[2024-06-05T06:38:21.228+0000][7][gc          ] GC(11) Concurrent Mark Cycle
[2024-06-05T06:38:21.228+0000][7][gc,marking  ] GC(11) Concurrent Clear Claimed Marks
[2024-06-05T06:38:21.229+0000][7][gc,marking  ] GC(11) Concurrent Clear Claimed Marks 0.303ms
[2024-06-05T06:38:21.229+0000][7][gc,marking  ] GC(11) Concurrent Scan Root Regions
[2024-06-05T06:38:21.232+0000][7][gc,marking  ] GC(11) Concurrent Scan Root Regions 3.194ms
[2024-06-05T06:38:21.237+0000][7][gc,marking  ] GC(11) Concurrent Mark
[2024-06-05T06:38:21.238+0000][7][gc,marking  ] GC(11) Concurrent Mark From Roots
[2024-06-05T06:38:21.239+0000][7][gc,task     ] GC(11) Using 1 workers of 1 for marking
[2024-06-05T06:38:21.228+0000][7][safepoint   ] Safepoint "CollectForMetadataAllocation", Time since last: 827564600 ns, Reaching safepoint: 55600 ns, At safepoint: 53510300 ns, Total: 53565900 ns
[2024-06-05T06:38:21.295+0000][7][gc,marking  ] GC(11) Concurrent Mark From Roots 57.115ms
[2024-06-05T06:38:21.296+0000][7][gc,marking  ] GC(11) Concurrent Preclean
[2024-06-05T06:38:21.296+0000][7][gc,marking  ] GC(11) Concurrent Preclean 0.388ms
[2024-06-05T06:38:21.297+0000][7][gc,start    ] GC(11) Pause Remark
[2024-06-05T06:38:21.312+0000][7][gc          ] GC(11) Pause Remark 23M->23M(512M) 15.259ms
[2024-06-05T06:38:21.313+0000][7][gc,cpu      ] GC(11) User=0.00s Sys=0.00s Real=0.01s
[2024-06-05T06:38:21.313+0000][7][safepoint   ] Safepoint "G1Concurrent", Time since last: 68403500 ns, Reaching safepoint: 26100 ns, At safepoint: 16229500 ns, Total: 16255600 ns
[2024-06-05T06:38:21.315+0000][7][gc,marking  ] GC(11) Concurrent Mark 78.019ms
[2024-06-05T06:38:21.317+0000][7][gc,marking  ] GC(11) Concurrent Rebuild Remembered Sets
[2024-06-05T06:38:21.341+0000][7][gc,marking  ] GC(11) Concurrent Rebuild Remembered Sets 24.035ms
[2024-06-05T06:38:21.356+0000][7][gc,start    ] GC(11) Pause Cleanup
[2024-06-05T06:38:21.356+0000][7][gc          ] GC(11) Pause Cleanup 23M->23M(512M) 0.585ms
[2024-06-05T06:38:21.358+0000][7][gc,cpu      ] GC(11) User=0.00s Sys=0.00s Real=0.00s
[2024-06-05T06:38:21.359+0000][7][safepoint   ] Safepoint "G1Concurrent", Time since last: 42509700 ns, Reaching safepoint: 346200 ns, At safepoint: 2949800 ns, Total: 3296000 ns
[2024-06-05T06:38:21.359+0000][7][gc,marking  ] GC(11) Concurrent Cleanup for Next Mark
[2024-06-05T06:38:21.396+0000][7][gc,marking  ] GC(11) Concurrent Cleanup for Next Mark 37.382ms
[2024-06-05T06:38:21.397+0000][7][gc          ] GC(11) Concurrent Mark Cycle 168.901ms
[2024-06-05T06:38:22.366+0000][7][safepoint   ] Safepoint "Cleanup", Time since last: 1006626900 ns, Reaching safepoint: 326700 ns, At safepoint: 4600 ns, Total: 331300 ns
[2024-06-05T06:38:22.847+0000][7][gc,start    ] GC(12) Pause Young (Normal) (G1 Evacuation Pause)
[2024-06-05T06:38:22.847+0000][7][gc,task     ] GC(12) Using 2 workers of 2 for evacuation
[2024-06-05T06:38:22.848+0000][7][gc,age      ] GC(12) Desired survivor size 20971520 bytes, new threshold 15 (max threshold 15)
[2024-06-05T06:38:22.865+0000][7][gc,age      ] GC(12) Age table with threshold 15 (max threshold 15)
[2024-06-05T06:38:22.869+0000][7][gc,age      ] GC(12) - age   1:    3057912 bytes,    3057912 total
[2024-06-05T06:38:22.870+0000][7][gc,age      ] GC(12) - age   2:    1601064 bytes,    4658976 total
[2024-06-05T06:38:22.870+0000][7][gc,age      ] GC(12) - age   3:     514536 bytes,    5173512 total
[2024-06-05T06:38:22.875+0000][7][gc,age      ] GC(12) - age   4:     144024 bytes,    5317536 total
[2024-06-05T06:38:22.883+0000][7][gc,age      ] GC(12) - age   5:    2494064 bytes,    7811600 total
[2024-06-05T06:38:22.884+0000][7][gc,age      ] GC(12) - age   6:    2741968 bytes,   10553568 total
[2024-06-05T06:38:22.884+0000][7][gc,phases   ] GC(12)   Pre Evacuate Collection Set: 0.1ms
[2024-06-05T06:38:22.886+0000][7][gc,phases   ] GC(12)   Merge Heap Roots: 0.1ms
[2024-06-05T06:38:22.886+0000][7][gc,phases   ] GC(12)   Evacuate Collection Set: 14.4ms
[2024-06-05T06:38:22.886+0000][7][gc,phases   ] GC(12)   Post Evacuate Collection Set: 1.1ms
[2024-06-05T06:38:22.887+0000][7][gc,phases   ] GC(12)   Other: 21.8ms
[2024-06-05T06:38:22.887+0000][7][gc,heap     ] GC(12) Eden regions: 74->0(73)
[2024-06-05T06:38:22.887+0000][7][gc,heap     ] GC(12) Survivor regions: 2->3(10)
[2024-06-05T06:38:22.887+0000][7][gc,heap     ] GC(12) Old regions: 3->3
[2024-06-05T06:38:22.888+0000][7][gc,heap     ] GC(12) Archive regions: 2->2
[2024-06-05T06:38:22.888+0000][7][gc,heap     ] GC(12) Humongous regions: 0->0
[2024-06-05T06:38:22.888+0000][7][gc,metaspace] GC(12) Metaspace: 21364K(21824K)->21364K(21824K) NonClass: 18746K(19072K)->18746K(19072K) Class: 2617K(2752K)->2617K(2752K)
[2024-06-05T06:38:22.889+0000][7][gc          ] GC(12) Pause Young (Normal) (G1 Evacuation Pause) 317M->24M(512M) 42.105ms
[2024-06-05T06:38:22.889+0000][7][gc,cpu      ] GC(12) User=0.02s Sys=0.00s Real=0.04s
[2024-06-05T06:38:22.890+0000][7][safepoint   ] Safepoint "G1CollectForAllocation", Time since last: 480877700 ns, Reaching safepoint: 84200 ns, At safepoint: 43275900 ns, Total: 43360100 ns
[2024-06-05T06:38:23.890+0000][7][safepoint   ] Safepoint "Cleanup", Time since last: 1000483400 ns, Reaching safepoint: 55300 ns, At safepoint: 4700 ns, Total: 60000 ns
[2024-06-05T06:38:23.927+0000][7][gc,start    ] GC(13) Pause Young (Normal) (G1 Evacuation Pause)
[2024-06-05T06:38:23.927+0000][7][gc,task     ] GC(13) Using 2 workers of 2 for evacuation
[2024-06-05T06:38:23.928+0000][7][gc,age      ] GC(13) Desired survivor size 20971520 bytes, new threshold 15 (max threshold 15)
[2024-06-05T06:38:23.948+0000][7][gc,age      ] GC(13) Age table with threshold 15 (max threshold 15)
[2024-06-05T06:38:23.948+0000][7][gc,age      ] GC(13) - age   1:    2939664 bytes,    2939664 total
[2024-06-05T06:38:23.949+0000][7][gc,age      ] GC(13) - age   2:    1036128 bytes,    3975792 total
[2024-06-05T06:38:23.949+0000][7][gc,age      ] GC(13) - age   3:    1601064 bytes,    5576856 total
[2024-06-05T06:38:23.949+0000][7][gc,age      ] GC(13) - age   4:     514320 bytes,    6091176 total
[2024-06-05T06:38:23.950+0000][7][gc,age      ] GC(13) - age   5:     143752 bytes,    6234928 total
[2024-06-05T06:38:23.950+0000][7][gc,age      ] GC(13) - age   6:    2494064 bytes,    8728992 total
[2024-06-05T06:38:23.951+0000][7][gc,age      ] GC(13) - age   7:    2741968 bytes,   11470960 total
[2024-06-05T06:38:23.952+0000][7][gc,phases   ] GC(13)   Pre Evacuate Collection Set: 0.0ms
[2024-06-05T06:38:23.952+0000][7][gc,phases   ] GC(13)   Merge Heap Roots: 0.1ms
[2024-06-05T06:38:23.953+0000][7][gc,phases   ] GC(13)   Evacuate Collection Set: 19.5ms
[2024-06-05T06:38:23.953+0000][7][gc,phases   ] GC(13)   Post Evacuate Collection Set: 0.4ms
[2024-06-05T06:38:23.953+0000][7][gc,phases   ] GC(13)   Other: 4.8ms
[2024-06-05T06:38:23.954+0000][7][gc,heap     ] GC(13) Eden regions: 73->0(73)
[2024-06-05T06:38:23.954+0000][7][gc,heap     ] GC(13) Survivor regions: 3->3(10)
[2024-06-05T06:38:23.955+0000][7][gc,heap     ] GC(13) Old regions: 3->3
[2024-06-05T06:38:23.955+0000][7][gc,heap     ] GC(13) Archive regions: 2->2
[2024-06-05T06:38:23.956+0000][7][gc,heap     ] GC(13) Humongous regions: 0->0
[2024-06-05T06:38:23.956+0000][7][gc,metaspace] GC(13) Metaspace: 21442K(21952K)->21442K(21952K) NonClass: 18806K(19136K)->18806K(19136K) Class: 2635K(2816K)->2635K(2816K)
[2024-06-05T06:38:23.956+0000][7][gc          ] GC(13) Pause Young (Normal) (G1 Evacuation Pause) 316M->25M(512M) 29.236ms
[2024-06-05T06:38:23.956+0000][7][gc,cpu      ] GC(13) User=0.02s Sys=0.00s Real=0.03s
[2024-06-05T06:38:23.957+0000][7][safepoint   ] Safepoint "G1CollectForAllocation", Time since last: 36480300 ns, Reaching safepoint: 18900 ns, At safepoint: 29643600 ns, Total: 29662500 ns
[2024-06-05T06:38:24.957+0000][7][safepoint   ] Safepoint "Cleanup", Time since last: 1000264200 ns, Reaching safepoint: 77300 ns, At safepoint: 3900 ns, Total: 81200 ns
[2024-06-05T06:38:25.958+0000][7][safepoint   ] Safepoint "Cleanup", Time since last: 1000595800 ns, Reaching safepoint: 184900 ns, At safepoint: 4400 ns, Total: 189300 ns
[2024-06-05T06:38:27.326+0000][7][safepoint   ] Safepoint "Cleanup", Time since last: 1367383400 ns, Reaching safepoint: 1116900 ns, At safepoint: 9500 ns, Total: 1126400 ns
[2024-06-05T06:38:28.333+0000][7][safepoint   ] Safepoint "Cleanup", Time since last: 1006480400 ns, Reaching safepoint: 116300 ns, At safepoint: 4200 ns, Total: 120500 ns
[2024-06-05T06:38:29.339+0000][7][safepoint   ] Safepoint "Cleanup", Time since last: 1005751200 ns, Reaching safepoint: 499700 ns, At safepoint: 4600 ns, Total: 504300 ns
[2024-06-05T06:38:30.344+0000][7][safepoint   ] Safepoint "Cleanup", Time since last: 1004633900 ns, Reaching safepoint: 125300 ns, At safepoint: 3200 ns, Total: 128500 ns
[2024-06-05T06:38:31.348+0000][7][safepoint   ] Safepoint "Cleanup", Time since last: 1001874500 ns, Reaching safepoint: 2047900 ns, At safepoint: 8300 ns, Total: 2056200 ns
[2024-06-05T06:38:32.069+0000][7][gc,start    ] GC(14) Pause Young (Normal) (G1 Evacuation Pause)
[2024-06-05T06:38:32.070+0000][7][gc,task     ] GC(14) Using 2 workers of 2 for evacuation
[2024-06-05T06:38:32.070+0000][7][gc,age      ] GC(14) Desired survivor size 20971520 bytes, new threshold 15 (max threshold 15)
[2024-06-05T06:38:32.288+0000][7][gc,age      ] GC(14) Age table with threshold 15 (max threshold 15)
[2024-06-05T06:38:32.288+0000][7][gc,age      ] GC(14) - age   1:   32697368 bytes,   32697368 total
[2024-06-05T06:38:32.288+0000][7][gc,age      ] GC(14) - age   2:     652320 bytes,   33349688 total
[2024-06-05T06:38:32.289+0000][7][gc,age      ] GC(14) - age   3:    1028424 bytes,   34378112 total
[2024-06-05T06:38:32.289+0000][7][gc,age      ] GC(14) - age   4:    1585048 bytes,   35963160 total
[2024-06-05T06:38:32.289+0000][7][gc,age      ] GC(14) - age   5:     509048 bytes,   36472208 total
[2024-06-05T06:38:32.290+0000][7][gc,age      ] GC(14) - age   6:     143656 bytes,   36615864 total
[2024-06-05T06:38:32.290+0000][7][gc,age      ] GC(14) - age   7:    2486824 bytes,   39102688 total
[2024-06-05T06:38:32.290+0000][7][gc,age      ] GC(14) - age   8:    2727624 bytes,   41830312 total
[2024-06-05T06:38:32.291+0000][7][gc,mmu      ] GC(14) MMU target violated: 201.0ms (200.0ms/201.0ms)
[2024-06-05T06:38:32.291+0000][7][gc,phases   ] GC(14)   Pre Evacuate Collection Set: 0.1ms
[2024-06-05T06:38:32.292+0000][7][gc,phases   ] GC(14)   Merge Heap Roots: 0.0ms
[2024-06-05T06:38:32.292+0000][7][gc,phases   ] GC(14)   Evacuate Collection Set: 215.2ms
[2024-06-05T06:38:32.293+0000][7][gc,phases   ] GC(14)   Post Evacuate Collection Set: 1.0ms
[2024-06-05T06:38:32.293+0000][7][gc,phases   ] GC(14)   Other: 5.5ms
[2024-06-05T06:38:32.294+0000][7][gc,heap     ] GC(14) Eden regions: 73->0(66)
[2024-06-05T06:38:32.294+0000][7][gc,heap     ] GC(14) Survivor regions: 3->10(10)
[2024-06-05T06:38:32.295+0000][7][gc,heap     ] GC(14) Old regions: 3->4
[2024-06-05T06:38:32.295+0000][7][gc,heap     ] GC(14) Archive regions: 2->2
[2024-06-05T06:38:32.295+0000][7][gc,heap     ] GC(14) Humongous regions: 0->0
[2024-06-05T06:38:32.295+0000][7][gc,metaspace] GC(14) Metaspace: 32024K(32960K)->32024K(32960K) NonClass: 27927K(28480K)->27927K(28480K) Class: 4097K(4480K)->4097K(4480K)
[2024-06-05T06:38:32.296+0000][7][gc          ] GC(14) Pause Young (Normal) (G1 Evacuation Pause) 317M->59M(512M) 226.695ms
[2024-06-05T06:38:32.296+0000][7][gc,cpu      ] GC(14) User=0.16s Sys=0.01s Real=0.23s
[2024-06-05T06:38:32.296+0000][7][safepoint   ] Safepoint "G1CollectForAllocation", Time since last: 721177700 ns, Reaching safepoint: 50300 ns, At safepoint: 227172800 ns, Total: 227223100 ns
[2024-06-05T06:38:32.979+0000][7][gc,start    ] GC(15) Pause Young (Concurrent Start) (Metadata GC Threshold)
[2024-06-05T06:38:32.980+0000][7][gc,task     ] GC(15) Using 2 workers of 2 for evacuation
[2024-06-05T06:38:32.983+0000][7][gc,age      ] GC(15) Desired survivor size 20971520 bytes, new threshold 1 (max threshold 15)
[2024-06-05T06:38:33.146+0000][7][gc,age      ] GC(15) Age table with threshold 1 (max threshold 15)
[2024-06-05T06:38:33.146+0000][7][gc,age      ] GC(15) - age   1:     943448 bytes,     943448 total
[2024-06-05T06:38:33.147+0000][7][gc,phases   ] GC(15)   Pre Evacuate Collection Set: 0.1ms
[2024-06-05T06:38:33.147+0000][7][gc,phases   ] GC(15)   Merge Heap Roots: 0.1ms
[2024-06-05T06:38:33.148+0000][7][gc,phases   ] GC(15)   Evacuate Collection Set: 160.4ms
[2024-06-05T06:38:33.148+0000][7][gc,phases   ] GC(15)   Post Evacuate Collection Set: 0.9ms
[2024-06-05T06:38:33.149+0000][7][gc,phases   ] GC(15)   Other: 6.1ms
[2024-06-05T06:38:33.149+0000][7][gc,heap     ] GC(15) Eden regions: 5->0(67)
[2024-06-05T06:38:33.149+0000][7][gc,heap     ] GC(15) Survivor regions: 10->1(10)
[2024-06-05T06:38:33.150+0000][7][gc,heap     ] GC(15) Old regions: 4->14
[2024-06-05T06:38:33.150+0000][7][gc,heap     ] GC(15) Archive regions: 2->2
[2024-06-05T06:38:33.150+0000][7][gc,heap     ] GC(15) Humongous regions: 0->0
[2024-06-05T06:38:33.150+0000][7][gc,metaspace] GC(15) Metaspace: 34627K(35520K)->34627K(35520K) NonClass: 30155K(30656K)->30155K(30656K) Class: 4471K(4864K)->4471K(4864K)
[2024-06-05T06:38:33.150+0000][7][gc          ] GC(15) Pause Young (Concurrent Start) (Metadata GC Threshold) 77M->63M(512M) 171.076ms
[2024-06-05T06:38:33.151+0000][7][gc,cpu      ] GC(15) User=0.11s Sys=0.00s Real=0.17s
[2024-06-05T06:38:33.151+0000][7][gc          ] GC(16) Concurrent Mark Cycle
[2024-06-05T06:38:33.151+0000][7][safepoint   ] Safepoint "CollectForMetadataAllocation", Time since last: 683133200 ns, Reaching safepoint: 38200 ns, At safepoint: 171618300 ns, Total: 171656500 ns
[2024-06-05T06:38:33.151+0000][7][gc,marking  ] GC(16) Concurrent Clear Claimed Marks
[2024-06-05T06:38:33.152+0000][7][gc,marking  ] GC(16) Concurrent Clear Claimed Marks 1.092ms
[2024-06-05T06:38:33.152+0000][7][gc,marking  ] GC(16) Concurrent Scan Root Regions
[2024-06-05T06:38:33.204+0000][7][gc,marking  ] GC(16) Concurrent Scan Root Regions 51.599ms
[2024-06-05T06:38:33.205+0000][7][gc,marking  ] GC(16) Concurrent Mark
[2024-06-05T06:38:33.205+0000][7][gc,marking  ] GC(16) Concurrent Mark From Roots
[2024-06-05T06:38:33.205+0000][7][gc,task     ] GC(16) Using 1 workers of 1 for marking
[2024-06-05T06:38:33.267+0000][7][gc,marking  ] GC(16) Concurrent Mark From Roots 61.861ms
[2024-06-05T06:38:33.267+0000][7][gc,marking  ] GC(16) Concurrent Preclean
[2024-06-05T06:38:33.268+0000][7][gc,marking  ] GC(16) Concurrent Preclean 0.352ms
[2024-06-05T06:38:33.268+0000][7][gc,start    ] GC(16) Pause Remark
[2024-06-05T06:38:33.293+0000][7][gc          ] GC(16) Pause Remark 65M->65M(512M) 24.850ms
[2024-06-05T06:38:33.293+0000][7][gc,cpu      ] GC(16) User=0.02s Sys=0.00s Real=0.02s
[2024-06-05T06:38:33.294+0000][7][safepoint   ] Safepoint "G1Concurrent", Time since last: 117089600 ns, Reaching safepoint: 21800 ns, At safepoint: 25777100 ns, Total: 25798900 ns
[2024-06-05T06:38:33.294+0000][7][gc,marking  ] GC(16) Concurrent Mark 89.622ms
[2024-06-05T06:38:33.294+0000][7][gc,marking  ] GC(16) Concurrent Rebuild Remembered Sets
[2024-06-05T06:38:33.467+0000][7][gc,marking  ] GC(16) Concurrent Rebuild Remembered Sets 172.273ms
[2024-06-05T06:38:33.469+0000][7][gc,start    ] GC(16) Pause Cleanup
[2024-06-05T06:38:33.470+0000][7][gc          ] GC(16) Pause Cleanup 67M->67M(512M) 0.449ms
[2024-06-05T06:38:33.470+0000][7][gc,cpu      ] GC(16) User=0.00s Sys=0.00s Real=0.00s
[2024-06-05T06:38:33.470+0000][7][safepoint   ] Safepoint "G1Concurrent", Time since last: 173303600 ns, Reaching safepoint: 2181800 ns, At safepoint: 1071300 ns, Total: 3253100 ns
[2024-06-05T06:38:33.471+0000][7][gc,marking  ] GC(16) Concurrent Cleanup for Next Mark
[2024-06-05T06:38:33.472+0000][7][gc,marking  ] GC(16) Concurrent Cleanup for Next Mark 0.711ms
[2024-06-05T06:38:33.472+0000][7][gc          ] GC(16) Concurrent Mark Cycle 321.234ms
[2024-06-05T06:38:34.471+0000][7][safepoint   ] Safepoint "Cleanup", Time since last: 1000555600 ns, Reaching safepoint: 85600 ns, At safepoint: 3400 ns, Total: 89000 ns
[2024-06-05T06:38:35.473+0000][7][safepoint   ] Safepoint "Cleanup", Time since last: 1001749100 ns, Reaching safepoint: 105700 ns, At safepoint: 4900 ns, Total: 110600 ns
[2024-06-05T06:38:36.479+0000][7][safepoint   ] Safepoint "Cleanup", Time since last: 1000927100 ns, Reaching safepoint: 5088200 ns, At safepoint: 9600 ns, Total: 5097800 ns
[2024-06-05T06:38:37.553+0000][7][safepoint   ] Safepoint "Cleanup", Time since last: 1074177900 ns, Reaching safepoint: 88400 ns, At safepoint: 3200 ns, Total: 91600 ns
[2024-06-05T06:38:38.571+0000][7][safepoint   ] Safepoint "Cleanup", Time since last: 1015932000 ns, Reaching safepoint: 2133800 ns, At safepoint: 8700 ns, Total: 2142500 ns
[2024-06-05T06:38:39.596+0000][7][safepoint   ] Safepoint "Cleanup", Time since last: 1019857800 ns, Reaching safepoint: 4594600 ns, At safepoint: 10900 ns, Total: 4605500 ns
[2024-06-05T06:38:40.599+0000][7][safepoint   ] Safepoint "Cleanup", Time since last: 1000591100 ns, Reaching safepoint: 2421700 ns, At safepoint: 9400 ns, Total: 2431100 ns
[2024-06-05T06:38:41.248+0000][7][gc,start    ] GC(17) Pause Young (Normal) (G1 Evacuation Pause)
[2024-06-05T06:38:41.248+0000][7][gc,task     ] GC(17) Using 2 workers of 2 for evacuation
[2024-06-05T06:38:41.249+0000][7][gc,age      ] GC(17) Desired survivor size 18874368 bytes, new threshold 15 (max threshold 15)
[2024-06-05T06:38:41.297+0000][7][gc,age      ] GC(17) Age table with threshold 15 (max threshold 15)
[2024-06-05T06:38:41.297+0000][7][gc,age      ] GC(17) - age   1:    6217096 bytes,    6217096 total
[2024-06-05T06:38:41.298+0000][7][gc,age      ] GC(17) - age   2:     898344 bytes,    7115440 total
[2024-06-05T06:38:41.298+0000][7][gc,phases   ] GC(17)   Pre Evacuate Collection Set: 0.1ms
[2024-06-05T06:38:41.298+0000][7][gc,phases   ] GC(17)   Merge Heap Roots: 0.1ms
[2024-06-05T06:38:41.299+0000][7][gc,phases   ] GC(17)   Evacuate Collection Set: 46.5ms
[2024-06-05T06:38:41.299+0000][7][gc,phases   ] GC(17)   Post Evacuate Collection Set: 1.1ms
[2024-06-05T06:38:41.299+0000][7][gc,phases   ] GC(17)   Other: 2.7ms
[2024-06-05T06:38:41.300+0000][7][gc,heap     ] GC(17) Eden regions: 67->0(67)
[2024-06-05T06:38:41.300+0000][7][gc,heap     ] GC(17) Survivor regions: 1->2(9)
[2024-06-05T06:38:41.300+0000][7][gc,heap     ] GC(17) Old regions: 14->14
[2024-06-05T06:38:41.301+0000][7][gc,heap     ] GC(17) Archive regions: 2->2
[2024-06-05T06:38:41.301+0000][7][gc,heap     ] GC(17) Humongous regions: 0->0
[2024-06-05T06:38:41.301+0000][7][gc,metaspace] GC(17) Metaspace: 51590K(52736K)->51590K(52736K) NonClass: 44734K(45440K)->44734K(45440K) Class: 6855K(7296K)->6855K(7296K)
[2024-06-05T06:38:41.302+0000][7][gc          ] GC(17) Pause Young (Normal) (G1 Evacuation Pause) 331M->67M(512M) 54.776ms
[2024-06-05T06:38:41.303+0000][7][gc,cpu      ] GC(17) User=0.02s Sys=0.00s Real=0.05s
[2024-06-05T06:38:41.304+0000][7][safepoint   ] Safepoint "G1CollectForAllocation", Time since last: 648821400 ns, Reaching safepoint: 41000 ns, At safepoint: 56115200 ns, Total: 56156200 ns
[2024-06-05T06:38:42.321+0000][7][safepoint   ] Safepoint "Cleanup", Time since last: 1013987300 ns, Reaching safepoint: 3179700 ns, At safepoint: 8100 ns, Total: 3187800 ns
[2024-06-05T06:38:43.324+0000][7][safepoint   ] Safepoint "Cleanup", Time since last: 1002277800 ns, Reaching safepoint: 727300 ns, At safepoint: 5500 ns, Total: 732800 ns
[2024-06-05T06:38:44.597+0000][7][safepoint   ] Safepoint "Cleanup", Time since last: 1271779900 ns, Reaching safepoint: 1634100 ns, At safepoint: 21500 ns, Total: 1655600 ns
[2024-06-05T06:38:44.925+0000][7][gc,start    ] GC(18) Pause Young (Concurrent Start) (Metadata GC Threshold)
[2024-06-05T06:38:44.928+0000][7][gc,task     ] GC(18) Using 2 workers of 2 for evacuation
[2024-06-05T06:38:44.929+0000][7][gc,age      ] GC(18) Desired survivor size 18874368 bytes, new threshold 15 (max threshold 15)
[2024-06-05T06:38:44.957+0000][7][gc,age      ] GC(18) Age table with threshold 15 (max threshold 15)
[2024-06-05T06:38:44.957+0000][7][gc,age      ] GC(18) - age   1:    4036016 bytes,    4036016 total
[2024-06-05T06:38:44.958+0000][7][gc,age      ] GC(18) - age   2:    6054640 bytes,   10090656 total
[2024-06-05T06:38:44.958+0000][7][gc,age      ] GC(18) - age   3:     897352 bytes,   10988008 total
[2024-06-05T06:38:44.959+0000][7][gc,phases   ] GC(18)   Pre Evacuate Collection Set: 0.2ms
[2024-06-05T06:38:44.959+0000][7][gc,phases   ] GC(18)   Merge Heap Roots: 0.0ms
[2024-06-05T06:38:44.960+0000][7][gc,phases   ] GC(18)   Evacuate Collection Set: 23.8ms
[2024-06-05T06:38:44.961+0000][7][gc,phases   ] GC(18)   Post Evacuate Collection Set: 1.4ms
[2024-06-05T06:38:44.961+0000][7][gc,phases   ] GC(18)   Other: 8.8ms
[2024-06-05T06:38:44.963+0000][7][gc,heap     ] GC(18) Eden regions: 29->0(68)
[2024-06-05T06:38:44.964+0000][7][gc,heap     ] GC(18) Survivor regions: 2->3(9)
[2024-06-05T06:38:44.964+0000][7][gc,heap     ] GC(18) Old regions: 14->14
[2024-06-05T06:38:44.964+0000][7][gc,heap     ] GC(18) Archive regions: 2->2
[2024-06-05T06:38:44.964+0000][7][gc,heap     ] GC(18) Humongous regions: 0->0
[2024-06-05T06:38:44.965+0000][7][gc,metaspace] GC(18) Metaspace: 58433K(59520K)->58433K(59520K) NonClass: 50643K(51264K)->50643K(51264K) Class: 7790K(8256K)->7790K(8256K)
[2024-06-05T06:38:44.965+0000][7][gc          ] GC(18) Pause Young (Concurrent Start) (Metadata GC Threshold) 183M->71M(512M) 40.341ms
[2024-06-05T06:38:44.965+0000][7][gc,cpu      ] GC(18) User=0.03s Sys=0.00s Real=0.04s
[2024-06-05T06:38:44.966+0000][7][gc          ] GC(19) Concurrent Mark Cycle
[2024-06-05T06:38:44.966+0000][7][gc,marking  ] GC(19) Concurrent Clear Claimed Marks
[2024-06-05T06:38:44.966+0000][7][gc,marking  ] GC(19) Concurrent Clear Claimed Marks 0.313ms
[2024-06-05T06:38:44.967+0000][7][gc,marking  ] GC(19) Concurrent Scan Root Regions
[2024-06-05T06:38:44.966+0000][7][safepoint   ] Safepoint "CollectForMetadataAllocation", Time since last: 327222600 ns, Reaching safepoint: 34200 ns, At safepoint: 41199500 ns, Total: 41233700 ns
[2024-06-05T06:38:44.981+0000][7][gc,marking  ] GC(19) Concurrent Scan Root Regions 14.857ms
[2024-06-05T06:38:44.982+0000][7][gc,marking  ] GC(19) Concurrent Mark
[2024-06-05T06:38:44.983+0000][7][gc,marking  ] GC(19) Concurrent Mark From Roots
[2024-06-05T06:38:44.983+0000][7][gc,task     ] GC(19) Using 1 workers of 1 for marking
[2024-06-05T06:38:45.122+0000][7][gc,marking  ] GC(19) Concurrent Mark From Roots 139.655ms
[2024-06-05T06:38:45.124+0000][7][gc,marking  ] GC(19) Concurrent Preclean
[2024-06-05T06:38:45.124+0000][7][gc,marking  ] GC(19) Concurrent Preclean 0.446ms
[2024-06-05T06:38:45.127+0000][7][gc,start    ] GC(19) Pause Remark
[2024-06-05T06:38:45.133+0000][7][gc          ] GC(19) Pause Remark 79M->79M(512M) 5.841ms
[2024-06-05T06:38:45.133+0000][7][gc,cpu      ] GC(19) User=0.01s Sys=0.00s Real=0.00s
[2024-06-05T06:38:45.134+0000][7][safepoint   ] Safepoint "G1Concurrent", Time since last: 159083700 ns, Reaching safepoint: 2176200 ns, At safepoint: 6672200 ns, Total: 8848400 ns
[2024-06-05T06:38:45.134+0000][7][gc,marking  ] GC(19) Concurrent Mark 151.816ms
[2024-06-05T06:38:45.134+0000][7][gc,marking  ] GC(19) Concurrent Rebuild Remembered Sets
[2024-06-05T06:38:45.293+0000][7][gc,marking  ] GC(19) Concurrent Rebuild Remembered Sets 158.176ms
[2024-06-05T06:38:45.293+0000][7][gc,start    ] GC(19) Pause Cleanup
[2024-06-05T06:38:45.294+0000][7][gc          ] GC(19) Pause Cleanup 89M->89M(512M) 0.446ms
[2024-06-05T06:38:45.294+0000][7][gc,cpu      ] GC(19) User=0.00s Sys=0.00s Real=0.01s
[2024-06-05T06:38:45.294+0000][7][safepoint   ] Safepoint "G1Concurrent", Time since last: 159320900 ns, Reaching safepoint: 96600 ns, At safepoint: 1044700 ns, Total: 1141300 ns
[2024-06-05T06:38:45.297+0000][7][gc,marking  ] GC(19) Concurrent Cleanup for Next Mark
[2024-06-05T06:38:45.310+0000][7][gc,marking  ] GC(19) Concurrent Cleanup for Next Mark 12.396ms
[2024-06-05T06:38:45.310+0000][7][gc          ] GC(19) Concurrent Mark Cycle 344.568ms
[2024-06-05T06:38:46.298+0000][7][safepoint   ] Safepoint "Cleanup", Time since last: 1003259800 ns, Reaching safepoint: 288300 ns, At safepoint: 6800 ns, Total: 295100 ns
[2024-06-05T06:38:47.316+0000][7][safepoint   ] Safepoint "Cleanup", Time since last: 1017753600 ns, Reaching safepoint: 181500 ns, At safepoint: 3700 ns, Total: 185200 ns
[2024-06-05T06:38:48.329+0000][7][safepoint   ] Safepoint "Cleanup", Time since last: 1007994700 ns, Reaching safepoint: 5197800 ns, At safepoint: 11400 ns, Total: 5209200 ns
[2024-06-05T06:38:49.713+0000][7][safepoint   ] Safepoint "Cleanup", Time since last: 1383789100 ns, Reaching safepoint: 167700 ns, At safepoint: 16600 ns, Total: 184300 ns
[2024-06-05T06:38:51.070+0000][7][safepoint   ] Safepoint "Cleanup", Time since last: 1356982200 ns, Reaching safepoint: 89700 ns, At safepoint: 2100 ns, Total: 91800 ns
[2024-06-05T06:38:52.051+0000][7][safepoint   ] Safepoint "ICBufferFull", Time since last: 979997100 ns, Reaching safepoint: 111000 ns, At safepoint: 2200 ns, Total: 113200 ns
[2024-06-05T06:38:53.256+0000][7][safepoint   ] Safepoint "Cleanup", Time since last: 1205793000 ns, Reaching safepoint: 44500 ns, At safepoint: 4200 ns, Total: 48700 ns
[2024-06-05T06:38:54.257+0000][7][safepoint   ] Safepoint "Cleanup", Time since last: 1000659500 ns, Reaching safepoint: 56500 ns, At safepoint: 3100 ns, Total: 59600 ns
[2024-06-05T06:38:54.843+0000][7][gc,start    ] GC(20) Pause Young (Normal) (G1 Evacuation Pause)
[2024-06-05T06:38:54.843+0000][7][gc,task     ] GC(20) Using 2 workers of 2 for evacuation
[2024-06-05T06:38:54.844+0000][7][gc,age      ] GC(20) Desired survivor size 18874368 bytes, new threshold 15 (max threshold 15)
[2024-06-05T06:38:54.933+0000][7][gc,age      ] GC(20) Age table with threshold 15 (max threshold 15)
[2024-06-05T06:38:54.933+0000][7][gc,age      ] GC(20) - age   1:   12484992 bytes,   12484992 total
[2024-06-05T06:38:54.934+0000][7][gc,age      ] GC(20) - age   2:    3925000 bytes,   16409992 total
[2024-06-05T06:38:54.934+0000][7][gc,age      ] GC(20) - age   3:    5907736 bytes,   22317728 total
[2024-06-05T06:38:54.934+0000][7][gc,age      ] GC(20) - age   4:     893224 bytes,   23210952 total
[2024-06-05T06:38:54.934+0000][7][gc,phases   ] GC(20)   Pre Evacuate Collection Set: 0.0ms
[2024-06-05T06:38:54.935+0000][7][gc,phases   ] GC(20)   Merge Heap Roots: 0.4ms
[2024-06-05T06:38:54.935+0000][7][gc,phases   ] GC(20)   Evacuate Collection Set: 86.7ms
[2024-06-05T06:38:54.935+0000][7][gc,phases   ] GC(20)   Post Evacuate Collection Set: 1.7ms
[2024-06-05T06:38:54.936+0000][7][gc,phases   ] GC(20)   Other: 2.6ms
[2024-06-05T06:38:54.936+0000][7][gc,heap     ] GC(20) Eden regions: 68->0(65)
[2024-06-05T06:38:54.936+0000][7][gc,heap     ] GC(20) Survivor regions: 3->6(9)
[2024-06-05T06:38:54.936+0000][7][gc,heap     ] GC(20) Old regions: 14->14
[2024-06-05T06:38:54.937+0000][7][gc,heap     ] GC(20) Archive regions: 2->2
[2024-06-05T06:38:54.937+0000][7][gc,heap     ] GC(20) Humongous regions: 0->0
[2024-06-05T06:38:54.937+0000][7][gc,metaspace] GC(20) Metaspace: 87068K(88384K)->87068K(88384K) NonClass: 75215K(75968K)->75215K(75968K) Class: 11853K(12416K)->11853K(12416K)
[2024-06-05T06:38:54.937+0000][7][gc          ] GC(20) Pause Young (Normal) (G1 Evacuation Pause) 343M->83M(512M) 94.213ms
[2024-06-05T06:38:54.937+0000][7][gc,cpu      ] GC(20) User=0.05s Sys=0.00s Real=0.10s
[2024-06-05T06:38:54.938+0000][7][safepoint   ] Safepoint "G1CollectForAllocation", Time since last: 585711600 ns, Reaching safepoint: 121400 ns, At safepoint: 94989100 ns, Total: 95110500 ns
[2024-06-05T06:38:55.939+0000][7][safepoint   ] Safepoint "Cleanup", Time since last: 1001458000 ns, Reaching safepoint: 60100 ns, At safepoint: 2900 ns, Total: 63000 ns
[2024-06-05T06:38:56.943+0000][7][safepoint   ] Safepoint "Cleanup", Time since last: 1003206000 ns, Reaching safepoint: 33800 ns, At safepoint: 3200 ns, Total: 37000 ns
[2024-06-05T06:38:57.950+0000][7][safepoint   ] Safepoint "Cleanup", Time since last: 1007120100 ns, Reaching safepoint: 33600 ns, At safepoint: 3300 ns, Total: 36900 ns
[2024-06-05T06:38:59.149+0000][7][safepoint   ] Safepoint "Cleanup", Time since last: 1199206400 ns, Reaching safepoint: 194400 ns, At safepoint: 12000 ns, Total: 206400 ns
[2024-06-05T06:39:00.649+0000][7][safepoint   ] Safepoint "Cleanup", Time since last: 1499205500 ns, Reaching safepoint: 120300 ns, At safepoint: 20900 ns, Total: 141200 ns
[2024-06-05T06:39:01.736+0000][7][safepoint   ] Safepoint "Cleanup", Time since last: 1082586500 ns, Reaching safepoint: 5031400 ns, At safepoint: 17600 ns, Total: 5049000 ns
[2024-06-05T06:39:02.737+0000][7][safepoint   ] Safepoint "Cleanup", Time since last: 1000791000 ns, Reaching safepoint: 132700 ns, At safepoint: 5900 ns, Total: 138600 ns
[2024-06-05T06:39:03.886+0000][7][safepoint   ] Safepoint "Cleanup", Time since last: 1148708400 ns, Reaching safepoint: 99900 ns, At safepoint: 3500 ns, Total: 103400 ns
[2024-06-05T06:39:04.887+0000][7][safepoint   ] Safepoint "Cleanup", Time since last: 1000694000 ns, Reaching safepoint: 132000 ns, At safepoint: 29600 ns, Total: 161600 ns
[2024-06-05T06:39:05.888+0000][7][safepoint   ] Safepoint "Cleanup", Time since last: 1000856600 ns, Reaching safepoint: 123200 ns, At safepoint: 5400 ns, Total: 128600 ns
[2024-06-05T06:39:06.889+0000][7][safepoint   ] Safepoint "Cleanup", Time since last: 1000804500 ns, Reaching safepoint: 201800 ns, At safepoint: 6700 ns, Total: 208500 ns
[2024-06-05T06:39:07.890+0000][7][safepoint   ] Safepoint "Cleanup", Time since last: 1000724100 ns, Reaching safepoint: 132100 ns, At safepoint: 18800 ns, Total: 150900 ns
[2024-06-05T06:39:08.890+0000][7][safepoint   ] Safepoint "Cleanup", Time since last: 1000642300 ns, Reaching safepoint: 109100 ns, At safepoint: 4000 ns, Total: 113100 ns
[2024-06-05T06:39:09.891+0000][7][safepoint   ] Safepoint "Cleanup", Time since last: 1000711100 ns, Reaching safepoint: 123100 ns, At safepoint: 4400 ns, Total: 127500 ns
[2024-06-05T06:39:10.892+0000][7][safepoint   ] Safepoint "Cleanup", Time since last: 1000573600 ns, Reaching safepoint: 85100 ns, At safepoint: 5800 ns, Total: 90900 ns
[2024-06-05T06:39:11.893+0000][7][safepoint   ] Safepoint "Cleanup", Time since last: 1000733400 ns, Reaching safepoint: 53000 ns, At safepoint: 2800 ns, Total: 55800 ns
[2024-06-05T06:39:12.893+0000][7][safepoint   ] Safepoint "Cleanup", Time since last: 1000531300 ns, Reaching safepoint: 78700 ns, At safepoint: 7000 ns, Total: 85700 ns
[2024-06-05T06:39:13.898+0000][7][safepoint   ] Safepoint "Cleanup", Time since last: 1004592200 ns, Reaching safepoint: 111400 ns, At safepoint: 29700 ns, Total: 141100 ns
[2024-06-05T06:39:14.899+0000][7][safepoint   ] Safepoint "Cleanup", Time since last: 1000606500 ns, Reaching safepoint: 92800 ns, At safepoint: 3400 ns, Total: 96200 ns
[2024-06-05T06:39:15.901+0000][7][safepoint   ] Safepoint "Cleanup", Time since last: 1002056800 ns, Reaching safepoint: 119500 ns, At safepoint: 3700 ns, Total: 123200 ns
[2024-06-05T06:39:16.902+0000][7][safepoint   ] Safepoint "Cleanup", Time since last: 1000460100 ns, Reaching safepoint: 109700 ns, At safepoint: 3900 ns, Total: 113600 ns
[2024-06-05T06:39:17.922+0000][7][safepoint   ] Safepoint "Cleanup", Time since last: 1020022900 ns, Reaching safepoint: 89500 ns, At safepoint: 7100 ns, Total: 96600 ns
[2024-06-05T06:39:18.923+0000][7][safepoint   ] Safepoint "Cleanup", Time since last: 1001315200 ns, Reaching safepoint: 100000 ns, At safepoint: 35500 ns, Total: 135500 ns
[2024-06-05T06:39:19.924+0000][7][safepoint   ] Safepoint "Cleanup", Time since last: 1000718800 ns, Reaching safepoint: 191200 ns, At safepoint: 7500 ns, Total: 198700 ns
[2024-06-05T06:39:20.925+0000][7][safepoint   ] Safepoint "Cleanup", Time since last: 1000987600 ns, Reaching safepoint: 115100 ns, At safepoint: 7800 ns, Total: 122900 ns
[2024-06-05T06:39:21.907+0000][7][gc,start    ] GC(21) Pause Young (Normal) (G1 Evacuation Pause)
[2024-06-05T06:39:21.908+0000][7][gc,task     ] GC(21) Using 2 workers of 2 for evacuation
[2024-06-05T06:39:21.909+0000][7][gc,age      ] GC(21) Desired survivor size 18874368 bytes, new threshold 3 (max threshold 15)
[2024-06-05T06:39:22.274+0000][7][gc,age      ] GC(21) Age table with threshold 3 (max threshold 15)
[2024-06-05T06:39:22.277+0000][7][gc,age      ] GC(21) - age   1:   24502352 bytes,   24502352 total
[2024-06-05T06:39:22.278+0000][7][gc,age      ] GC(21) - age   2:    9835440 bytes,   34337792 total
[2024-06-05T06:39:22.278+0000][7][gc,age      ] GC(21) - age   3:    3402784 bytes,   37740576 total
[2024-06-05T06:39:22.280+0000][7][gc,mmu      ] GC(21) MMU target violated: 201.0ms (200.0ms/201.0ms)
[2024-06-05T06:39:22.283+0000][7][gc,phases   ] GC(21)   Pre Evacuate Collection Set: 0.1ms
[2024-06-05T06:39:22.284+0000][7][gc,phases   ] GC(21)   Merge Heap Roots: 0.1ms
[2024-06-05T06:39:22.288+0000][7][gc,phases   ] GC(21)   Evacuate Collection Set: 361.4ms
[2024-06-05T06:39:22.289+0000][7][gc,phases   ] GC(21)   Post Evacuate Collection Set: 2.5ms
[2024-06-05T06:39:22.290+0000][7][gc,phases   ] GC(21)   Other: 11.7ms
[2024-06-05T06:39:22.292+0000][7][gc,heap     ] GC(21) Eden regions: 65->0(1)
[2024-06-05T06:39:22.293+0000][7][gc,heap     ] GC(21) Survivor regions: 6->9(9)
[2024-06-05T06:39:22.293+0000][7][gc,heap     ] GC(21) Old regions: 14->19
[2024-06-05T06:39:22.294+0000][7][gc,heap     ] GC(21) Archive regions: 2->2
[2024-06-05T06:39:22.296+0000][7][gc,heap     ] GC(21) Humongous regions: 2->2
[2024-06-05T06:39:22.296+0000][7][gc,metaspace] GC(21) Metaspace: 96724K(98240K)->96724K(98240K) NonClass: 83516K(84416K)->83516K(84416K) Class: 13208K(13824K)->13208K(13824K)
[2024-06-05T06:39:22.297+0000][7][gc          ] GC(21) Pause Young (Normal) (G1 Evacuation Pause) 351M->121M(512M) 389.702ms
[2024-06-05T06:39:22.297+0000][7][gc,cpu      ] GC(21) User=0.17s Sys=0.03s Real=0.39s
[2024-06-05T06:39:22.298+0000][7][safepoint   ] Safepoint "G1CollectForAllocation", Time since last: 982232500 ns, Reaching safepoint: 79000 ns, At safepoint: 391017400 ns, Total: 391096400 ns
[2024-06-05T06:39:22.317+0000][7][gc,start    ] GC(22) Pause Young (Normal) (G1 Evacuation Pause)
[2024-06-05T06:39:22.318+0000][7][gc,task     ] GC(22) Using 2 workers of 2 for evacuation
[2024-06-05T06:39:22.319+0000][7][gc,age      ] GC(22) Desired survivor size 4194304 bytes, new threshold 1 (max threshold 15)
[2024-06-05T06:39:22.613+0000][7][gc,age      ] GC(22) Age table with threshold 1 (max threshold 15)
[2024-06-05T06:39:22.613+0000][7][gc,age      ] GC(22) - age   1:     117088 bytes,     117088 total
[2024-06-05T06:39:22.613+0000][7][gc,mmu      ] GC(22) MMU target violated: 201.0ms (200.0ms/201.0ms)
[2024-06-05T06:39:22.614+0000][7][gc,phases   ] GC(22)   Pre Evacuate Collection Set: 0.0ms
[2024-06-05T06:39:22.614+0000][7][gc,phases   ] GC(22)   Merge Heap Roots: 0.3ms
[2024-06-05T06:39:22.615+0000][7][gc,phases   ] GC(22)   Evacuate Collection Set: 287.9ms
[2024-06-05T06:39:22.615+0000][7][gc,phases   ] GC(22)   Post Evacuate Collection Set: 1.3ms
[2024-06-05T06:39:22.615+0000][7][gc,phases   ] GC(22)   Other: 7.2ms
[2024-06-05T06:39:22.615+0000][7][gc,heap     ] GC(22) Eden regions: 1->0(51)
[2024-06-05T06:39:22.616+0000][7][gc,heap     ] GC(22) Survivor regions: 9->1(2)
[2024-06-05T06:39:22.616+0000][7][gc,heap     ] GC(22) Old regions: 19->28
[2024-06-05T06:39:22.616+0000][7][gc,heap     ] GC(22) Archive regions: 2->2
[2024-06-05T06:39:22.616+0000][7][gc,heap     ] GC(22) Humongous regions: 2->2
[2024-06-05T06:39:22.617+0000][7][gc,metaspace] GC(22) Metaspace: 96733K(98240K)->96733K(98240K) NonClass: 83525K(84416K)->83525K(84416K) Class: 13208K(13824K)->13208K(13824K)
[2024-06-05T06:39:22.617+0000][7][gc          ] GC(22) Pause Young (Normal) (G1 Evacuation Pause) 125M->126M(512M) 299.776ms
[2024-06-05T06:39:22.617+0000][7][gc,cpu      ] GC(22) User=0.12s Sys=0.06s Real=0.30s
[2024-06-05T06:39:22.618+0000][7][safepoint   ] Safepoint "G1CollectForAllocation", Time since last: 19187900 ns, Reaching safepoint: 89800 ns, At safepoint: 300489200 ns, Total: 300579000 ns
[2024-06-05T06:39:23.620+0000][7][safepoint   ] Safepoint "Cleanup", Time since last: 1002792900 ns, Reaching safepoint: 80600 ns, At safepoint: 3700 ns, Total: 84300 ns
[2024-06-05T06:39:24.621+0000][7][safepoint   ] Safepoint "Cleanup", Time since last: 1000625100 ns, Reaching safepoint: 81300 ns, At safepoint: 3500 ns, Total: 84800 ns
[2024-06-05T06:39:25.622+0000][7][safepoint   ] Safepoint "Cleanup", Time since last: 1000685300 ns, Reaching safepoint: 156200 ns, At safepoint: 31000 ns, Total: 187200 ns
[2024-06-05T06:39:26.624+0000][7][safepoint   ] Safepoint "Cleanup", Time since last: 1001428600 ns, Reaching safepoint: 219600 ns, At safepoint: 27700 ns, Total: 247300 ns
[2024-06-05T06:39:28.142+0000][7][safepoint   ] Safepoint "Cleanup", Time since last: 1518393900 ns, Reaching safepoint: 72900 ns, At safepoint: 3400 ns, Total: 76300 ns
[2024-06-05T06:39:28.208+0000][7][gc,start    ] GC(23) Pause Young (Concurrent Start) (Metadata GC Threshold)
[2024-06-05T06:39:28.209+0000][7][gc,task     ] GC(23) Using 2 workers of 2 for evacuation
[2024-06-05T06:39:28.209+0000][7][gc,age      ] GC(23) Desired survivor size 14680064 bytes, new threshold 15 (max threshold 15)
[2024-06-05T06:39:28.221+0000][7][gc,age      ] GC(23) Age table with threshold 15 (max threshold 15)
[2024-06-05T06:39:28.222+0000][7][gc,age      ] GC(23) - age   1:    2254320 bytes,    2254320 total
[2024-06-05T06:39:28.222+0000][7][gc,age      ] GC(23) - age   2:       3136 bytes,    2257456 total
[2024-06-05T06:39:28.224+0000][7][gc,phases   ] GC(23)   Pre Evacuate Collection Set: 0.2ms
[2024-06-05T06:39:28.224+0000][7][gc,phases   ] GC(23)   Merge Heap Roots: 0.0ms
[2024-06-05T06:39:28.224+0000][7][gc,phases   ] GC(23)   Evacuate Collection Set: 11.1ms
[2024-06-05T06:39:28.224+0000][7][gc,phases   ] GC(23)   Post Evacuate Collection Set: 0.7ms
[2024-06-05T06:39:28.225+0000][7][gc,phases   ] GC(23)   Other: 3.7ms
[2024-06-05T06:39:28.225+0000][7][gc,heap     ] GC(23) Eden regions: 13->0(53)
[2024-06-05T06:39:28.225+0000][7][gc,heap     ] GC(23) Survivor regions: 1->1(7)
[2024-06-05T06:39:28.226+0000][7][gc,heap     ] GC(23) Old regions: 28->28
[2024-06-05T06:39:28.226+0000][7][gc,heap     ] GC(23) Archive regions: 2->2
[2024-06-05T06:39:28.226+0000][7][gc,heap     ] GC(23) Humongous regions: 2->2
[2024-06-05T06:39:28.226+0000][7][gc,metaspace] GC(23) Metaspace: 98277K(99776K)->98277K(99776K) NonClass: 84890K(85760K)->84890K(85760K) Class: 13387K(14016K)->13387K(14016K)
[2024-06-05T06:39:28.227+0000][7][gc          ] GC(23) Pause Young (Concurrent Start) (Metadata GC Threshold) 176M->125M(512M) 18.583ms
[2024-06-05T06:39:28.227+0000][7][gc,cpu      ] GC(23) User=0.03s Sys=0.00s Real=0.02s
[2024-06-05T06:39:28.227+0000][7][gc          ] GC(24) Concurrent Mark Cycle
[2024-06-05T06:39:28.228+0000][7][gc,marking  ] GC(24) Concurrent Clear Claimed Marks
[2024-06-05T06:39:28.228+0000][7][gc,marking  ] GC(24) Concurrent Clear Claimed Marks 0.320ms
[2024-06-05T06:39:28.228+0000][7][gc,marking  ] GC(24) Concurrent Scan Root Regions
[2024-06-05T06:39:28.227+0000][7][safepoint   ] Safepoint "CollectForMetadataAllocation", Time since last: 65805600 ns, Reaching safepoint: 58200 ns, At safepoint: 19405100 ns, Total: 19463300 ns
[2024-06-05T06:39:28.231+0000][7][gc,marking  ] GC(24) Concurrent Scan Root Regions 3.165ms
[2024-06-05T06:39:28.232+0000][7][gc,marking  ] GC(24) Concurrent Mark
[2024-06-05T06:39:28.232+0000][7][gc,marking  ] GC(24) Concurrent Mark From Roots
[2024-06-05T06:39:28.232+0000][7][gc,task     ] GC(24) Using 1 workers of 1 for marking
[2024-06-05T06:39:28.447+0000][7][gc,marking  ] GC(24) Concurrent Mark From Roots 214.329ms
[2024-06-05T06:39:28.447+0000][7][gc,marking  ] GC(24) Concurrent Preclean
[2024-06-05T06:39:28.448+0000][7][gc,marking  ] GC(24) Concurrent Preclean 0.509ms
[2024-06-05T06:39:28.448+0000][7][gc,start    ] GC(24) Pause Remark
[2024-06-05T06:39:28.469+0000][7][gc          ] GC(24) Pause Remark 131M->131M(512M) 21.368ms
[2024-06-05T06:39:28.470+0000][7][gc,cpu      ] GC(24) User=0.01s Sys=0.00s Real=0.02s
[2024-06-05T06:39:28.471+0000][7][safepoint   ] Safepoint "G1Concurrent", Time since last: 220472600 ns, Reaching safepoint: 60000 ns, At safepoint: 22719400 ns, Total: 22779400 ns
[2024-06-05T06:39:28.471+0000][7][gc,marking  ] GC(24) Concurrent Mark 239.287ms
[2024-06-05T06:39:28.472+0000][7][gc,marking  ] GC(24) Concurrent Rebuild Remembered Sets
[2024-06-05T06:39:28.615+0000][7][gc,marking  ] GC(24) Concurrent Rebuild Remembered Sets 142.852ms
[2024-06-05T06:39:28.615+0000][7][gc,start    ] GC(24) Pause Cleanup
[2024-06-05T06:39:28.616+0000][7][gc          ] GC(24) Pause Cleanup 132M->132M(512M) 0.637ms
[2024-06-05T06:39:28.617+0000][7][gc,cpu      ] GC(24) User=0.00s Sys=0.00s Real=0.00s
[2024-06-05T06:39:28.617+0000][7][safepoint   ] Safepoint "G1Concurrent", Time since last: 144513700 ns, Reaching safepoint: 63500 ns, At safepoint: 2076500 ns, Total: 2140000 ns
[2024-06-05T06:39:28.621+0000][7][gc,marking  ] GC(24) Concurrent Cleanup for Next Mark
[2024-06-05T06:39:28.623+0000][7][gc,marking  ] GC(24) Concurrent Cleanup for Next Mark 1.694ms
[2024-06-05T06:39:28.623+0000][7][gc          ] GC(24) Concurrent Mark Cycle 396.069ms
[2024-06-05T06:39:29.621+0000][7][safepoint   ] Safepoint "Cleanup", Time since last: 1003821100 ns, Reaching safepoint: 106200 ns, At safepoint: 3800 ns, Total: 110000 ns
[2024-06-05T06:39:30.626+0000][7][safepoint   ] Safepoint "Cleanup", Time since last: 1000708200 ns, Reaching safepoint: 3407400 ns, At safepoint: 49700 ns, Total: 3457100 ns
[2024-06-05T06:39:31.629+0000][7][safepoint   ] Safepoint "Cleanup", Time since last: 1003577800 ns, Reaching safepoint: 131200 ns, At safepoint: 5100 ns, Total: 136300 ns
[2024-06-05T06:39:32.630+0000][7][safepoint   ] Safepoint "Cleanup", Time since last: 1000849100 ns, Reaching safepoint: 47400 ns, At safepoint: 4700 ns, Total: 52100 ns
[2024-06-05T06:39:33.631+0000][7][safepoint   ] Safepoint "Cleanup", Time since last: 1000474400 ns, Reaching safepoint: 82500 ns, At safepoint: 8300 ns, Total: 90800 ns
[2024-06-05T06:39:34.631+0000][7][safepoint   ] Safepoint "Cleanup", Time since last: 1000661900 ns, Reaching safepoint: 76000 ns, At safepoint: 7900 ns, Total: 83900 ns
[2024-06-05T06:39:35.963+0000][7][safepoint   ] Safepoint "Cleanup", Time since last: 1331284800 ns, Reaching safepoint: 86400 ns, At safepoint: 3400 ns, Total: 89800 ns
[2024-06-05T06:39:36.963+0000][7][safepoint   ] Safepoint "Cleanup", Time since last: 1000493500 ns, Reaching safepoint: 107900 ns, At safepoint: 4200 ns, Total: 112100 ns
[2024-06-05T06:39:37.967+0000][7][safepoint   ] Safepoint "Cleanup", Time since last: 1003973700 ns, Reaching safepoint: 110700 ns, At safepoint: 4600 ns, Total: 115300 ns
[2024-06-05T06:39:38.977+0000][7][safepoint   ] Safepoint "Cleanup", Time since last: 1009695400 ns, Reaching safepoint: 84300 ns, At safepoint: 3800 ns, Total: 88100 ns
[2024-06-05T06:39:39.980+0000][7][safepoint   ] Safepoint "Cleanup", Time since last: 1002668000 ns, Reaching safepoint: 58200 ns, At safepoint: 3000 ns, Total: 61200 ns
[2024-06-05T06:39:41.716+0000][7][safepoint   ] Safepoint "Cleanup", Time since last: 1736290700 ns, Reaching safepoint: 86300 ns, At safepoint: 3300 ns, Total: 89600 ns
[2024-06-05T06:39:42.743+0000][7][safepoint   ] Safepoint "Cleanup", Time since last: 1017519100 ns, Reaching safepoint: 8952700 ns, At safepoint: 13800 ns, Total: 8966500 ns
[2024-06-05T06:39:43.291+0000][7][safepoint   ] Safepoint "ICBufferFull", Time since last: 547817300 ns, Reaching safepoint: 365200 ns, At safepoint: 13500 ns, Total: 378700 ns
[2024-06-05T06:39:44.512+0000][7][safepoint   ] Safepoint "Cleanup", Time since last: 1221238300 ns, Reaching safepoint: 134000 ns, At safepoint: 3400 ns, Total: 137400 ns
[2024-06-05T06:39:45.570+0000][7][safepoint   ] Safepoint "Cleanup", Time since last: 1057190900 ns, Reaching safepoint: 49400 ns, At safepoint: 7700 ns, Total: 57100 ns
[2024-06-05T06:39:46.648+0000][7][safepoint   ] Safepoint "Cleanup", Time since last: 1077909600 ns, Reaching safepoint: 169200 ns, At safepoint: 3600 ns, Total: 172800 ns
[2024-06-05T06:39:47.655+0000][7][safepoint   ] Safepoint "Cleanup", Time since last: 1007571000 ns, Reaching safepoint: 151300 ns, At safepoint: 4800 ns, Total: 156100 ns
[2024-06-05T06:39:48.669+0000][7][safepoint   ] Safepoint "Cleanup", Time since last: 1004709700 ns, Reaching safepoint: 8989800 ns, At safepoint: 16800 ns, Total: 9006600 ns
[2024-06-05T06:39:49.670+0000][7][safepoint   ] Safepoint "Cleanup", Time since last: 1000540400 ns, Reaching safepoint: 95200 ns, At safepoint: 4000 ns, Total: 99200 ns
[2024-06-05T06:39:50.689+0000][7][safepoint   ] Safepoint "Cleanup", Time since last: 1019058700 ns, Reaching safepoint: 127900 ns, At safepoint: 33500 ns, Total: 161400 ns
[2024-06-05T06:39:51.722+0000][7][safepoint   ] Safepoint "Cleanup", Time since last: 1003233500 ns, Reaching safepoint: 48700 ns, At safepoint: 3300 ns, Total: 52000 ns
[2024-06-05T06:39:52.739+0000][7][safepoint   ] Safepoint "Cleanup", Time since last: 1017283200 ns, Reaching safepoint: 101300 ns, At safepoint: 7000 ns, Total: 108300 ns
[2024-06-05T06:39:53.741+0000][7][safepoint   ] Safepoint "Cleanup", Time since last: 1000959200 ns, Reaching safepoint: 160600 ns, At safepoint: 27800 ns, Total: 188400 ns
[2024-06-05T06:39:54.154+0000][7][gc,start    ] GC(25) Pause Young (Normal) (G1 Evacuation Pause)
[2024-06-05T06:39:54.156+0000][7][gc,task     ] GC(25) Using 2 workers of 2 for evacuation
[2024-06-05T06:39:54.158+0000][7][gc,age      ] GC(25) Desired survivor size 14680064 bytes, new threshold 15 (max threshold 15)
[2024-06-05T06:39:54.182+0000][7][gc,age      ] GC(25) Age table with threshold 15 (max threshold 15)
[2024-06-05T06:39:54.183+0000][7][gc,age      ] GC(25) - age   1:    8246512 bytes,    8246512 total
[2024-06-05T06:39:54.184+0000][7][gc,age      ] GC(25) - age   2:    2021984 bytes,   10268496 total
[2024-06-05T06:39:54.184+0000][7][gc,age      ] GC(25) - age   3:       2944 bytes,   10271440 total
[2024-06-05T06:39:54.188+0000][7][gc,phases   ] GC(25)   Pre Evacuate Collection Set: 0.6ms
[2024-06-05T06:39:54.188+0000][7][gc,phases   ] GC(25)   Merge Heap Roots: 0.2ms
[2024-06-05T06:39:54.189+0000][7][gc,phases   ] GC(25)   Evacuate Collection Set: 11.0ms
[2024-06-05T06:39:54.189+0000][7][gc,phases   ] GC(25)   Post Evacuate Collection Set: 10.5ms
[2024-06-05T06:39:54.190+0000][7][gc,phases   ] GC(25)   Other: 19.8ms
[2024-06-05T06:39:54.190+0000][7][gc,heap     ] GC(25) Eden regions: 53->0(51)
[2024-06-05T06:39:54.191+0000][7][gc,heap     ] GC(25) Survivor regions: 1->3(7)
[2024-06-05T06:39:54.191+0000][7][gc,heap     ] GC(25) Old regions: 28->28
[2024-06-05T06:39:54.191+0000][7][gc,heap     ] GC(25) Archive regions: 2->2
[2024-06-05T06:39:54.192+0000][7][gc,heap     ] GC(25) Humongous regions: 2->2
[2024-06-05T06:39:54.193+0000][7][gc,metaspace] GC(25) Metaspace: 104441K(105984K)->104441K(105984K) NonClass: 90172K(91072K)->90172K(91072K) Class: 14268K(14912K)->14268K(14912K)
[2024-06-05T06:39:54.194+0000][7][gc          ] GC(25) Pause Young (Normal) (G1 Evacuation Pause) 337M->132M(512M) 39.166ms
[2024-06-05T06:39:54.194+0000][7][gc,cpu      ] GC(25) User=0.02s Sys=0.01s Real=0.04s
[2024-06-05T06:39:54.203+0000][7][safepoint   ] Safepoint "G1CollectForAllocation", Time since last: 400621000 ns, Reaching safepoint: 52500 ns, At safepoint: 61514800 ns, Total: 61567300 ns
[2024-06-05T06:39:55.209+0000][7][safepoint   ] Safepoint "Cleanup", Time since last: 1005786200 ns, Reaching safepoint: 130500 ns, At safepoint: 7400 ns, Total: 137900 ns
[2024-06-05T06:39:56.210+0000][7][safepoint   ] Safepoint "Cleanup", Time since last: 1000987200 ns, Reaching safepoint: 79000 ns, At safepoint: 3200 ns, Total: 82200 ns
[2024-06-05T06:39:57.211+0000][7][safepoint   ] Safepoint "Cleanup", Time since last: 1000691800 ns, Reaching safepoint: 296000 ns, At safepoint: 28700 ns, Total: 324700 ns
[2024-06-05T06:39:58.212+0000][7][safepoint   ] Safepoint "Cleanup", Time since last: 1000894600 ns, Reaching safepoint: 100400 ns, At safepoint: 3300 ns, Total: 103700 ns
[2024-06-05T06:39:59.224+0000][7][safepoint   ] Safepoint "Cleanup", Time since last: 1012483900 ns, Reaching safepoint: 77900 ns, At safepoint: 2800 ns, Total: 80700 ns
[2024-06-05T06:40:00.237+0000][7][safepoint   ] Safepoint "Cleanup", Time since last: 1012735200 ns, Reaching safepoint: 98300 ns, At safepoint: 4100 ns, Total: 102400 ns
[2024-06-05T06:40:01.751+0000][7][safepoint   ] Safepoint "Cleanup", Time since last: 1514176400 ns, Reaching safepoint: 126800 ns, At safepoint: 3100 ns, Total: 129900 ns
[2024-06-05T06:40:02.768+0000][7][safepoint   ] Safepoint "Cleanup", Time since last: 1016165100 ns, Reaching safepoint: 111500 ns, At safepoint: 29800 ns, Total: 141300 ns
[2024-06-05T06:40:03.771+0000][7][safepoint   ] Safepoint "Cleanup", Time since last: 1003576800 ns, Reaching safepoint: 103900 ns, At safepoint: 4600 ns, Total: 108500 ns
[2024-06-05T06:40:05.825+0000][7][safepoint   ] Safepoint "Cleanup", Time since last: 2053751200 ns, Reaching safepoint: 115500 ns, At safepoint: 4400 ns, Total: 119900 ns
[2024-06-05T06:40:06.855+0000][7][safepoint   ] Safepoint "Cleanup", Time since last: 1012833700 ns, Reaching safepoint: 16987700 ns, At safepoint: 47900 ns, Total: 17035600 ns
[2024-06-05T06:40:08.234+0000][7][safepoint   ] Safepoint "ICBufferFull", Time since last: 1374904200 ns, Reaching safepoint: 3780500 ns, At safepoint: 70800 ns, Total: 3851300 ns
[2024-06-05T06:40:09.209+0000][7][safepoint   ] Safepoint "ICBufferFull", Time since last: 975284300 ns, Reaching safepoint: 120000 ns, At safepoint: 3600 ns, Total: 123600 ns
[2024-06-05T06:40:10.226+0000][7][safepoint   ] Safepoint "Cleanup", Time since last: 1016920700 ns, Reaching safepoint: 134800 ns, At safepoint: 12400 ns, Total: 147200 ns
[2024-06-05T06:40:11.228+0000][7][safepoint   ] Safepoint "Cleanup", Time since last: 1001075900 ns, Reaching safepoint: 216900 ns, At safepoint: 8200 ns, Total: 225100 ns
[2024-06-05T06:40:12.242+0000][7][safepoint   ] Safepoint "Cleanup", Time since last: 1014092200 ns, Reaching safepoint: 280000 ns, At safepoint: 29200 ns, Total: 309200 ns
[2024-06-05T06:40:13.010+0000][7][gc,start    ] GC(26) Pause Young (Normal) (G1 Evacuation Pause)
[2024-06-05T06:40:13.019+0000][7][gc,task     ] GC(26) Using 2 workers of 2 for evacuation
[2024-06-05T06:40:13.020+0000][7][gc,age      ] GC(26) Desired survivor size 14680064 bytes, new threshold 15 (max threshold 15)
[2024-06-05T06:40:13.071+0000][7][gc,age      ] GC(26) Age table with threshold 15 (max threshold 15)
[2024-06-05T06:40:13.074+0000][7][gc,age      ] GC(26) - age   1:    8289448 bytes,    8289448 total
[2024-06-05T06:40:13.095+0000][7][gc,age      ] GC(26) - age   2:    7531768 bytes,   15821216 total
[2024-06-05T06:40:13.111+0000][7][gc,age      ] GC(26) - age   3:     711776 bytes,   16532992 total
[2024-06-05T06:40:13.116+0000][7][gc,age      ] GC(26) - age   4:       2472 bytes,   16535464 total
[2024-06-05T06:40:13.123+0000][7][gc,phases   ] GC(26)   Pre Evacuate Collection Set: 0.2ms
[2024-06-05T06:40:13.126+0000][7][gc,phases   ] GC(26)   Merge Heap Roots: 0.1ms
[2024-06-05T06:40:13.129+0000][7][gc,phases   ] GC(26)   Evacuate Collection Set: 49.1ms
[2024-06-05T06:40:13.132+0000][7][gc,phases   ] GC(26)   Post Evacuate Collection Set: 1.8ms
[2024-06-05T06:40:13.134+0000][7][gc,phases   ] GC(26)   Other: 62.6ms
[2024-06-05T06:40:13.141+0000][7][gc,heap     ] GC(26) Eden regions: 51->0(50)
[2024-06-05T06:40:13.144+0000][7][gc,heap     ] GC(26) Survivor regions: 3->5(7)
[2024-06-05T06:40:13.145+0000][7][gc,heap     ] GC(26) Old regions: 28->28
[2024-06-05T06:40:13.146+0000][7][gc,heap     ] GC(26) Archive regions: 2->2
[2024-06-05T06:40:13.147+0000][7][gc,heap     ] GC(26) Humongous regions: 2->2
[2024-06-05T06:40:13.154+0000][7][gc,metaspace] GC(26) Metaspace: 110351K(112128K)->110351K(112128K) NonClass: 95358K(96384K)->95358K(96384K) Class: 14993K(15744K)->14993K(15744K)
[2024-06-05T06:40:13.157+0000][7][gc          ] GC(26) Pause Young (Normal) (G1 Evacuation Pause) 336M->139M(512M) 146.929ms
[2024-06-05T06:40:13.158+0000][7][gc,cpu      ] GC(26) User=0.07s Sys=0.01s Real=0.15s
[2024-06-05T06:40:13.162+0000][7][safepoint   ] Safepoint "G1CollectForAllocation", Time since last: 766310600 ns, Reaching safepoint: 1310200 ns, At safepoint: 152461800 ns, Total: 153772000 ns
[2024-06-05T06:40:14.167+0000][7][safepoint   ] Safepoint "Cleanup", Time since last: 1004333000 ns, Reaching safepoint: 177200 ns, At safepoint: 9400 ns, Total: 186600 ns
[2024-06-05T06:40:15.168+0000][7][safepoint   ] Safepoint "Cleanup", Time since last: 1001117400 ns, Reaching safepoint: 276400 ns, At safepoint: 74400 ns, Total: 350800 ns
[2024-06-05T06:40:16.169+0000][7][safepoint   ] Safepoint "Cleanup", Time since last: 1000567600 ns, Reaching safepoint: 97600 ns, At safepoint: 5000 ns, Total: 102600 ns
[2024-06-05T06:40:17.175+0000][7][safepoint   ] Safepoint "Cleanup", Time since last: 1005613100 ns, Reaching safepoint: 80300 ns, At safepoint: 4900 ns, Total: 85200 ns
[2024-06-05T06:40:18.177+0000][7][safepoint   ] Safepoint "Cleanup", Time since last: 1002774500 ns, Reaching safepoint: 99600 ns, At safepoint: 7700 ns, Total: 107300 ns
[2024-06-05T06:40:19.184+0000][7][safepoint   ] Safepoint "Cleanup", Time since last: 1006526400 ns, Reaching safepoint: 252200 ns, At safepoint: 5900 ns, Total: 258100 ns
[2024-06-05T06:40:20.261+0000][7][safepoint   ] Safepoint "Cleanup", Time since last: 1076497500 ns, Reaching safepoint: 60000 ns, At safepoint: 2900 ns, Total: 62900 ns
[2024-06-05T06:40:21.264+0000][7][safepoint   ] Safepoint "Cleanup", Time since last: 1002864300 ns, Reaching safepoint: 46900 ns, At safepoint: 3400 ns, Total: 50300 ns
[2024-06-05T06:40:22.255+0000][7][safepoint   ] Safepoint "Cleanup", Time since last: 1004324800 ns, Reaching safepoint: 47100 ns, At safepoint: 3400 ns, Total: 50500 ns
[2024-06-05T06:40:23.263+0000][7][safepoint   ] Safepoint "Cleanup", Time since last: 1008216100 ns, Reaching safepoint: 144000 ns, At safepoint: 8400 ns, Total: 152400 ns
[2024-06-05T06:40:24.573+0000][7][safepoint   ] Safepoint "Cleanup", Time since last: 1309447700 ns, Reaching safepoint: 153100 ns, At safepoint: 4400 ns, Total: 157500 ns
[2024-06-05T06:40:26.419+0000][7][safepoint   ] Safepoint "Cleanup", Time since last: 1819332600 ns, Reaching safepoint: 26832300 ns, At safepoint: 36500 ns, Total: 26868800 ns
[2024-06-05T06:40:27.500+0000][7][safepoint   ] Safepoint "Cleanup", Time since last: 1081350300 ns, Reaching safepoint: 69300 ns, At safepoint: 6700 ns, Total: 76000 ns
[2024-06-05T06:40:28.521+0000][7][safepoint   ] Safepoint "Cleanup", Time since last: 1020897200 ns, Reaching safepoint: 225900 ns, At safepoint: 67500 ns, Total: 293400 ns
[2024-06-05T06:40:29.529+0000][7][safepoint   ] Safepoint "Cleanup", Time since last: 1007688400 ns, Reaching safepoint: 70300 ns, At safepoint: 4400 ns, Total: 74700 ns
[2024-06-05T06:40:30.540+0000][7][safepoint   ] Safepoint "Cleanup", Time since last: 1010693600 ns, Reaching safepoint: 102800 ns, At safepoint: 4600 ns, Total: 107400 ns
[2024-06-05T06:40:31.543+0000][7][safepoint   ] Safepoint "Cleanup", Time since last: 1002445500 ns, Reaching safepoint: 125900 ns, At safepoint: 7800 ns, Total: 133700 ns
[2024-06-05T06:40:32.544+0000][7][safepoint   ] Safepoint "Cleanup", Time since last: 1001075700 ns, Reaching safepoint: 55100 ns, At safepoint: 3100 ns, Total: 58200 ns
[2024-06-05T06:40:33.180+0000][7][gc,start    ] GC(27) Pause Young (Normal) (G1 Evacuation Pause)
[2024-06-05T06:40:33.180+0000][7][gc,task     ] GC(27) Using 2 workers of 2 for evacuation
[2024-06-05T06:40:33.181+0000][7][gc,age      ] GC(27) Desired survivor size 14680064 bytes, new threshold 2 (max threshold 15)
[2024-06-05T06:40:33.519+0000][7][gc,age      ] GC(27) Age table with threshold 2 (max threshold 15)
[2024-06-05T06:40:33.520+0000][7][gc,age      ] GC(27) - age   1:   10981424 bytes,   10981424 total
[2024-06-05T06:40:33.520+0000][7][gc,age      ] GC(27) - age   2:    4884152 bytes,   15865576 total
[2024-06-05T06:40:33.521+0000][7][gc,mmu      ] GC(27) MMU target violated: 201.0ms (200.0ms/201.0ms)
[2024-06-05T06:40:33.522+0000][7][gc,phases   ] GC(27)   Pre Evacuate Collection Set: 0.2ms
[2024-06-05T06:40:33.523+0000][7][gc,phases   ] GC(27)   Merge Heap Roots: 0.1ms
[2024-06-05T06:40:33.524+0000][7][gc,phases   ] GC(27)   Evacuate Collection Set: 333.9ms
[2024-06-05T06:40:33.524+0000][7][gc,phases   ] GC(27)   Post Evacuate Collection Set: 3.3ms
[2024-06-05T06:40:33.524+0000][7][gc,phases   ] GC(27)   Other: 5.0ms
[2024-06-05T06:40:33.525+0000][7][gc,heap     ] GC(27) Eden regions: 50->0(12)
[2024-06-05T06:40:33.525+0000][7][gc,heap     ] GC(27) Survivor regions: 5->5(7)
[2024-06-05T06:40:33.525+0000][7][gc,heap     ] GC(27) Old regions: 28->30
[2024-06-05T06:40:33.526+0000][7][gc,heap     ] GC(27) Archive regions: 2->2
[2024-06-05T06:40:33.526+0000][7][gc,heap     ] GC(27) Humongous regions: 5->5
[2024-06-05T06:40:33.526+0000][7][gc,metaspace] GC(27) Metaspace: 111707K(113408K)->111707K(113408K) NonClass: 96635K(97600K)->96635K(97600K) Class: 15071K(15808K)->15071K(15808K)
[2024-06-05T06:40:33.527+0000][7][gc          ] GC(27) Pause Young (Normal) (G1 Evacuation Pause) 351M->159M(512M) 346.820ms
[2024-06-05T06:40:33.527+0000][7][gc,cpu      ] GC(27) User=0.34s Sys=0.07s Real=0.35s
[2024-06-05T06:40:33.527+0000][7][safepoint   ] Safepoint "G1CollectForAllocation", Time since last: 627087200 ns, Reaching safepoint: 8836000 ns, At safepoint: 347668600 ns, Total: 356504600 ns
[2024-06-05T06:40:34.535+0000][7][safepoint   ] Safepoint "Cleanup", Time since last: 1001092900 ns, Reaching safepoint: 6828100 ns, At safepoint: 39900 ns, Total: 6868000 ns
[2024-06-05T06:40:35.536+0000][7][safepoint   ] Safepoint "Cleanup", Time since last: 1001069700 ns, Reaching safepoint: 84900 ns, At safepoint: 4200 ns, Total: 89100 ns
[2024-06-05T06:40:36.549+0000][7][safepoint   ] Safepoint "Cleanup", Time since last: 1011968800 ns, Reaching safepoint: 64500 ns, At safepoint: 3400 ns, Total: 67900 ns
[2024-06-05T06:40:37.563+0000][7][safepoint   ] Safepoint "Cleanup", Time since last: 1014058900 ns, Reaching safepoint: 54900 ns, At safepoint: 3200 ns, Total: 58100 ns
[2024-06-05T06:40:38.579+0000][7][safepoint   ] Safepoint "Cleanup", Time since last: 1015973200 ns, Reaching safepoint: 59300 ns, At safepoint: 3200 ns, Total: 62500 ns
[2024-06-05T06:40:39.585+0000][7][safepoint   ] Safepoint "Cleanup", Time since last: 1005956800 ns, Reaching safepoint: 101100 ns, At safepoint: 4100 ns, Total: 105200 ns
[2024-06-05T06:40:40.594+0000][7][safepoint   ] Safepoint "Cleanup", Time since last: 1008759900 ns, Reaching safepoint: 85100 ns, At safepoint: 8400 ns, Total: 93500 ns
[2024-06-05T06:40:41.089+0000][7][gc,start    ] GC(28) Pause Young (Normal) (G1 Evacuation Pause)
[2024-06-05T06:40:41.095+0000][7][gc,task     ] GC(28) Using 2 workers of 2 for evacuation
[2024-06-05T06:40:41.102+0000][7][gc,age      ] GC(28) Desired survivor size 6291456 bytes, new threshold 1 (max threshold 15)
[2024-06-05T06:40:41.383+0000][7][gc,age      ] GC(28) Age table with threshold 1 (max threshold 15)
[2024-06-05T06:40:41.383+0000][7][gc,age      ] GC(28) - age   1:    2429864 bytes,    2429864 total
[2024-06-05T06:40:41.384+0000][7][gc,mmu      ] GC(28) MMU target violated: 201.0ms (200.0ms/201.0ms)
[2024-06-05T06:40:41.384+0000][7][gc,phases   ] GC(28)   Pre Evacuate Collection Set: 0.1ms
[2024-06-05T06:40:41.386+0000][7][gc,phases   ] GC(28)   Merge Heap Roots: 0.2ms
[2024-06-05T06:40:41.387+0000][7][gc,phases   ] GC(28)   Evacuate Collection Set: 272.9ms
[2024-06-05T06:40:41.390+0000][7][gc,phases   ] GC(28)   Post Evacuate Collection Set: 2.9ms
[2024-06-05T06:40:41.391+0000][7][gc,phases   ] GC(28)   Other: 19.2ms
[2024-06-05T06:40:41.391+0000][7][gc,heap     ] GC(28) Eden regions: 12->0(37)
[2024-06-05T06:40:41.392+0000][7][gc,heap     ] GC(28) Survivor regions: 5->1(3)
[2024-06-05T06:40:41.392+0000][7][gc,heap     ] GC(28) Old regions: 30->33
[2024-06-05T06:40:41.392+0000][7][gc,heap     ] GC(28) Archive regions: 2->2
[2024-06-05T06:40:41.393+0000][7][gc,heap     ] GC(28) Humongous regions: 5->5
[2024-06-05T06:40:41.393+0000][7][gc,metaspace] GC(28) Metaspace: 111814K(113536K)->111814K(113536K) NonClass: 96741K(97728K)->96741K(97728K) Class: 15072K(15808K)->15072K(15808K)
[2024-06-05T06:40:41.394+0000][7][gc          ] GC(28) Pause Young (Normal) (G1 Evacuation Pause) 207M->156M(512M) 305.049ms
[2024-06-05T06:40:41.395+0000][7][gc,cpu      ] GC(28) User=0.03s Sys=0.03s Real=0.31s
[2024-06-05T06:40:41.395+0000][7][safepoint   ] Safepoint "G1CollectForAllocation", Time since last: 495450100 ns, Reaching safepoint: 34300 ns, At safepoint: 305780100 ns, Total: 305814400 ns
[2024-06-05T06:40:42.396+0000][7][safepoint   ] Safepoint "Cleanup", Time since last: 1000963900 ns, Reaching safepoint: 115700 ns, At safepoint: 5600 ns, Total: 121300 ns
[2024-06-05T06:40:43.400+0000][7][safepoint   ] Safepoint "Cleanup", Time since last: 1003750600 ns, Reaching safepoint: 79300 ns, At safepoint: 3100 ns, Total: 82400 ns
[2024-06-05T06:40:44.403+0000][7][safepoint   ] Safepoint "Cleanup", Time since last: 1002781500 ns, Reaching safepoint: 59300 ns, At safepoint: 5000 ns, Total: 64300 ns
[2024-06-05T06:40:45.424+0000][7][safepoint   ] Safepoint "Cleanup", Time since last: 1021193800 ns, Reaching safepoint: 113200 ns, At safepoint: 4000 ns, Total: 117200 ns
[2024-06-05T06:40:47.050+0000][7][safepoint   ] Safepoint "Cleanup", Time since last: 1625570600 ns, Reaching safepoint: 614800 ns, At safepoint: 7900 ns, Total: 622700 ns
[2024-06-05T06:40:48.051+0000][7][safepoint   ] Safepoint "Cleanup", Time since last: 1000552700 ns, Reaching safepoint: 46100 ns, At safepoint: 3200 ns, Total: 49300 ns
[2024-06-05T06:40:49.074+0000][7][safepoint   ] Safepoint "Cleanup", Time since last: 1022730600 ns, Reaching safepoint: 94800 ns, At safepoint: 7000 ns, Total: 101800 ns
[2024-06-05T06:40:50.081+0000][7][safepoint   ] Safepoint "Cleanup", Time since last: 1007034600 ns, Reaching safepoint: 130300 ns, At safepoint: 12100 ns, Total: 142400 ns
[2024-06-05T06:40:51.083+0000][7][safepoint   ] Safepoint "Cleanup", Time since last: 1002306900 ns, Reaching safepoint: 112700 ns, At safepoint: 9500 ns, Total: 122200 ns
[2024-06-05T06:40:52.069+0000][7][safepoint   ] Safepoint "Cleanup", Time since last: 1005506800 ns, Reaching safepoint: 84200 ns, At safepoint: 4000 ns, Total: 88200 ns
[2024-06-05T06:40:53.073+0000][7][safepoint   ] Safepoint "Cleanup", Time since last: 1004385400 ns, Reaching safepoint: 170300 ns, At safepoint: 9900 ns, Total: 180200 ns
[2024-06-05T06:40:53.810+0000][7][gc,start    ] GC(29) Pause Young (Concurrent Start) (G1 Evacuation Pause)
[2024-06-05T06:40:53.811+0000][7][gc,task     ] GC(29) Using 2 workers of 2 for evacuation
[2024-06-05T06:40:53.811+0000][7][gc,age      ] GC(29) Desired survivor size 10485760 bytes, new threshold 15 (max threshold 15)
[2024-06-05T06:40:53.853+0000][7][gc,age      ] GC(29) Age table with threshold 15 (max threshold 15)
[2024-06-05T06:40:53.853+0000][7][gc,age      ] GC(29) - age   1:    5361848 bytes,    5361848 total
[2024-06-05T06:40:53.853+0000][7][gc,age      ] GC(29) - age   2:    1718384 bytes,    7080232 total
[2024-06-05T06:40:53.854+0000][7][gc,phases   ] GC(29)   Pre Evacuate Collection Set: 0.2ms
[2024-06-05T06:40:53.854+0000][7][gc,phases   ] GC(29)   Merge Heap Roots: 0.1ms
[2024-06-05T06:40:53.854+0000][7][gc,phases   ] GC(29)   Evacuate Collection Set: 40.3ms
[2024-06-05T06:40:53.855+0000][7][gc,phases   ] GC(29)   Post Evacuate Collection Set: 0.7ms
[2024-06-05T06:40:53.855+0000][7][gc,phases   ] GC(29)   Other: 2.4ms
[2024-06-05T06:40:53.855+0000][7][gc,heap     ] GC(29) Eden regions: 37->0(32)
[2024-06-05T06:40:53.856+0000][7][gc,heap     ] GC(29) Survivor regions: 1->2(5)
[2024-06-05T06:40:53.856+0000][7][gc,heap     ] GC(29) Old regions: 33->33
[2024-06-05T06:40:53.856+0000][7][gc,heap     ] GC(29) Archive regions: 2->2
[2024-06-05T06:40:53.856+0000][7][gc,heap     ] GC(29) Humongous regions: 5->5
[2024-06-05T06:40:53.857+0000][7][gc,metaspace] GC(29) Metaspace: 113045K(114816K)->113045K(114816K) NonClass: 97853K(98880K)->97853K(98880K) Class: 15192K(15936K)->15192K(15936K)
[2024-06-05T06:40:53.857+0000][7][gc          ] GC(29) Pause Young (Concurrent Start) (G1 Evacuation Pause) 304M->160M(512M) 46.963ms
[2024-06-05T06:40:53.858+0000][7][gc,cpu      ] GC(29) User=0.06s Sys=0.01s Real=0.04s
[2024-06-05T06:40:53.858+0000][7][gc          ] GC(30) Concurrent Mark Cycle
[2024-06-05T06:40:53.858+0000][7][gc,marking  ] GC(30) Concurrent Clear Claimed Marks
[2024-06-05T06:40:53.859+0000][7][gc,marking  ] GC(30) Concurrent Clear Claimed Marks 0.632ms
[2024-06-05T06:40:53.863+0000][7][gc,marking  ] GC(30) Concurrent Scan Root Regions
[2024-06-05T06:40:53.858+0000][7][safepoint   ] Safepoint "G1CollectForAllocation", Time since last: 736511400 ns, Reaching safepoint: 189100 ns, At safepoint: 47922100 ns, Total: 48111200 ns
[2024-06-05T06:40:53.913+0000][7][gc,marking  ] GC(30) Concurrent Scan Root Regions 49.557ms
[2024-06-05T06:40:53.929+0000][7][gc,marking  ] GC(30) Concurrent Mark
[2024-06-05T06:40:53.930+0000][7][gc,marking  ] GC(30) Concurrent Mark From Roots
[2024-06-05T06:40:53.934+0000][7][gc,task     ] GC(30) Using 1 workers of 1 for marking
[2024-06-05T06:40:54.887+0000][7][safepoint   ] Safepoint "Cleanup", Time since last: 1018185100 ns, Reaching safepoint: 10692700 ns, At safepoint: 13800 ns, Total: 10706500 ns
[2024-06-05T06:40:55.907+0000][7][safepoint   ] Safepoint "Cleanup", Time since last: 1001789800 ns, Reaching safepoint: 18332600 ns, At safepoint: 19900 ns, Total: 18352500 ns
[2024-06-05T06:40:57.007+0000][7][safepoint   ] Safepoint "Cleanup", Time since last: 1007441700 ns, Reaching safepoint: 92837900 ns, At safepoint: 6100 ns, Total: 92844000 ns
[2024-06-05T06:40:57.658+0000][7][gc,marking  ] GC(30) Concurrent Mark From Roots 3727.949ms
[2024-06-05T06:40:57.664+0000][7][gc,marking  ] GC(30) Concurrent Preclean
[2024-06-05T06:40:57.667+0000][7][gc,marking  ] GC(30) Concurrent Preclean 2.680ms
[2024-06-05T06:40:57.668+0000][7][gc,start    ] GC(30) Pause Remark
[2024-06-05T06:40:57.935+0000][7][gc,mmu      ] GC(30) MMU target violated: 201.0ms (200.0ms/201.0ms)
[2024-06-05T06:40:57.936+0000][7][gc          ] GC(30) Pause Remark 231M->231M(512M) 268.078ms
[2024-06-05T06:40:57.938+0000][7][gc,cpu      ] GC(30) User=0.05s Sys=0.03s Real=0.27s
[2024-06-05T06:40:57.939+0000][7][safepoint   ] Safepoint "G1Concurrent", Time since last: 660280700 ns, Reaching safepoint: 104000 ns, At safepoint: 271580000 ns, Total: 271684000 ns
[2024-06-05T06:40:57.940+0000][7][gc,marking  ] GC(30) Concurrent Mark 4010.895ms
[2024-06-05T06:40:57.941+0000][7][gc,marking  ] GC(30) Concurrent Rebuild Remembered Sets
[2024-06-05T06:40:58.132+0000][7][safepoint   ] Safepoint "ICBufferFull", Time since last: 100197300 ns, Reaching safepoint: 92390100 ns, At safepoint: 46200 ns, Total: 92436300 ns
[2024-06-05T06:40:58.513+0000][7][safepoint   ] Safepoint "ICBufferFull", Time since last: 352979200 ns, Reaching safepoint: 28064500 ns, At safepoint: 30800 ns, Total: 28095300 ns
[2024-06-05T06:40:58.724+0000][7][gc,marking  ] GC(30) Concurrent Rebuild Remembered Sets 782.664ms
[2024-06-05T06:40:59.280+0000][7][gc,start    ] GC(30) Pause Cleanup
[2024-06-05T06:40:59.287+0000][7][gc          ] GC(30) Pause Cleanup 240M->240M(512M) 6.914ms
[2024-06-05T06:40:59.291+0000][7][gc,cpu      ] GC(30) User=0.00s Sys=0.00s Real=0.02s
[2024-06-05T06:40:59.296+0000][7][safepoint   ] Safepoint "G1Concurrent", Time since last: 222120300 ns, Reaching safepoint: 544641400 ns, At safepoint: 15836400 ns, Total: 560477800 ns
[2024-06-05T06:40:59.309+0000][7][gc,marking  ] GC(30) Concurrent Cleanup for Next Mark
[2024-06-05T06:40:59.320+0000][7][gc,marking  ] GC(30) Concurrent Cleanup for Next Mark 10.593ms
[2024-06-05T06:40:59.323+0000][7][gc          ] GC(30) Concurrent Mark Cycle 5465.309ms
[2024-06-05T06:41:00.101+0000][7][safepoint   ] Safepoint "ICBufferFull", Time since last: 805222500 ns, Reaching safepoint: 184600 ns, At safepoint: 4300 ns, Total: 188900 ns
[2024-06-05T06:41:00.834+0000][7][safepoint   ] Safepoint "ICBufferFull", Time since last: 733309800 ns, Reaching safepoint: 208200 ns, At safepoint: 9300 ns, Total: 217500 ns
[2024-06-05T06:41:01.062+0000][7][safepoint   ] Safepoint "ICBufferFull", Time since last: 226924000 ns, Reaching safepoint: 196200 ns, At safepoint: 11100 ns, Total: 207300 ns
[2024-06-05T06:41:02.091+0000][7][safepoint   ] Safepoint "Cleanup", Time since last: 1029011100 ns, Reaching safepoint: 143500 ns, At safepoint: 41900 ns, Total: 185400 ns
[2024-06-05T06:41:02.624+0000][7][gc,start    ] GC(31) Pause Young (Normal) (G1 Evacuation Pause)
[2024-06-05T06:41:02.627+0000][7][gc,task     ] GC(31) Using 2 workers of 2 for evacuation
[2024-06-05T06:41:02.636+0000][7][gc,age      ] GC(31) Desired survivor size 10485760 bytes, new threshold 15 (max threshold 15)
[2024-06-05T06:41:02.683+0000][7][gc,age      ] GC(31) Age table with threshold 15 (max threshold 15)
[2024-06-05T06:41:02.684+0000][7][gc,age      ] GC(31) - age   1:    7046952 bytes,    7046952 total
[2024-06-05T06:41:02.684+0000][7][gc,age      ] GC(31) - age   2:    3632080 bytes,   10679032 total
[2024-06-05T06:41:02.685+0000][7][gc,age      ] GC(31) - age   3:    1712280 bytes,   12391312 total
[2024-06-05T06:41:02.685+0000][7][gc,phases   ] GC(31)   Pre Evacuate Collection Set: 0.2ms
[2024-06-05T06:41:02.685+0000][7][gc,phases   ] GC(31)   Merge Heap Roots: 0.1ms
[2024-06-05T06:41:02.686+0000][7][gc,phases   ] GC(31)   Evacuate Collection Set: 44.2ms
[2024-06-05T06:41:02.686+0000][7][gc,phases   ] GC(31)   Post Evacuate Collection Set: 0.8ms
[2024-06-05T06:41:02.686+0000][7][gc,phases   ] GC(31)   Other: 15.7ms
[2024-06-05T06:41:02.687+0000][7][gc,heap     ] GC(31) Eden regions: 32->0(31)
[2024-06-05T06:41:02.687+0000][7][gc,heap     ] GC(31) Survivor regions: 2->4(5)
[2024-06-05T06:41:02.687+0000][7][gc,heap     ] GC(31) Old regions: 33->33
[2024-06-05T06:41:02.688+0000][7][gc,heap     ] GC(31) Archive regions: 2->2
[2024-06-05T06:41:02.688+0000][7][gc,heap     ] GC(31) Humongous regions: 5->5
[2024-06-05T06:41:02.689+0000][7][gc,metaspace] GC(31) Metaspace: 113446K(115136K)->113446K(115136K) NonClass: 98252K(99200K)->98252K(99200K) Class: 15193K(15936K)->15193K(15936K)
[2024-06-05T06:41:02.689+0000][7][gc          ] GC(31) Pause Young (Normal) (G1 Evacuation Pause) 288M->165M(512M) 65.027ms
[2024-06-05T06:41:02.690+0000][7][gc,cpu      ] GC(31) User=0.08s Sys=0.01s Real=0.06s
[2024-06-05T06:41:02.690+0000][7][safepoint   ] Safepoint "G1CollectForAllocation", Time since last: 533148600 ns, Reaching safepoint: 38400 ns, At safepoint: 65996400 ns, Total: 66034800 ns
[2024-06-05T06:41:03.699+0000][7][safepoint   ] Safepoint "Cleanup", Time since last: 1000864700 ns, Reaching safepoint: 8143300 ns, At safepoint: 20000 ns, Total: 8163300 ns
[2024-06-05T06:41:04.724+0000][7][safepoint   ] Safepoint "Cleanup", Time since last: 1019304900 ns, Reaching safepoint: 5790200 ns, At safepoint: 36700 ns, Total: 5826900 ns
[2024-06-05T06:41:05.739+0000][7][safepoint   ] Safepoint "Cleanup", Time since last: 1014953000 ns, Reaching safepoint: 47100 ns, At safepoint: 3700 ns, Total: 50800 ns
[2024-06-05T06:41:06.752+0000][7][safepoint   ] Safepoint "Cleanup", Time since last: 1011884100 ns, Reaching safepoint: 473200 ns, At safepoint: 24400 ns, Total: 497600 ns
[2024-06-05T06:41:07.772+0000][7][safepoint   ] Safepoint "Cleanup", Time since last: 1004384400 ns, Reaching safepoint: 15170200 ns, At safepoint: 872500 ns, Total: 16042700 ns
[2024-06-05T06:41:08.773+0000][7][safepoint   ] Safepoint "Cleanup", Time since last: 1000549200 ns, Reaching safepoint: 105600 ns, At safepoint: 8700 ns, Total: 114300 ns
[2024-06-05T06:41:09.823+0000][7][safepoint   ] Safepoint "Cleanup", Time since last: 1050797200 ns, Reaching safepoint: 37900 ns, At safepoint: 2800 ns, Total: 40700 ns
[2024-06-05T06:41:10.893+0000][7][safepoint   ] Safepoint "Cleanup", Time since last: 1061879100 ns, Reaching safepoint: 7821700 ns, At safepoint: 40300 ns, Total: 7862000 ns
[2024-06-05T06:41:11.903+0000][7][safepoint   ] Safepoint "Cleanup", Time since last: 1009786000 ns, Reaching safepoint: 36700 ns, At safepoint: 3400 ns, Total: 40100 ns
[2024-06-05T06:41:12.924+0000][7][safepoint   ] Safepoint "Cleanup", Time since last: 1021049800 ns, Reaching safepoint: 57000 ns, At safepoint: 2900 ns, Total: 59900 ns
[2024-06-05T06:41:13.095+0000][7][gc,start    ] GC(32) Pause Young (Concurrent Start) (G1 Evacuation Pause)
[2024-06-05T06:41:13.110+0000][7][gc,task     ] GC(32) Using 2 workers of 2 for evacuation
[2024-06-05T06:41:13.111+0000][7][gc,age      ] GC(32) Desired survivor size 10485760 bytes, new threshold 2 (max threshold 15)
[2024-06-05T06:41:13.171+0000][7][gc,age      ] GC(32) Age table with threshold 2 (max threshold 15)
[2024-06-05T06:41:13.172+0000][7][gc,age      ] GC(32) - age   1:    8123696 bytes,    8123696 total
[2024-06-05T06:41:13.172+0000][7][gc,age      ] GC(32) - age   2:    1890184 bytes,   10013880 total
[2024-06-05T06:41:13.172+0000][7][gc,phases   ] GC(32)   Pre Evacuate Collection Set: 0.4ms
[2024-06-05T06:41:13.173+0000][7][gc,phases   ] GC(32)   Merge Heap Roots: 0.1ms
[2024-06-05T06:41:13.173+0000][7][gc,phases   ] GC(32)   Evacuate Collection Set: 58.1ms
[2024-06-05T06:41:13.173+0000][7][gc,phases   ] GC(32)   Post Evacuate Collection Set: 0.9ms
[2024-06-05T06:41:13.174+0000][7][gc,phases   ] GC(32)   Other: 18.3ms
[2024-06-05T06:41:13.174+0000][7][gc,heap     ] GC(32) Eden regions: 31->0(33)
[2024-06-05T06:41:13.175+0000][7][gc,heap     ] GC(32) Survivor regions: 4->3(5)
[2024-06-05T06:41:13.175+0000][7][gc,heap     ] GC(32) Old regions: 33->34
[2024-06-05T06:41:13.176+0000][7][gc,heap     ] GC(32) Archive regions: 2->2
[2024-06-05T06:41:13.176+0000][7][gc,heap     ] GC(32) Humongous regions: 5->5
[2024-06-05T06:41:13.176+0000][7][gc,metaspace] GC(32) Metaspace: 113595K(115328K)->113595K(115328K) NonClass: 98397K(99392K)->98397K(99392K) Class: 15198K(15936K)->15198K(15936K)
[2024-06-05T06:41:13.177+0000][7][gc          ] GC(32) Pause Young (Concurrent Start) (G1 Evacuation Pause) 289M->168M(512M) 82.174ms
[2024-06-05T06:41:13.177+0000][7][gc,cpu      ] GC(32) User=0.02s Sys=0.02s Real=0.08s
[2024-06-05T06:41:13.178+0000][7][gc          ] GC(33) Concurrent Mark Cycle
[2024-06-05T06:41:13.178+0000][7][safepoint   ] Safepoint "G1CollectForAllocation", Time since last: 170135700 ns, Reaching safepoint: 206700 ns, At safepoint: 83382300 ns, Total: 83589000 ns
[2024-06-05T06:41:13.178+0000][7][gc,marking  ] GC(33) Concurrent Clear Claimed Marks
[2024-06-05T06:41:13.190+0000][7][gc,marking  ] GC(33) Concurrent Clear Claimed Marks 11.965ms
[2024-06-05T06:41:13.192+0000][7][gc,marking  ] GC(33) Concurrent Scan Root Regions
[2024-06-05T06:41:13.211+0000][7][gc,marking  ] GC(33) Concurrent Scan Root Regions 18.686ms
[2024-06-05T06:41:13.222+0000][7][gc,marking  ] GC(33) Concurrent Mark
[2024-06-05T06:41:13.223+0000][7][gc,marking  ] GC(33) Concurrent Mark From Roots
[2024-06-05T06:41:13.224+0000][7][gc,task     ] GC(33) Using 1 workers of 1 for marking
[2024-06-05T06:41:13.871+0000][7][gc,marking  ] GC(33) Concurrent Mark From Roots 648.483ms
[2024-06-05T06:41:13.875+0000][7][gc,marking  ] GC(33) Concurrent Preclean
[2024-06-05T06:41:13.877+0000][7][gc,marking  ] GC(33) Concurrent Preclean 2.455ms
[2024-06-05T06:41:13.880+0000][7][gc,start    ] GC(33) Pause Remark
[2024-06-05T06:41:13.904+0000][7][gc          ] GC(33) Pause Remark 173M->173M(512M) 23.742ms
[2024-06-05T06:41:13.905+0000][7][gc,cpu      ] GC(33) User=0.04s Sys=0.01s Real=0.02s
[2024-06-05T06:41:13.906+0000][7][safepoint   ] Safepoint "G1Concurrent", Time since last: 702252200 ns, Reaching safepoint: 84800 ns, At safepoint: 25473300 ns, Total: 25558100 ns
[2024-06-05T06:41:13.908+0000][7][gc,marking  ] GC(33) Concurrent Mark 685.842ms
[2024-06-05T06:41:13.910+0000][7][gc,marking  ] GC(33) Concurrent Rebuild Remembered Sets
[2024-06-05T06:41:14.195+0000][7][gc,marking  ] GC(33) Concurrent Rebuild Remembered Sets 284.710ms
[2024-06-05T06:41:14.205+0000][7][gc,start    ] GC(33) Pause Cleanup
[2024-06-05T06:41:14.218+0000][7][gc          ] GC(33) Pause Cleanup 173M->173M(512M) 13.702ms
[2024-06-05T06:41:14.219+0000][7][gc,cpu      ] GC(33) User=0.00s Sys=0.00s Real=0.01s
[2024-06-05T06:41:14.220+0000][7][safepoint   ] Safepoint "G1Concurrent", Time since last: 298786500 ns, Reaching safepoint: 29800 ns, At safepoint: 15192700 ns, Total: 15222500 ns
[2024-06-05T06:41:14.221+0000][7][gc,marking  ] GC(33) Concurrent Cleanup for Next Mark
[2024-06-05T06:41:14.228+0000][7][gc,marking  ] GC(33) Concurrent Cleanup for Next Mark 6.785ms
[2024-06-05T06:41:14.228+0000][7][gc          ] GC(33) Concurrent Mark Cycle 1050.893ms
[2024-06-05T06:41:15.221+0000][7][safepoint   ] Safepoint "Cleanup", Time since last: 1001296600 ns, Reaching safepoint: 92800 ns, At safepoint: 7600 ns, Total: 100400 ns
[2024-06-05T06:41:16.222+0000][7][safepoint   ] Safepoint "Cleanup", Time since last: 1001192800 ns, Reaching safepoint: 156000 ns, At safepoint: 28000 ns, Total: 184000 ns
[2024-06-05T06:41:17.224+0000][7][safepoint   ] Safepoint "Cleanup", Time since last: 1001319200 ns, Reaching safepoint: 226400 ns, At safepoint: 25700 ns, Total: 252100 ns
[2024-06-05T06:41:18.836+0000][7][safepoint   ] Safepoint "Cleanup", Time since last: 1605780800 ns, Reaching safepoint: 6466500 ns, At safepoint: 15000 ns, Total: 6481500 ns
[2024-06-05T06:41:19.838+0000][7][safepoint   ] Safepoint "Cleanup", Time since last: 1001912400 ns, Reaching safepoint: 46800 ns, At safepoint: 8900 ns, Total: 55700 ns
[2024-06-05T06:41:20.843+0000][7][safepoint   ] Safepoint "Cleanup", Time since last: 1004292900 ns, Reaching safepoint: 67300 ns, At safepoint: 7400 ns, Total: 74700 ns
[2024-06-05T06:41:21.847+0000][7][safepoint   ] Safepoint "Cleanup", Time since last: 1000978100 ns, Reaching safepoint: 37300 ns, At safepoint: 3400 ns, Total: 40700 ns
[2024-06-05T06:41:22.848+0000][7][safepoint   ] Safepoint "Cleanup", Time since last: 1000913400 ns, Reaching safepoint: 46800 ns, At safepoint: 3500 ns, Total: 50300 ns
[2024-06-05T06:41:23.855+0000][7][safepoint   ] Safepoint "Cleanup", Time since last: 1006774200 ns, Reaching safepoint: 40900 ns, At safepoint: 2700 ns, Total: 43600 ns
[2024-06-05T06:41:24.138+0000][7][gc,start    ] GC(34) Pause Young (Normal) (G1 Evacuation Pause)
[2024-06-05T06:41:24.140+0000][7][gc,task     ] GC(34) Using 2 workers of 2 for evacuation
[2024-06-05T06:41:24.140+0000][7][gc,age      ] GC(34) Desired survivor size 10485760 bytes, new threshold 15 (max threshold 15)
[2024-06-05T06:41:24.184+0000][7][gc,age      ] GC(34) Age table with threshold 15 (max threshold 15)
[2024-06-05T06:41:24.185+0000][7][gc,age      ] GC(34) - age   1:    4711288 bytes,    4711288 total
[2024-06-05T06:41:24.186+0000][7][gc,age      ] GC(34) - age   2:    2012448 bytes,    6723736 total
[2024-06-05T06:41:24.186+0000][7][gc,age      ] GC(34) - age   3:     622016 bytes,    7345752 total
[2024-06-05T06:41:24.186+0000][7][gc,phases   ] GC(34)   Pre Evacuate Collection Set: 0.1ms
[2024-06-05T06:41:24.187+0000][7][gc,phases   ] GC(34)   Merge Heap Roots: 0.1ms
[2024-06-05T06:41:24.187+0000][7][gc,phases   ] GC(34)   Evacuate Collection Set: 33.2ms
[2024-06-05T06:41:24.187+0000][7][gc,phases   ] GC(34)   Post Evacuate Collection Set: 9.2ms
[2024-06-05T06:41:24.187+0000][7][gc,phases   ] GC(34)   Other: 6.1ms
[2024-06-05T06:41:24.188+0000][7][gc,heap     ] GC(34) Eden regions: 33->0(43)
[2024-06-05T06:41:24.188+0000][7][gc,heap     ] GC(34) Survivor regions: 3->2(5)
[2024-06-05T06:41:24.188+0000][7][gc,heap     ] GC(34) Old regions: 34->34
[2024-06-05T06:41:24.188+0000][7][gc,heap     ] GC(34) Archive regions: 2->2
[2024-06-05T06:41:24.189+0000][7][gc,heap     ] GC(34) Humongous regions: 5->5
[2024-06-05T06:41:24.189+0000][7][gc,metaspace] GC(34) Metaspace: 113819K(115520K)->113819K(115520K) NonClass: 98620K(99584K)->98620K(99584K) Class: 15199K(15936K)->15199K(15936K)
[2024-06-05T06:41:24.189+0000][7][gc          ] GC(34) Pause Young (Normal) (G1 Evacuation Pause) 300M->165M(512M) 51.568ms
[2024-06-05T06:41:24.189+0000][7][gc,cpu      ] GC(34) User=0.08s Sys=0.01s Real=0.05s
[2024-06-05T06:41:24.190+0000][7][safepoint   ] Safepoint "G1CollectForAllocation", Time since last: 282869400 ns, Reaching safepoint: 55900 ns, At safepoint: 52184100 ns, Total: 52240000 ns
[2024-06-05T06:41:25.203+0000][7][safepoint   ] Safepoint "Cleanup", Time since last: 1013288000 ns, Reaching safepoint: 36600 ns, At safepoint: 3100 ns, Total: 39700 ns
[2024-06-05T06:41:26.214+0000][7][safepoint   ] Safepoint "Cleanup", Time since last: 1010820800 ns, Reaching safepoint: 149200 ns, At safepoint: 4700 ns, Total: 153900 ns
[2024-06-05T06:41:27.267+0000][7][safepoint   ] Safepoint "Cleanup", Time since last: 1053175500 ns, Reaching safepoint: 68200 ns, At safepoint: 3800 ns, Total: 72000 ns
[2024-06-05T06:41:28.332+0000][7][safepoint   ] Safepoint "Cleanup", Time since last: 1060753700 ns, Reaching safepoint: 4352100 ns, At safepoint: 39000 ns, Total: 4391100 ns
[2024-06-05T06:41:29.359+0000][7][safepoint   ] Safepoint "Cleanup", Time since last: 1026228200 ns, Reaching safepoint: 68100 ns, At safepoint: 4100 ns, Total: 72200 ns
[2024-06-05T06:41:29.845+0000][7][safepoint   ] Safepoint "ICBufferFull", Time since last: 486092100 ns, Reaching safepoint: 349100 ns, At safepoint: 7100 ns, Total: 356200 ns
[2024-06-05T06:41:30.176+0000][7][gc,start    ] GC(35) Pause Young (Concurrent Start) (G1 Evacuation Pause)
[2024-06-05T06:41:30.208+0000][7][gc,task     ] GC(35) Using 2 workers of 2 for evacuation
[2024-06-05T06:41:30.211+0000][7][gc,age      ] GC(35) Desired survivor size 12582912 bytes, new threshold 15 (max threshold 15)
[2024-06-05T06:41:30.230+0000][7][gc,age      ] GC(35) Age table with threshold 15 (max threshold 15)
[2024-06-05T06:41:30.231+0000][7][gc,age      ] GC(35) - age   1:    1955888 bytes,    1955888 total
[2024-06-05T06:41:30.231+0000][7][gc,age      ] GC(35) - age   2:    3629456 bytes,    5585344 total
[2024-06-05T06:41:30.232+0000][7][gc,age      ] GC(35) - age   3:    2011520 bytes,    7596864 total
[2024-06-05T06:41:30.233+0000][7][gc,age      ] GC(35) - age   4:     619488 bytes,    8216352 total
[2024-06-05T06:41:30.234+0000][7][gc,phases   ] GC(35)   Pre Evacuate Collection Set: 0.2ms
[2024-06-05T06:41:30.237+0000][7][gc,phases   ] GC(35)   Merge Heap Roots: 0.1ms
[2024-06-05T06:41:30.245+0000][7][gc,phases   ] GC(35)   Evacuate Collection Set: 16.2ms
[2024-06-05T06:41:30.246+0000][7][gc,phases   ] GC(35)   Post Evacuate Collection Set: 1.0ms
[2024-06-05T06:41:30.246+0000][7][gc,phases   ] GC(35)   Other: 41.0ms
[2024-06-05T06:41:30.247+0000][7][gc,heap     ] GC(35) Eden regions: 43->0(43)
[2024-06-05T06:41:30.247+0000][7][gc,heap     ] GC(35) Survivor regions: 2->3(6)
[2024-06-05T06:41:30.248+0000][7][gc,heap     ] GC(35) Old regions: 34->34
[2024-06-05T06:41:30.248+0000][7][gc,heap     ] GC(35) Archive regions: 2->2
[2024-06-05T06:41:30.248+0000][7][gc,heap     ] GC(35) Humongous regions: 5->5
[2024-06-05T06:41:30.249+0000][7][gc,metaspace] GC(35) Metaspace: 114109K(115776K)->114109K(115776K) NonClass: 98874K(99840K)->98874K(99840K) Class: 15235K(15936K)->15235K(15936K)
[2024-06-05T06:41:30.249+0000][7][gc          ] GC(35) Pause Young (Concurrent Start) (G1 Evacuation Pause) 337M->166M(512M) 73.867ms
[2024-06-05T06:41:30.250+0000][7][gc,cpu      ] GC(35) User=0.03s Sys=0.00s Real=0.07s
[2024-06-05T06:41:30.250+0000][7][gc          ] GC(36) Concurrent Mark Cycle
[2024-06-05T06:41:30.250+0000][7][safepoint   ] Safepoint "G1CollectForAllocation", Time since last: 329287400 ns, Reaching safepoint: 1016500 ns, At safepoint: 74928900 ns, Total: 75945400 ns
[2024-06-05T06:41:30.262+0000][7][gc,marking  ] GC(36) Concurrent Clear Claimed Marks
[2024-06-05T06:41:30.294+0000][7][gc,marking  ] GC(36) Concurrent Clear Claimed Marks 31.970ms
[2024-06-05T06:41:30.332+0000][7][gc,marking  ] GC(36) Concurrent Scan Root Regions
[2024-06-05T06:41:30.400+0000][7][gc,marking  ] GC(36) Concurrent Scan Root Regions 67.582ms
[2024-06-05T06:41:30.429+0000][7][gc,marking  ] GC(36) Concurrent Mark
[2024-06-05T06:41:30.443+0000][7][gc,marking  ] GC(36) Concurrent Mark From Roots
[2024-06-05T06:41:30.461+0000][7][gc,task     ] GC(36) Using 1 workers of 1 for marking
[2024-06-05T06:41:31.284+0000][7][safepoint   ] Safepoint "Cleanup", Time since last: 1033283400 ns, Reaching safepoint: 126800 ns, At safepoint: 10000 ns, Total: 136800 ns
[2024-06-05T06:41:31.580+0000][7][gc,marking  ] GC(36) Concurrent Mark From Roots 1136.431ms
[2024-06-05T06:41:31.589+0000][7][gc,marking  ] GC(36) Concurrent Preclean
[2024-06-05T06:41:31.594+0000][7][gc,marking  ] GC(36) Concurrent Preclean 4.713ms
[2024-06-05T06:41:31.626+0000][7][gc,start    ] GC(36) Pause Remark
[2024-06-05T06:41:31.661+0000][7][gc          ] GC(36) Pause Remark 197M->197M(512M) 35.170ms
[2024-06-05T06:41:31.661+0000][7][gc,cpu      ] GC(36) User=0.05s Sys=0.01s Real=0.03s
[2024-06-05T06:41:31.672+0000][7][safepoint   ] Safepoint "G1Concurrent", Time since last: 341685500 ns, Reaching safepoint: 36000 ns, At safepoint: 46135300 ns, Total: 46171300 ns
[2024-06-05T06:41:31.676+0000][7][gc,marking  ] GC(36) Concurrent Mark 1247.135ms
[2024-06-05T06:41:31.703+0000][7][gc,marking  ] GC(36) Concurrent Rebuild Remembered Sets
[2024-06-05T06:41:32.068+0000][7][gc,marking  ] GC(36) Concurrent Rebuild Remembered Sets 365.248ms
[2024-06-05T06:41:32.071+0000][7][gc,start    ] GC(36) Pause Cleanup
[2024-06-05T06:41:32.075+0000][7][gc          ] GC(36) Pause Cleanup 198M->198M(512M) 4.248ms
[2024-06-05T06:41:32.078+0000][7][gc,cpu      ] GC(36) User=0.00s Sys=0.00s Real=0.01s
[2024-06-05T06:41:32.079+0000][7][safepoint   ] Safepoint "G1Concurrent", Time since last: 399016900 ns, Reaching safepoint: 90400 ns, At safepoint: 8254800 ns, Total: 8345200 ns
[2024-06-05T06:41:32.081+0000][7][gc,marking  ] GC(36) Concurrent Cleanup for Next Mark
[2024-06-05T06:41:32.083+0000][7][gc,marking  ] GC(36) Concurrent Cleanup for Next Mark 1.754ms
[2024-06-05T06:41:32.084+0000][7][gc          ] GC(36) Concurrent Mark Cycle 1833.287ms
[2024-06-05T06:41:33.081+0000][7][safepoint   ] Safepoint "Cleanup", Time since last: 1001928200 ns, Reaching safepoint: 103700 ns, At safepoint: 9600 ns, Total: 113300 ns
[2024-06-05T06:41:34.085+0000][7][safepoint   ] Safepoint "Cleanup", Time since last: 1003614500 ns, Reaching safepoint: 96000 ns, At safepoint: 4200 ns, Total: 100200 ns
[2024-06-05T06:41:35.091+0000][7][safepoint   ] Safepoint "Cleanup", Time since last: 1005666400 ns, Reaching safepoint: 139600 ns, At safepoint: 9200 ns, Total: 148800 ns
[2024-06-05T06:41:36.093+0000][7][safepoint   ] Safepoint "Cleanup", Time since last: 1002062100 ns, Reaching safepoint: 98100 ns, At safepoint: 4200 ns, Total: 102300 ns
[2024-06-05T06:41:37.111+0000][7][safepoint   ] Safepoint "Cleanup", Time since last: 1018225000 ns, Reaching safepoint: 90600 ns, At safepoint: 4100 ns, Total: 94700 ns
[2024-06-05T06:41:38.115+0000][7][safepoint   ] Safepoint "Cleanup", Time since last: 1004061700 ns, Reaching safepoint: 122200 ns, At safepoint: 3800 ns, Total: 126000 ns
[2024-06-05T06:41:39.117+0000][7][safepoint   ] Safepoint "Cleanup", Time since last: 1001056000 ns, Reaching safepoint: 95400 ns, At safepoint: 10300 ns, Total: 105700 ns
[2024-06-05T06:41:41.117+0000][7][safepoint   ] Safepoint "Cleanup", Time since last: 2000837700 ns, Reaching safepoint: 59100 ns, At safepoint: 3500 ns, Total: 62600 ns
[2024-06-05T06:41:42.122+0000][7][safepoint   ] Safepoint "Cleanup", Time since last: 1004449300 ns, Reaching safepoint: 55200 ns, At safepoint: 2800 ns, Total: 58000 ns
[2024-06-05T06:41:43.131+0000][7][safepoint   ] Safepoint "Cleanup", Time since last: 1008875900 ns, Reaching safepoint: 86800 ns, At safepoint: 3600 ns, Total: 90400 ns
[2024-06-05T06:41:43.905+0000][7][gc,start    ] GC(37) Pause Young (Normal) (G1 Evacuation Pause)
[2024-06-05T06:41:43.909+0000][7][gc,task     ] GC(37) Using 2 workers of 2 for evacuation
[2024-06-05T06:41:43.910+0000][7][gc,age      ] GC(37) Desired survivor size 12582912 bytes, new threshold 15 (max threshold 15)
[2024-06-05T06:41:43.940+0000][7][gc,age      ] GC(37) Age table with threshold 15 (max threshold 15)
[2024-06-05T06:41:43.941+0000][7][gc,age      ] GC(37) - age   1:    6579880 bytes,    6579880 total
[2024-06-05T06:41:43.941+0000][7][gc,age      ] GC(37) - age   2:    1377720 bytes,    7957600 total
[2024-06-05T06:41:43.942+0000][7][gc,age      ] GC(37) - age   3:     914464 bytes,    8872064 total
[2024-06-05T06:41:43.942+0000][7][gc,age      ] GC(37) - age   4:    1940496 bytes,   10812560 total
[2024-06-05T06:41:43.942+0000][7][gc,age      ] GC(37) - age   5:     570528 bytes,   11383088 total
[2024-06-05T06:41:43.943+0000][7][gc,phases   ] GC(37)   Pre Evacuate Collection Set: 0.1ms
[2024-06-05T06:41:43.944+0000][7][gc,phases   ] GC(37)   Merge Heap Roots: 0.1ms
[2024-06-05T06:41:43.944+0000][7][gc,phases   ] GC(37)   Evacuate Collection Set: 27.8ms
[2024-06-05T06:41:43.944+0000][7][gc,phases   ] GC(37)   Post Evacuate Collection Set: 0.8ms
[2024-06-05T06:41:43.945+0000][7][gc,phases   ] GC(37)   Other: 9.6ms
[2024-06-05T06:41:43.945+0000][7][gc,heap     ] GC(37) Eden regions: 43->0(44)
[2024-06-05T06:41:43.946+0000][7][gc,heap     ] GC(37) Survivor regions: 3->3(6)
[2024-06-05T06:41:43.946+0000][7][gc,heap     ] GC(37) Old regions: 34->34
[2024-06-05T06:41:43.946+0000][7][gc,heap     ] GC(37) Archive regions: 2->2
[2024-06-05T06:41:43.947+0000][7][gc,heap     ] GC(37) Humongous regions: 5->5
[2024-06-05T06:41:43.947+0000][7][gc,metaspace] GC(37) Metaspace: 114420K(116096K)->114420K(116096K) NonClass: 99183K(100160K)->99183K(100160K) Class: 15237K(15936K)->15237K(15936K)
[2024-06-05T06:41:43.948+0000][7][gc          ] GC(37) Pause Young (Normal) (G1 Evacuation Pause) 338M->169M(512M) 42.713ms
[2024-06-05T06:41:43.948+0000][7][gc,cpu      ] GC(37) User=0.05s Sys=0.00s Real=0.04s
[2024-06-05T06:41:43.948+0000][7][safepoint   ] Safepoint "G1CollectForAllocation", Time since last: 773302000 ns, Reaching safepoint: 589100 ns, At safepoint: 43529900 ns, Total: 44119000 ns
[2024-06-05T06:41:44.964+0000][7][safepoint   ] Safepoint "Cleanup", Time since last: 1009158400 ns, Reaching safepoint: 6159600 ns, At safepoint: 18500 ns, Total: 6178100 ns
[2024-06-05T06:41:45.973+0000][7][safepoint   ] Safepoint "Cleanup", Time since last: 1003477200 ns, Reaching safepoint: 5532900 ns, At safepoint: 38300 ns, Total: 5571200 ns
[2024-06-05T06:41:46.988+0000][7][safepoint   ] Safepoint "Cleanup", Time since last: 1014826100 ns, Reaching safepoint: 91600 ns, At safepoint: 8700 ns, Total: 100300 ns
[2024-06-05T06:41:47.953+0000][7][gc,start    ] GC(38) Pause Young (Concurrent Start) (G1 Evacuation Pause)
[2024-06-05T06:41:47.957+0000][7][gc,task     ] GC(38) Using 2 workers of 2 for evacuation
[2024-06-05T06:41:47.960+0000][7][gc,age      ] GC(38) Desired survivor size 12582912 bytes, new threshold 15 (max threshold 15)
[2024-06-05T06:41:47.977+0000][7][gc,age      ] GC(38) Age table with threshold 15 (max threshold 15)
[2024-06-05T06:41:47.977+0000][7][gc,age      ] GC(38) - age   1:    5331976 bytes,    5331976 total
[2024-06-05T06:41:47.984+0000][7][gc,age      ] GC(38) - age   2:    4923160 bytes,   10255136 total
[2024-06-05T06:41:47.987+0000][7][gc,age      ] GC(38) - age   3:    1377344 bytes,   11632480 total
[2024-06-05T06:41:47.987+0000][7][gc,age      ] GC(38) - age   4:     912864 bytes,   12545344 total
[2024-06-05T06:41:47.987+0000][7][gc,age      ] GC(38) - age   5:    1940496 bytes,   14485840 total
[2024-06-05T06:41:47.988+0000][7][gc,age      ] GC(38) - age   6:     570312 bytes,   15056152 total
[2024-06-05T06:41:47.989+0000][7][gc,phases   ] GC(38)   Pre Evacuate Collection Set: 0.2ms
[2024-06-05T06:41:47.990+0000][7][gc,phases   ] GC(38)   Merge Heap Roots: 0.1ms
[2024-06-05T06:41:47.990+0000][7][gc,phases   ] GC(38)   Evacuate Collection Set: 13.8ms
[2024-06-05T06:41:47.991+0000][7][gc,phases   ] GC(38)   Post Evacuate Collection Set: 0.8ms
[2024-06-05T06:41:47.991+0000][7][gc,phases   ] GC(38)   Other: 20.8ms
[2024-06-05T06:41:47.992+0000][7][gc,heap     ] GC(38) Eden regions: 44->0(43)
[2024-06-05T06:41:47.992+0000][7][gc,heap     ] GC(38) Survivor regions: 3->4(6)
[2024-06-05T06:41:47.992+0000][7][gc,heap     ] GC(38) Old regions: 34->34
[2024-06-05T06:41:47.993+0000][7][gc,heap     ] GC(38) Archive regions: 2->2
[2024-06-05T06:41:47.993+0000][7][gc,heap     ] GC(38) Humongous regions: 5->5
[2024-06-05T06:41:47.993+0000][7][gc,metaspace] GC(38) Metaspace: 114502K(116160K)->114502K(116160K) NonClass: 99264K(100224K)->99264K(100224K) Class: 15237K(15936K)->15237K(15936K)
[2024-06-05T06:41:47.994+0000][7][gc          ] GC(38) Pause Young (Concurrent Start) (G1 Evacuation Pause) 345M->173M(512M) 40.417ms
[2024-06-05T06:41:47.995+0000][7][gc,cpu      ] GC(38) User=0.02s Sys=0.00s Real=0.04s
[2024-06-05T06:41:47.996+0000][7][safepoint   ] Safepoint "G1CollectForAllocation", Time since last: 965783200 ns, Reaching safepoint: 44100 ns, At safepoint: 42655600 ns, Total: 42699700 ns
[2024-06-05T06:41:47.996+0000][7][gc          ] GC(39) Concurrent Mark Cycle
[2024-06-05T06:41:47.997+0000][7][gc,marking  ] GC(39) Concurrent Clear Claimed Marks
[2024-06-05T06:41:47.998+0000][7][gc,marking  ] GC(39) Concurrent Clear Claimed Marks 0.574ms
[2024-06-05T06:41:48.003+0000][7][gc,marking  ] GC(39) Concurrent Scan Root Regions
[2024-06-05T06:41:48.016+0000][7][gc,marking  ] GC(39) Concurrent Scan Root Regions 12.742ms
[2024-06-05T06:41:48.022+0000][7][gc,marking  ] GC(39) Concurrent Mark
[2024-06-05T06:41:48.025+0000][7][gc,marking  ] GC(39) Concurrent Mark From Roots
[2024-06-05T06:41:48.053+0000][7][gc,task     ] GC(39) Using 1 workers of 1 for marking
[2024-06-05T06:41:48.844+0000][7][gc,marking  ] GC(39) Concurrent Mark From Roots 819.507ms
[2024-06-05T06:41:48.847+0000][7][gc,marking  ] GC(39) Concurrent Preclean
[2024-06-05T06:41:48.849+0000][7][gc,marking  ] GC(39) Concurrent Preclean 1.281ms
[2024-06-05T06:41:48.866+0000][7][gc,start    ] GC(39) Pause Remark
[2024-06-05T06:41:48.924+0000][7][gc          ] GC(39) Pause Remark 194M->194M(512M) 58.580ms
[2024-06-05T06:41:48.925+0000][7][gc,cpu      ] GC(39) User=0.03s Sys=0.00s Real=0.06s
[2024-06-05T06:41:48.925+0000][7][safepoint   ] Safepoint "G1Concurrent", Time since last: 869024900 ns, Reaching safepoint: 480000 ns, At safepoint: 59535100 ns, Total: 60015100 ns
[2024-06-05T06:41:48.927+0000][7][gc,marking  ] GC(39) Concurrent Mark 904.725ms
[2024-06-05T06:41:48.927+0000][7][gc,marking  ] GC(39) Concurrent Rebuild Remembered Sets
[2024-06-05T06:41:49.396+0000][7][gc,marking  ] GC(39) Concurrent Rebuild Remembered Sets 466.936ms
[2024-06-05T06:41:49.406+0000][7][gc,start    ] GC(39) Pause Cleanup
[2024-06-05T06:41:49.417+0000][7][gc          ] GC(39) Pause Cleanup 198M->198M(512M) 10.981ms
[2024-06-05T06:41:49.428+0000][7][gc,cpu      ] GC(39) User=0.01s Sys=0.00s Real=0.02s
[2024-06-05T06:41:49.434+0000][7][safepoint   ] Safepoint "G1Concurrent", Time since last: 480431300 ns, Reaching safepoint: 61600 ns, At safepoint: 28477200 ns, Total: 28538800 ns
[2024-06-05T06:41:49.483+0000][7][gc,marking  ] GC(39) Concurrent Cleanup for Next Mark
[2024-06-05T06:41:49.493+0000][7][gc,marking  ] GC(39) Concurrent Cleanup for Next Mark 10.480ms
[2024-06-05T06:41:49.504+0000][7][gc          ] GC(39) Concurrent Mark Cycle 1507.817ms
[2024-06-05T06:41:50.485+0000][7][safepoint   ] Safepoint "Cleanup", Time since last: 1050118900 ns, Reaching safepoint: 756500 ns, At safepoint: 11800 ns, Total: 768300 ns
[2024-06-05T06:41:51.490+0000][7][safepoint   ] Safepoint "Cleanup", Time since last: 1004057600 ns, Reaching safepoint: 67500 ns, At safepoint: 7000 ns, Total: 74500 ns
[2024-06-05T06:41:52.492+0000][7][safepoint   ] Safepoint "Cleanup", Time since last: 1001440100 ns, Reaching safepoint: 102500 ns, At safepoint: 7700 ns, Total: 110200 ns
[2024-06-05T06:41:53.493+0000][7][safepoint   ] Safepoint "Cleanup", Time since last: 1001531600 ns, Reaching safepoint: 95700 ns, At safepoint: 14500 ns, Total: 110200 ns
[2024-06-05T06:41:54.501+0000][7][safepoint   ] Safepoint "Cleanup", Time since last: 1007254900 ns, Reaching safepoint: 59800 ns, At safepoint: 3800 ns, Total: 63600 ns
[2024-06-05T06:41:55.508+0000][7][safepoint   ] Safepoint "Cleanup", Time since last: 1007359900 ns, Reaching safepoint: 92700 ns, At safepoint: 3400 ns, Total: 96100 ns
[2024-06-05T06:41:56.511+0000][7][safepoint   ] Safepoint "Cleanup", Time since last: 1003031000 ns, Reaching safepoint: 99000 ns, At safepoint: 7900 ns, Total: 106900 ns
[2024-06-05T06:41:57.533+0000][7][safepoint   ] Safepoint "Cleanup", Time since last: 1022080800 ns, Reaching safepoint: 112100 ns, At safepoint: 4800 ns, Total: 116900 ns
[2024-06-05T06:41:58.546+0000][7][safepoint   ] Safepoint "Cleanup", Time since last: 1012629300 ns, Reaching safepoint: 166600 ns, At safepoint: 31600 ns, Total: 198200 ns
[2024-06-05T06:41:59.562+0000][7][safepoint   ] Safepoint "Cleanup", Time since last: 1015363400 ns, Reaching safepoint: 88100 ns, At safepoint: 4100 ns, Total: 92200 ns
[2024-06-05T06:42:00.563+0000][7][safepoint   ] Safepoint "Cleanup", Time since last: 1000955800 ns, Reaching safepoint: 71200 ns, At safepoint: 7400 ns, Total: 78600 ns
[2024-06-05T06:42:01.563+0000][7][safepoint   ] Safepoint "Cleanup", Time since last: 1000581300 ns, Reaching safepoint: 81200 ns, At safepoint: 4300 ns, Total: 85500 ns
[2024-06-05T06:42:02.299+0000][7][gc,start    ] GC(40) Pause Young (Normal) (G1 Evacuation Pause)
[2024-06-05T06:42:02.300+0000][7][gc,task     ] GC(40) Using 2 workers of 2 for evacuation
[2024-06-05T06:42:02.301+0000][7][gc,age      ] GC(40) Desired survivor size 12582912 bytes, new threshold 5 (max threshold 15)
[2024-06-05T06:42:02.367+0000][7][gc,age      ] GC(40) Age table with threshold 5 (max threshold 15)
[2024-06-05T06:42:02.367+0000][7][gc,age      ] GC(40) - age   1:    2442216 bytes,    2442216 total
[2024-06-05T06:42:02.368+0000][7][gc,age      ] GC(40) - age   2:     309608 bytes,    2751824 total
[2024-06-05T06:42:02.368+0000][7][gc,age      ] GC(40) - age   3:    4624824 bytes,    7376648 total
[2024-06-05T06:42:02.368+0000][7][gc,age      ] GC(40) - age   4:    1368352 bytes,    8745000 total
[2024-06-05T06:42:02.369+0000][7][gc,age      ] GC(40) - age   5:     907848 bytes,    9652848 total
[2024-06-05T06:42:02.369+0000][7][gc,phases   ] GC(40)   Pre Evacuate Collection Set: 0.1ms
[2024-06-05T06:42:02.370+0000][7][gc,phases   ] GC(40)   Merge Heap Roots: 0.2ms
[2024-06-05T06:42:02.370+0000][7][gc,phases   ] GC(40)   Evacuate Collection Set: 63.8ms
[2024-06-05T06:42:02.370+0000][7][gc,phases   ] GC(40)   Post Evacuate Collection Set: 1.5ms
[2024-06-05T06:42:02.371+0000][7][gc,phases   ] GC(40)   Other: 4.5ms
[2024-06-05T06:42:02.371+0000][7][gc,heap     ] GC(40) Eden regions: 43->0(44)
[2024-06-05T06:42:02.371+0000][7][gc,heap     ] GC(40) Survivor regions: 4->3(6)
[2024-06-05T06:42:02.372+0000][7][gc,heap     ] GC(40) Old regions: 34->35
[2024-06-05T06:42:02.372+0000][7][gc,heap     ] GC(40) Archive regions: 2->2
[2024-06-05T06:42:02.372+0000][7][gc,heap     ] GC(40) Humongous regions: 5->5
[2024-06-05T06:42:02.373+0000][7][gc,metaspace] GC(40) Metaspace: 115152K(116800K)->115152K(116800K) NonClass: 99857K(100800K)->99857K(100800K) Class: 15295K(16000K)->15295K(16000K)
[2024-06-05T06:42:02.373+0000][7][gc          ] GC(40) Pause Young (Normal) (G1 Evacuation Pause) 345M->170M(512M) 73.987ms
[2024-06-05T06:42:02.373+0000][7][gc,cpu      ] GC(40) User=0.03s Sys=0.01s Real=0.07s
[2024-06-05T06:42:02.374+0000][7][safepoint   ] Safepoint "G1CollectForAllocation", Time since last: 735572900 ns, Reaching safepoint: 51700 ns, At safepoint: 74827600 ns, Total: 74879300 ns
[2024-06-05T06:42:03.375+0000][7][safepoint   ] Safepoint "Cleanup", Time since last: 1001317500 ns, Reaching safepoint: 74100 ns, At safepoint: 7700 ns, Total: 81800 ns
[2024-06-05T06:42:04.383+0000][7][safepoint   ] Safepoint "Cleanup", Time since last: 1008058100 ns, Reaching safepoint: 74700 ns, At safepoint: 4100 ns, Total: 78800 ns
[2024-06-05T06:42:05.392+0000][7][safepoint   ] Safepoint "Cleanup", Time since last: 1008085800 ns, Reaching safepoint: 617500 ns, At safepoint: 5800 ns, Total: 623300 ns
[2024-06-05T06:42:06.432+0000][7][safepoint   ] Safepoint "Cleanup", Time since last: 1040170700 ns, Reaching safepoint: 72500 ns, At safepoint: 3400 ns, Total: 75900 ns
[2024-06-05T06:42:07.468+0000][7][safepoint   ] Safepoint "Cleanup", Time since last: 1035173600 ns, Reaching safepoint: 83100 ns, At safepoint: 5400 ns, Total: 88500 ns
[2024-06-05T06:42:08.469+0000][7][safepoint   ] Safepoint "Cleanup", Time since last: 1000865600 ns, Reaching safepoint: 157700 ns, At safepoint: 4100 ns, Total: 161800 ns
[2024-06-05T06:42:09.474+0000][7][safepoint   ] Safepoint "Cleanup", Time since last: 1005438900 ns, Reaching safepoint: 38100 ns, At safepoint: 3200 ns, Total: 41300 ns
[2024-06-05T06:42:10.476+0000][7][safepoint   ] Safepoint "Cleanup", Time since last: 1001420800 ns, Reaching safepoint: 97000 ns, At safepoint: 7400 ns, Total: 104400 ns
[2024-06-05T06:42:11.477+0000][7][safepoint   ] Safepoint "Cleanup", Time since last: 1000923400 ns, Reaching safepoint: 98300 ns, At safepoint: 7800 ns, Total: 106100 ns
[2024-06-05T06:42:12.490+0000][7][safepoint   ] Safepoint "Cleanup", Time since last: 1005899000 ns, Reaching safepoint: 7470500 ns, At safepoint: 37400 ns, Total: 7507900 ns
[2024-06-05T06:42:13.506+0000][7][safepoint   ] Safepoint "Cleanup", Time since last: 1016159800 ns, Reaching safepoint: 165100 ns, At safepoint: 6900 ns, Total: 172000 ns
[2024-06-05T06:42:14.507+0000][7][safepoint   ] Safepoint "Cleanup", Time since last: 1000649000 ns, Reaching safepoint: 77800 ns, At safepoint: 7500 ns, Total: 85300 ns
[2024-06-05T06:42:15.516+0000][7][safepoint   ] Safepoint "Cleanup", Time since last: 1009164700 ns, Reaching safepoint: 46000 ns, At safepoint: 3300 ns, Total: 49300 ns
[2024-06-05T06:42:17.245+0000][7][safepoint   ] Safepoint "Cleanup", Time since last: 1728234600 ns, Reaching safepoint: 200300 ns, At safepoint: 30100 ns, Total: 230400 ns
[2024-06-05T06:42:19.077+0000][7][safepoint   ] Safepoint "Cleanup", Time since last: 1832056100 ns, Reaching safepoint: 105600 ns, At safepoint: 4000 ns, Total: 109600 ns
[2024-06-05T06:42:20.081+0000][7][safepoint   ] Safepoint "Cleanup", Time since last: 1004081300 ns, Reaching safepoint: 160900 ns, At safepoint: 25000 ns, Total: 185900 ns
[2024-06-05T06:42:21.092+0000][7][safepoint   ] Safepoint "Cleanup", Time since last: 1010491900 ns, Reaching safepoint: 98600 ns, At safepoint: 8800 ns, Total: 107400 ns
[2024-06-05T06:42:22.092+0000][7][safepoint   ] Safepoint "Cleanup", Time since last: 1000640000 ns, Reaching safepoint: 91500 ns, At safepoint: 8600 ns, Total: 100100 ns
[2024-06-05T06:42:23.094+0000][7][safepoint   ] Safepoint "Cleanup", Time since last: 1001747700 ns, Reaching safepoint: 72100 ns, At safepoint: 4100 ns, Total: 76200 ns
[2024-06-05T06:42:24.094+0000][7][safepoint   ] Safepoint "Cleanup", Time since last: 1000443700 ns, Reaching safepoint: 71700 ns, At safepoint: 3600 ns, Total: 75300 ns
[2024-06-05T06:42:25.095+0000][7][safepoint   ] Safepoint "Cleanup", Time since last: 1000578900 ns, Reaching safepoint: 71600 ns, At safepoint: 13500 ns, Total: 85100 ns
[2024-06-05T06:42:25.192+0000][7][gc,start    ] GC(41) Pause Young (Concurrent Start) (G1 Evacuation Pause)
[2024-06-05T06:42:25.192+0000][7][gc,task     ] GC(41) Using 2 workers of 2 for evacuation
[2024-06-05T06:42:25.193+0000][7][gc,age      ] GC(41) Desired survivor size 12582912 bytes, new threshold 15 (max threshold 15)
[2024-06-05T06:42:25.205+0000][7][gc,age      ] GC(41) Age table with threshold 15 (max threshold 15)
[2024-06-05T06:42:25.206+0000][7][gc,age      ] GC(41) - age   1:    5665584 bytes,    5665584 total
[2024-06-05T06:42:25.207+0000][7][gc,age      ] GC(41) - age   2:    1093256 bytes,    6758840 total
[2024-06-05T06:42:25.207+0000][7][gc,age      ] GC(41) - age   3:     169656 bytes,    6928496 total
[2024-06-05T06:42:25.207+0000][7][gc,age      ] GC(41) - age   4:    3008208 bytes,    9936704 total
[2024-06-05T06:42:25.208+0000][7][gc,age      ] GC(41) - age   5:    1357024 bytes,   11293728 total
[2024-06-05T06:42:25.208+0000][7][gc,age      ] GC(41) - age   6:     759296 bytes,   12053024 total
[2024-06-05T06:42:25.209+0000][7][gc,phases   ] GC(41)   Pre Evacuate Collection Set: 0.2ms
[2024-06-05T06:42:25.209+0000][7][gc,phases   ] GC(41)   Merge Heap Roots: 0.1ms
[2024-06-05T06:42:25.210+0000][7][gc,phases   ] GC(41)   Evacuate Collection Set: 10.2ms
[2024-06-05T06:42:25.210+0000][7][gc,phases   ] GC(41)   Post Evacuate Collection Set: 1.6ms
[2024-06-05T06:42:25.211+0000][7][gc,phases   ] GC(41)   Other: 4.9ms
[2024-06-05T06:42:25.211+0000][7][gc,heap     ] GC(41) Eden regions: 44->0(44)
[2024-06-05T06:42:25.211+0000][7][gc,heap     ] GC(41) Survivor regions: 3->4(6)
[2024-06-05T06:42:25.212+0000][7][gc,heap     ] GC(41) Old regions: 35->35
[2024-06-05T06:42:25.213+0000][7][gc,heap     ] GC(41) Archive regions: 2->2
[2024-06-05T06:42:25.213+0000][7][gc,heap     ] GC(41) Humongous regions: 5->5
[2024-06-05T06:42:25.213+0000][7][gc,metaspace] GC(41) Metaspace: 115474K(117248K)->115474K(117248K) NonClass: 100170K(101184K)->100170K(101184K) Class: 15303K(16064K)->15303K(16064K)
[2024-06-05T06:42:25.214+0000][7][gc          ] GC(41) Pause Young (Concurrent Start) (G1 Evacuation Pause) 346M->173M(512M) 22.030ms
[2024-06-05T06:42:25.214+0000][7][gc,cpu      ] GC(41) User=0.03s Sys=0.00s Real=0.03s
[2024-06-05T06:42:25.215+0000][7][safepoint   ] Safepoint "G1CollectForAllocation", Time since last: 96747900 ns, Reaching safepoint: 58200 ns, At safepoint: 23037700 ns, Total: 23095900 ns
[2024-06-05T06:42:25.215+0000][7][gc          ] GC(42) Concurrent Mark Cycle
[2024-06-05T06:42:25.216+0000][7][gc,marking  ] GC(42) Concurrent Clear Claimed Marks
[2024-06-05T06:42:25.217+0000][7][gc,marking  ] GC(42) Concurrent Clear Claimed Marks 0.525ms
[2024-06-05T06:42:25.217+0000][7][gc,marking  ] GC(42) Concurrent Scan Root Regions
[2024-06-05T06:42:25.225+0000][7][gc,marking  ] GC(42) Concurrent Scan Root Regions 7.327ms
[2024-06-05T06:42:25.227+0000][7][gc,marking  ] GC(42) Concurrent Mark
[2024-06-05T06:42:25.227+0000][7][gc,marking  ] GC(42) Concurrent Mark From Roots
[2024-06-05T06:42:25.228+0000][7][gc,task     ] GC(42) Using 1 workers of 1 for marking
[2024-06-05T06:42:25.546+0000][7][gc,marking  ] GC(42) Concurrent Mark From Roots 318.157ms
[2024-06-05T06:42:25.550+0000][7][gc,marking  ] GC(42) Concurrent Preclean
[2024-06-05T06:42:25.554+0000][7][gc,marking  ] GC(42) Concurrent Preclean 3.576ms
[2024-06-05T06:42:25.562+0000][7][gc,start    ] GC(42) Pause Remark
[2024-06-05T06:42:25.607+0000][7][gc          ] GC(42) Pause Remark 181M->181M(512M) 45.437ms
[2024-06-05T06:42:25.620+0000][7][gc,cpu      ] GC(42) User=0.05s Sys=0.01s Real=0.06s
[2024-06-05T06:42:25.627+0000][7][safepoint   ] Safepoint "G1Concurrent", Time since last: 347018100 ns, Reaching safepoint: 74800 ns, At safepoint: 65400900 ns, Total: 65475700 ns
[2024-06-05T06:42:25.638+0000][7][gc,marking  ] GC(42) Concurrent Mark 410.978ms
[2024-06-05T06:42:25.657+0000][7][gc,marking  ] GC(42) Concurrent Rebuild Remembered Sets
[2024-06-05T06:42:25.880+0000][7][gc,marking  ] GC(42) Concurrent Rebuild Remembered Sets 223.094ms
[2024-06-05T06:42:25.881+0000][7][gc,start    ] GC(42) Pause Cleanup
[2024-06-05T06:42:25.882+0000][7][gc          ] GC(42) Pause Cleanup 181M->181M(512M) 0.584ms
[2024-06-05T06:42:25.883+0000][7][gc,cpu      ] GC(42) User=0.00s Sys=0.00s Real=0.00s
[2024-06-05T06:42:25.883+0000][7][safepoint   ] Safepoint "G1Concurrent", Time since last: 253897100 ns, Reaching safepoint: 307800 ns, At safepoint: 1442600 ns, Total: 1750400 ns
[2024-06-05T06:42:25.883+0000][7][gc,marking  ] GC(42) Concurrent Cleanup for Next Mark
[2024-06-05T06:42:25.885+0000][7][gc,marking  ] GC(42) Concurrent Cleanup for Next Mark 1.399ms
[2024-06-05T06:42:25.885+0000][7][gc          ] GC(42) Concurrent Mark Cycle 670.630ms
[2024-06-05T06:42:27.884+0000][7][safepoint   ] Safepoint "Cleanup", Time since last: 2000554400 ns, Reaching safepoint: 130100 ns, At safepoint: 3600 ns, Total: 133700 ns
[2024-06-05T06:42:28.890+0000][7][safepoint   ] Safepoint "Cleanup", Time since last: 1006650900 ns, Reaching safepoint: 91700 ns, At safepoint: 3700 ns, Total: 95400 ns
[2024-06-05T06:42:29.892+0000][7][safepoint   ] Safepoint "Cleanup", Time since last: 1001572600 ns, Reaching safepoint: 58300 ns, At safepoint: 3000 ns, Total: 61300 ns
[2024-06-05T06:42:30.898+0000][7][safepoint   ] Safepoint "Cleanup", Time since last: 1005678500 ns, Reaching safepoint: 79900 ns, At safepoint: 4100 ns, Total: 84000 ns
[2024-06-05T06:42:31.900+0000][7][safepoint   ] Safepoint "Cleanup", Time since last: 1002436100 ns, Reaching safepoint: 41100 ns, At safepoint: 2900 ns, Total: 44000 ns
[2024-06-05T06:42:32.905+0000][7][safepoint   ] Safepoint "Cleanup", Time since last: 1000634800 ns, Reaching safepoint: 3620700 ns, At safepoint: 30500 ns, Total: 3651200 ns
[2024-06-05T06:42:33.534+0000][7][safepoint   ] Safepoint "ICBufferFull", Time since last: 628966300 ns, Reaching safepoint: 147100 ns, At safepoint: 10400 ns, Total: 157500 ns
[2024-06-05T06:42:34.549+0000][7][safepoint   ] Safepoint "Cleanup", Time since last: 1014900800 ns, Reaching safepoint: 207000 ns, At safepoint: 12800 ns, Total: 219800 ns
[2024-06-05T06:42:35.572+0000][7][safepoint   ] Safepoint "Cleanup", Time since last: 1022489400 ns, Reaching safepoint: 272300 ns, At safepoint: 21100 ns, Total: 293400 ns
[2024-06-05T06:42:36.573+0000][7][safepoint   ] Safepoint "Cleanup", Time since last: 1001127600 ns, Reaching safepoint: 89600 ns, At safepoint: 4400 ns, Total: 94000 ns
[2024-06-05T06:42:38.576+0000][7][safepoint   ] Safepoint "Cleanup", Time since last: 2002992900 ns, Reaching safepoint: 327300 ns, At safepoint: 32600 ns, Total: 359900 ns
[2024-06-05T06:42:39.584+0000][7][safepoint   ] Safepoint "Cleanup", Time since last: 1007575500 ns, Reaching safepoint: 108500 ns, At safepoint: 6900 ns, Total: 115400 ns
[2024-06-05T06:42:40.596+0000][7][safepoint   ] Safepoint "Cleanup", Time since last: 1012443200 ns, Reaching safepoint: 105300 ns, At safepoint: 3900 ns, Total: 109200 ns
[2024-06-05T06:42:41.599+0000][7][safepoint   ] Safepoint "Cleanup", Time since last: 1002467700 ns, Reaching safepoint: 34100 ns, At safepoint: 3200 ns, Total: 37300 ns
[2024-06-05T06:42:42.600+0000][7][safepoint   ] Safepoint "Cleanup", Time since last: 1000651000 ns, Reaching safepoint: 88100 ns, At safepoint: 3400 ns, Total: 91500 ns
[2024-06-05T06:42:42.957+0000][7][gc,start    ] GC(43) Pause Young (Normal) (G1 Evacuation Pause)
[2024-06-05T06:42:42.957+0000][7][gc,task     ] GC(43) Using 2 workers of 2 for evacuation
[2024-06-05T06:42:42.958+0000][7][gc,age      ] GC(43) Desired survivor size 12582912 bytes, new threshold 15 (max threshold 15)
[2024-06-05T06:42:42.977+0000][7][gc,age      ] GC(43) Age table with threshold 15 (max threshold 15)
[2024-06-05T06:42:42.978+0000][7][gc,age      ] GC(43) - age   1:    5366432 bytes,    5366432 total
[2024-06-05T06:42:42.992+0000][7][gc,age      ] GC(43) - age   2:    3441240 bytes,    8807672 total
[2024-06-05T06:42:42.993+0000][7][gc,age      ] GC(43) - age   3:     949928 bytes,    9757600 total
[2024-06-05T06:42:42.993+0000][7][gc,age      ] GC(43) - age   4:     168952 bytes,    9926552 total
[2024-06-05T06:42:42.994+0000][7][gc,age      ] GC(43) - age   5:    3003704 bytes,   12930256 total
[2024-06-05T06:42:42.994+0000][7][gc,age      ] GC(43) - age   6:     785840 bytes,   13716096 total
[2024-06-05T06:42:42.994+0000][7][gc,age      ] GC(43) - age   7:     755480 bytes,   14471576 total
[2024-06-05T06:42:42.995+0000][7][gc,phases   ] GC(43)   Pre Evacuate Collection Set: 2.8ms
[2024-06-05T06:42:42.995+0000][7][gc,phases   ] GC(43)   Merge Heap Roots: 0.1ms
[2024-06-05T06:42:42.996+0000][7][gc,phases   ] GC(43)   Evacuate Collection Set: 13.9ms
[2024-06-05T06:42:42.996+0000][7][gc,phases   ] GC(43)   Post Evacuate Collection Set: 1.1ms
[2024-06-05T06:42:42.997+0000][7][gc,phases   ] GC(43)   Other: 20.2ms
[2024-06-05T06:42:42.997+0000][7][gc,heap     ] GC(43) Eden regions: 44->0(44)
[2024-06-05T06:42:42.997+0000][7][gc,heap     ] GC(43) Survivor regions: 4->4(6)
[2024-06-05T06:42:42.998+0000][7][gc,heap     ] GC(43) Old regions: 35->35
[2024-06-05T06:42:42.998+0000][7][gc,heap     ] GC(43) Archive regions: 2->2
[2024-06-05T06:42:42.998+0000][7][gc,heap     ] GC(43) Humongous regions: 5->5
[2024-06-05T06:42:42.999+0000][7][gc,metaspace] GC(43) Metaspace: 117046K(118720K)->117046K(118720K) NonClass: 101503K(102464K)->101503K(102464K) Class: 15542K(16256K)->15542K(16256K)
[2024-06-05T06:42:42.999+0000][7][gc          ] GC(43) Pause Young (Normal) (G1 Evacuation Pause) 349M->175M(512M) 42.617ms
[2024-06-05T06:42:43.000+0000][7][gc,cpu      ] GC(43) User=0.03s Sys=0.00s Real=0.04s
[2024-06-05T06:42:43.000+0000][7][safepoint   ] Safepoint "G1CollectForAllocation", Time since last: 356558800 ns, Reaching safepoint: 388300 ns, At safepoint: 43551400 ns, Total: 43939700 ns
[2024-06-05T06:42:44.002+0000][7][safepoint   ] Safepoint "Cleanup", Time since last: 1001539500 ns, Reaching safepoint: 137500 ns, At safepoint: 4900 ns, Total: 142400 ns
[2024-06-05T06:42:45.005+0000][7][safepoint   ] Safepoint "Cleanup", Time since last: 1002938800 ns, Reaching safepoint: 107600 ns, At safepoint: 4100 ns, Total: 111700 ns
[2024-06-05T06:42:46.013+0000][7][safepoint   ] Safepoint "Cleanup", Time since last: 1008316800 ns, Reaching safepoint: 117100 ns, At safepoint: 4400 ns, Total: 121500 ns
[2024-06-05T06:42:47.015+0000][7][safepoint   ] Safepoint "Cleanup", Time since last: 1001524800 ns, Reaching safepoint: 142900 ns, At safepoint: 8900 ns, Total: 151800 ns
[2024-06-05T06:42:48.016+0000][7][safepoint   ] Safepoint "Cleanup", Time since last: 1001033200 ns, Reaching safepoint: 156600 ns, At safepoint: 7300 ns, Total: 163900 ns
[2024-06-05T06:42:49.019+0000][7][safepoint   ] Safepoint "Cleanup", Time since last: 1002562900 ns, Reaching safepoint: 80500 ns, At safepoint: 4100 ns, Total: 84600 ns
[2024-06-05T06:42:50.020+0000][7][safepoint   ] Safepoint "Cleanup", Time since last: 1001006200 ns, Reaching safepoint: 90500 ns, At safepoint: 4000 ns, Total: 94500 ns
[2024-06-05T06:42:51.021+0000][7][safepoint   ] Safepoint "Cleanup", Time since last: 1000935900 ns, Reaching safepoint: 63500 ns, At safepoint: 3200 ns, Total: 66700 ns
[2024-06-05T06:42:52.071+0000][7][safepoint   ] Safepoint "Cleanup", Time since last: 1042142700 ns, Reaching safepoint: 114100 ns, At safepoint: 4800 ns, Total: 118900 ns
[2024-06-05T06:42:53.073+0000][7][safepoint   ] Safepoint "Cleanup", Time since last: 1001996800 ns, Reaching safepoint: 39600 ns, At safepoint: 3200 ns, Total: 42800 ns
[2024-06-05T06:42:54.074+0000][7][safepoint   ] Safepoint "Cleanup", Time since last: 1000933900 ns, Reaching safepoint: 184600 ns, At safepoint: 28300 ns, Total: 212900 ns
[2024-06-05T06:42:55.087+0000][7][safepoint   ] Safepoint "Cleanup", Time since last: 1005232600 ns, Reaching safepoint: 7687200 ns, At safepoint: 32900 ns, Total: 7720100 ns
[2024-06-05T06:42:56.104+0000][7][safepoint   ] Safepoint "Cleanup", Time since last: 1017108600 ns, Reaching safepoint: 94200 ns, At safepoint: 8600 ns, Total: 102800 ns
[2024-06-05T06:42:57.105+0000][7][safepoint   ] Safepoint "Cleanup", Time since last: 1001109900 ns, Reaching safepoint: 38700 ns, At safepoint: 2800 ns, Total: 41500 ns
[2024-06-05T06:42:58.115+0000][7][safepoint   ] Safepoint "Cleanup", Time since last: 1009614400 ns, Reaching safepoint: 108400 ns, At safepoint: 4600 ns, Total: 113000 ns
[2024-06-05T06:42:59.115+0000][7][safepoint   ] Safepoint "Cleanup", Time since last: 1000397200 ns, Reaching safepoint: 58500 ns, At safepoint: 2900 ns, Total: 61400 ns
[2024-06-05T06:43:00.116+0000][7][safepoint   ] Safepoint "Cleanup", Time since last: 1000573100 ns, Reaching safepoint: 89700 ns, At safepoint: 8300 ns, Total: 98000 ns
[2024-06-05T06:43:01.117+0000][7][safepoint   ] Safepoint "Cleanup", Time since last: 1000617800 ns, Reaching safepoint: 102300 ns, At safepoint: 7700 ns, Total: 110000 ns
[2024-06-05T06:43:02.131+0000][7][safepoint   ] Safepoint "Cleanup", Time since last: 1013909800 ns, Reaching safepoint: 42400 ns, At safepoint: 2600 ns, Total: 45000 ns
[2024-06-05T06:43:03.132+0000][7][safepoint   ] Safepoint "Cleanup", Time since last: 1001427800 ns, Reaching safepoint: 37000 ns, At safepoint: 3100 ns, Total: 40100 ns
[2024-06-05T06:43:04.153+0000][7][safepoint   ] Safepoint "Cleanup", Time since last: 1020812200 ns, Reaching safepoint: 38100 ns, At safepoint: 3300 ns, Total: 41400 ns
[2024-06-05T06:43:06.156+0000][7][safepoint   ] Safepoint "Cleanup", Time since last: 2002449500 ns, Reaching safepoint: 41100 ns, At safepoint: 3500 ns, Total: 44600 ns
[2024-06-05T06:43:07.065+0000][7][gc,start    ] GC(44) Pause Young (Concurrent Start) (G1 Evacuation Pause)
[2024-06-05T06:43:07.069+0000][7][gc,task     ] GC(44) Using 2 workers of 2 for evacuation
[2024-06-05T06:43:07.070+0000][7][gc,age      ] GC(44) Desired survivor size 12582912 bytes, new threshold 5 (max threshold 15)
[2024-06-05T06:43:07.129+0000][7][gc,age      ] GC(44) Age table with threshold 5 (max threshold 15)
[2024-06-05T06:43:07.129+0000][7][gc,age      ] GC(44) - age   1:    5465472 bytes,    5465472 total
[2024-06-05T06:43:07.129+0000][7][gc,age      ] GC(44) - age   2:    2500568 bytes,    7966040 total
[2024-06-05T06:43:07.130+0000][7][gc,age      ] GC(44) - age   3:    2550256 bytes,   10516296 total
[2024-06-05T06:43:07.130+0000][7][gc,age      ] GC(44) - age   4:     558080 bytes,   11074376 total
[2024-06-05T06:43:07.130+0000][7][gc,age      ] GC(44) - age   5:     168760 bytes,   11243136 total
[2024-06-05T06:43:07.131+0000][7][gc,phases   ] GC(44)   Pre Evacuate Collection Set: 0.2ms
[2024-06-05T06:43:07.131+0000][7][gc,phases   ] GC(44)   Merge Heap Roots: 0.1ms
[2024-06-05T06:43:07.131+0000][7][gc,phases   ] GC(44)   Evacuate Collection Set: 56.6ms
[2024-06-05T06:43:07.132+0000][7][gc,phases   ] GC(44)   Post Evacuate Collection Set: 0.8ms
[2024-06-05T06:43:07.132+0000][7][gc,phases   ] GC(44)   Other: 8.3ms
[2024-06-05T06:43:07.132+0000][7][gc,heap     ] GC(44) Eden regions: 44->0(44)
[2024-06-05T06:43:07.133+0000][7][gc,heap     ] GC(44) Survivor regions: 4->3(6)
[2024-06-05T06:43:07.133+0000][7][gc,heap     ] GC(44) Old regions: 35->36
[2024-06-05T06:43:07.133+0000][7][gc,heap     ] GC(44) Archive regions: 2->2
[2024-06-05T06:43:07.134+0000][7][gc,heap     ] GC(44) Humongous regions: 5->5
[2024-06-05T06:43:07.134+0000][7][gc,metaspace] GC(44) Metaspace: 117313K(119040K)->117313K(119040K) NonClass: 101769K(102784K)->101769K(102784K) Class: 15544K(16256K)->15544K(16256K)
[2024-06-05T06:43:07.134+0000][7][gc          ] GC(44) Pause Young (Concurrent Start) (G1 Evacuation Pause) 351M->176M(512M) 69.463ms
[2024-06-05T06:43:07.135+0000][7][gc,cpu      ] GC(44) User=0.02s Sys=0.02s Real=0.07s
[2024-06-05T06:43:07.135+0000][7][safepoint   ] Safepoint "G1CollectForAllocation", Time since last: 908891000 ns, Reaching safepoint: 191900 ns, At safepoint: 70405400 ns, Total: 70597300 ns
[2024-06-05T06:43:07.135+0000][7][gc          ] GC(45) Concurrent Mark Cycle
[2024-06-05T06:43:07.136+0000][7][gc,marking  ] GC(45) Concurrent Clear Claimed Marks
[2024-06-05T06:43:07.136+0000][7][gc,marking  ] GC(45) Concurrent Clear Claimed Marks 0.419ms
[2024-06-05T06:43:07.137+0000][7][gc,marking  ] GC(45) Concurrent Scan Root Regions
[2024-06-05T06:43:07.144+0000][7][gc,marking  ] GC(45) Concurrent Scan Root Regions 7.648ms
[2024-06-05T06:43:07.145+0000][7][gc,marking  ] GC(45) Concurrent Mark
[2024-06-05T06:43:07.145+0000][7][gc,marking  ] GC(45) Concurrent Mark From Roots
[2024-06-05T06:43:07.146+0000][7][gc,task     ] GC(45) Using 1 workers of 1 for marking
[2024-06-05T06:43:07.534+0000][7][gc,marking  ] GC(45) Concurrent Mark From Roots 388.532ms
[2024-06-05T06:43:07.537+0000][7][gc,marking  ] GC(45) Concurrent Preclean
[2024-06-05T06:43:07.537+0000][7][gc,marking  ] GC(45) Concurrent Preclean 0.765ms
[2024-06-05T06:43:07.538+0000][7][gc,start    ] GC(45) Pause Remark
[2024-06-05T06:43:07.568+0000][7][gc          ] GC(45) Pause Remark 178M->178M(512M) 29.332ms
[2024-06-05T06:43:07.572+0000][7][gc,cpu      ] GC(45) User=0.06s Sys=0.00s Real=0.04s
[2024-06-05T06:43:07.575+0000][7][safepoint   ] Safepoint "G1Concurrent", Time since last: 403343600 ns, Reaching safepoint: 46300 ns, At safepoint: 36176000 ns, Total: 36222300 ns
[2024-06-05T06:43:07.579+0000][7][gc,marking  ] GC(45) Concurrent Mark 434.485ms
[2024-06-05T06:43:07.580+0000][7][gc,marking  ] GC(45) Concurrent Rebuild Remembered Sets
[2024-06-05T06:43:07.753+0000][7][gc,marking  ] GC(45) Concurrent Rebuild Remembered Sets 173.077ms
[2024-06-05T06:43:07.754+0000][7][gc,start    ] GC(45) Pause Cleanup
[2024-06-05T06:43:07.755+0000][7][gc          ] GC(45) Pause Cleanup 180M->180M(512M) 1.050ms
[2024-06-05T06:43:07.756+0000][7][gc,cpu      ] GC(45) User=0.00s Sys=0.00s Real=0.00s
[2024-06-05T06:43:07.756+0000][7][safepoint   ] Safepoint "G1Concurrent", Time since last: 179399000 ns, Reaching safepoint: 24100 ns, At safepoint: 2084500 ns, Total: 2108600 ns
[2024-06-05T06:43:07.757+0000][7][gc,marking  ] GC(45) Concurrent Cleanup for Next Mark
[2024-06-05T06:43:07.759+0000][7][gc,marking  ] GC(45) Concurrent Cleanup for Next Mark 2.670ms
[2024-06-05T06:43:07.762+0000][7][gc          ] GC(45) Concurrent Mark Cycle 626.811ms
[2024-06-05T06:43:08.757+0000][7][safepoint   ] Safepoint "Cleanup", Time since last: 1000521200 ns, Reaching safepoint: 92500 ns, At safepoint: 4600 ns, Total: 97100 ns
[2024-06-05T06:43:09.758+0000][7][safepoint   ] Safepoint "Cleanup", Time since last: 1000692500 ns, Reaching safepoint: 106100 ns, At safepoint: 4200 ns, Total: 110300 ns
[2024-06-05T06:43:10.805+0000][7][safepoint   ] Safepoint "Cleanup", Time since last: 1047777300 ns, Reaching safepoint: 110800 ns, At safepoint: 4100 ns, Total: 114900 ns
[2024-06-05T06:43:11.806+0000][7][safepoint   ] Safepoint "Cleanup", Time since last: 1000658600 ns, Reaching safepoint: 92400 ns, At safepoint: 7600 ns, Total: 100000 ns
[2024-06-05T06:43:12.811+0000][7][safepoint   ] Safepoint "Cleanup", Time since last: 1005086700 ns, Reaching safepoint: 66300 ns, At safepoint: 9300 ns, Total: 75600 ns
[2024-06-05T06:43:13.816+0000][7][safepoint   ] Safepoint "Cleanup", Time since last: 1004213700 ns, Reaching safepoint: 123200 ns, At safepoint: 4700 ns, Total: 127900 ns
[2024-06-05T06:43:14.816+0000][7][safepoint   ] Safepoint "Cleanup", Time since last: 1000671000 ns, Reaching safepoint: 92000 ns, At safepoint: 9800 ns, Total: 101800 ns
[2024-06-05T06:43:15.818+0000][7][safepoint   ] Safepoint "Cleanup", Time since last: 1001059400 ns, Reaching safepoint: 38100 ns, At safepoint: 2800 ns, Total: 40900 ns
[2024-06-05T06:43:16.819+0000][7][safepoint   ] Safepoint "Cleanup", Time since last: 1001300900 ns, Reaching safepoint: 113700 ns, At safepoint: 7500 ns, Total: 121200 ns
[2024-06-05T06:43:17.820+0000][7][safepoint   ] Safepoint "Cleanup", Time since last: 1001240800 ns, Reaching safepoint: 88400 ns, At safepoint: 5000 ns, Total: 93400 ns
[2024-06-05T06:43:18.825+0000][7][safepoint   ] Safepoint "Cleanup", Time since last: 1004218600 ns, Reaching safepoint: 95500 ns, At safepoint: 8000 ns, Total: 103500 ns
[2024-06-05T06:43:19.828+0000][7][safepoint   ] Safepoint "Cleanup", Time since last: 1002894200 ns, Reaching safepoint: 76100 ns, At safepoint: 4600 ns, Total: 80700 ns
[2024-06-05T06:43:20.828+0000][7][safepoint   ] Safepoint "Cleanup", Time since last: 1000648400 ns, Reaching safepoint: 106200 ns, At safepoint: 3800 ns, Total: 110000 ns
[2024-06-05T06:43:22.827+0000][7][safepoint   ] Safepoint "Cleanup", Time since last: 2001378300 ns, Reaching safepoint: 134800 ns, At safepoint: 4500 ns, Total: 139300 ns
[2024-06-05T06:43:23.828+0000][7][safepoint   ] Safepoint "Cleanup", Time since last: 1000709000 ns, Reaching safepoint: 90800 ns, At safepoint: 4100 ns, Total: 94900 ns
[2024-06-05T06:43:24.829+0000][7][safepoint   ] Safepoint "Cleanup", Time since last: 1000679900 ns, Reaching safepoint: 125900 ns, At safepoint: 8700 ns, Total: 134600 ns
[2024-06-05T06:43:25.830+0000][7][safepoint   ] Safepoint "Cleanup", Time since last: 1001527100 ns, Reaching safepoint: 41900 ns, At safepoint: 3000 ns, Total: 44900 ns
[2024-06-05T06:43:26.834+0000][7][safepoint   ] Safepoint "Cleanup", Time since last: 1003713100 ns, Reaching safepoint: 81700 ns, At safepoint: 7600 ns, Total: 89300 ns
[2024-06-05T06:43:27.835+0000][7][safepoint   ] Safepoint "Cleanup", Time since last: 1000704000 ns, Reaching safepoint: 34800 ns, At safepoint: 3200 ns, Total: 38000 ns
[2024-06-05T06:43:28.839+0000][7][safepoint   ] Safepoint "Cleanup", Time since last: 1004297800 ns, Reaching safepoint: 84000 ns, At safepoint: 8300 ns, Total: 92300 ns
[2024-06-05T06:43:29.840+0000][7][safepoint   ] Safepoint "Cleanup", Time since last: 1000948100 ns, Reaching safepoint: 105400 ns, At safepoint: 4700 ns, Total: 110100 ns
[2024-06-05T06:43:30.841+0000][7][safepoint   ] Safepoint "Cleanup", Time since last: 1000977100 ns, Reaching safepoint: 178900 ns, At safepoint: 8500 ns, Total: 187400 ns
[2024-06-05T06:43:31.844+0000][7][safepoint   ] Safepoint "Cleanup", Time since last: 1002514300 ns, Reaching safepoint: 40000 ns, At safepoint: 3500 ns, Total: 43500 ns
[2024-06-05T06:43:31.917+0000][7][gc,start    ] GC(46) Pause Young (Normal) (G1 Evacuation Pause)
[2024-06-05T06:43:31.930+0000][7][gc,task     ] GC(46) Using 2 workers of 2 for evacuation
[2024-06-05T06:43:31.932+0000][7][gc,age      ] GC(46) Desired survivor size 12582912 bytes, new threshold 15 (max threshold 15)
[2024-06-05T06:43:31.960+0000][7][gc,age      ] GC(46) Age table with threshold 15 (max threshold 15)
[2024-06-05T06:43:31.969+0000][7][gc,age      ] GC(46) - age   1:    4676608 bytes,    4676608 total
[2024-06-05T06:43:31.981+0000][7][gc,age      ] GC(46) - age   2:    3006936 bytes,    7683544 total
[2024-06-05T06:43:31.988+0000][7][gc,age      ] GC(46) - age   3:    2457784 bytes,   10141328 total
[2024-06-05T06:43:31.997+0000][7][gc,age      ] GC(46) - age   4:    2541592 bytes,   12682920 total
[2024-06-05T06:43:32.001+0000][7][gc,age      ] GC(46) - age   5:     550000 bytes,   13232920 total
[2024-06-05T06:43:32.039+0000][7][gc,age      ] GC(46) - age   6:     168664 bytes,   13401584 total
[2024-06-05T06:43:32.043+0000][7][gc,phases   ] GC(46)   Pre Evacuate Collection Set: 0.6ms
[2024-06-05T06:43:32.047+0000][7][gc,phases   ] GC(46)   Merge Heap Roots: 2.5ms
[2024-06-05T06:43:32.047+0000][7][gc,phases   ] GC(46)   Evacuate Collection Set: 23.5ms
[2024-06-05T06:43:32.049+0000][7][gc,phases   ] GC(46)   Post Evacuate Collection Set: 0.9ms
[2024-06-05T06:43:32.050+0000][7][gc,phases   ] GC(46)   Other: 98.7ms
[2024-06-05T06:43:32.058+0000][7][gc,heap     ] GC(46) Eden regions: 44->0(43)
[2024-06-05T06:43:32.060+0000][7][gc,heap     ] GC(46) Survivor regions: 3->4(6)
[2024-06-05T06:43:32.066+0000][7][gc,heap     ] GC(46) Old regions: 36->36
[2024-06-05T06:43:32.070+0000][7][gc,heap     ] GC(46) Archive regions: 2->2
[2024-06-05T06:43:32.081+0000][7][gc,heap     ] GC(46) Humongous regions: 5->5
[2024-06-05T06:43:32.084+0000][7][gc,metaspace] GC(46) Metaspace: 117574K(119360K)->117574K(119360K) NonClass: 102028K(103040K)->102028K(103040K) Class: 15546K(16320K)->15546K(16320K)
[2024-06-05T06:43:32.086+0000][7][gc          ] GC(46) Pause Young (Normal) (G1 Evacuation Pause) 352M->178M(512M) 168.229ms
[2024-06-05T06:43:32.091+0000][7][gc,cpu      ] GC(46) User=0.18s Sys=0.01s Real=0.18s
[2024-06-05T06:43:32.096+0000][7][safepoint   ] Safepoint "G1CollectForAllocation", Time since last: 73236100 ns, Reaching safepoint: 28700 ns, At safepoint: 178763400 ns, Total: 178792100 ns
[2024-06-05T06:43:33.112+0000][7][safepoint   ] Safepoint "Cleanup", Time since last: 1016066400 ns, Reaching safepoint: 108700 ns, At safepoint: 31200 ns, Total: 139900 ns
[2024-06-05T06:43:34.113+0000][7][safepoint   ] Safepoint "Cleanup", Time since last: 1000697700 ns, Reaching safepoint: 113500 ns, At safepoint: 8400 ns, Total: 121900 ns
[2024-06-05T06:43:36.114+0000][7][safepoint   ] Safepoint "Cleanup", Time since last: 2001171400 ns, Reaching safepoint: 144000 ns, At safepoint: 3700 ns, Total: 147700 ns
[2024-06-05T06:43:37.115+0000][7][safepoint   ] Safepoint "Cleanup", Time since last: 1000563000 ns, Reaching safepoint: 122200 ns, At safepoint: 8400 ns, Total: 130600 ns
[2024-06-05T06:43:38.118+0000][7][safepoint   ] Safepoint "Cleanup", Time since last: 1002886800 ns, Reaching safepoint: 85900 ns, At safepoint: 7500 ns, Total: 93400 ns
[2024-06-05T06:43:40.119+0000][7][safepoint   ] Safepoint "Cleanup", Time since last: 2001252800 ns, Reaching safepoint: 82300 ns, At safepoint: 8900 ns, Total: 91200 ns
[2024-06-05T06:43:41.135+0000][7][safepoint   ] Safepoint "Cleanup", Time since last: 1015861200 ns, Reaching safepoint: 81200 ns, At safepoint: 4400 ns, Total: 85600 ns
[2024-06-05T06:43:42.136+0000][7][safepoint   ] Safepoint "Cleanup", Time since last: 1000875500 ns, Reaching safepoint: 57100 ns, At safepoint: 4200 ns, Total: 61300 ns
[2024-06-05T06:43:43.137+0000][7][safepoint   ] Safepoint "Cleanup", Time since last: 1000521800 ns, Reaching safepoint: 124100 ns, At safepoint: 4100 ns, Total: 128200 ns
[2024-06-05T06:43:44.138+0000][7][safepoint   ] Safepoint "Cleanup", Time since last: 1000709200 ns, Reaching safepoint: 87800 ns, At safepoint: 4200 ns, Total: 92000 ns
[2024-06-05T06:43:45.140+0000][7][safepoint   ] Safepoint "Cleanup", Time since last: 1001871200 ns, Reaching safepoint: 102800 ns, At safepoint: 8700 ns, Total: 111500 ns
[2024-06-05T06:43:46.140+0000][7][safepoint   ] Safepoint "Cleanup", Time since last: 1000662100 ns, Reaching safepoint: 62700 ns, At safepoint: 3500 ns, Total: 66200 ns
[2024-06-05T06:43:47.141+0000][7][safepoint   ] Safepoint "Cleanup", Time since last: 1000596900 ns, Reaching safepoint: 36000 ns, At safepoint: 3200 ns, Total: 39200 ns
[2024-06-05T06:43:48.155+0000][7][safepoint   ] Safepoint "Cleanup", Time since last: 1014196800 ns, Reaching safepoint: 98600 ns, At safepoint: 3900 ns, Total: 102500 ns
[2024-06-05T06:43:49.160+0000][7][safepoint   ] Safepoint "Cleanup", Time since last: 1004856000 ns, Reaching safepoint: 109400 ns, At safepoint: 6900 ns, Total: 116300 ns
[2024-06-05T06:43:50.163+0000][7][safepoint   ] Safepoint "Cleanup", Time since last: 1002804100 ns, Reaching safepoint: 77500 ns, At safepoint: 4200 ns, Total: 81700 ns
[2024-06-05T06:43:51.164+0000][7][safepoint   ] Safepoint "Cleanup", Time since last: 1000610300 ns, Reaching safepoint: 81500 ns, At safepoint: 3800 ns, Total: 85300 ns
[2024-06-05T06:43:52.161+0000][7][safepoint   ] Safepoint "Cleanup", Time since last: 1001636100 ns, Reaching safepoint: 48500 ns, At safepoint: 3300 ns, Total: 51800 ns
[2024-06-05T06:43:53.163+0000][7][safepoint   ] Safepoint "Cleanup", Time since last: 1001996600 ns, Reaching safepoint: 67700 ns, At safepoint: 7100 ns, Total: 74800 ns
[2024-06-05T06:43:53.470+0000][7][gc,start    ] GC(47) Pause Young (Concurrent Start) (G1 Evacuation Pause)
[2024-06-05T06:43:53.471+0000][7][gc,task     ] GC(47) Using 2 workers of 2 for evacuation
[2024-06-05T06:43:53.472+0000][7][gc,age      ] GC(47) Desired survivor size 12582912 bytes, new threshold 4 (max threshold 15)
[2024-06-05T06:43:53.567+0000][7][gc,age      ] GC(47) Age table with threshold 4 (max threshold 15)
[2024-06-05T06:43:53.568+0000][7][gc,age      ] GC(47) - age   1:    5027400 bytes,    5027400 total
[2024-06-05T06:43:53.568+0000][7][gc,age      ] GC(47) - age   2:    3101112 bytes,    8128512 total
[2024-06-05T06:43:53.568+0000][7][gc,age      ] GC(47) - age   3:    2807160 bytes,   10935672 total
[2024-06-05T06:43:53.569+0000][7][gc,age      ] GC(47) - age   4:    2455136 bytes,   13390808 total
[2024-06-05T06:43:53.570+0000][7][gc,phases   ] GC(47)   Pre Evacuate Collection Set: 0.2ms
[2024-06-05T06:43:53.570+0000][7][gc,phases   ] GC(47)   Merge Heap Roots: 0.2ms
[2024-06-05T06:43:53.571+0000][7][gc,phases   ] GC(47)   Evacuate Collection Set: 92.3ms
[2024-06-05T06:43:53.571+0000][7][gc,phases   ] GC(47)   Post Evacuate Collection Set: 1.1ms
[2024-06-05T06:43:53.571+0000][7][gc,phases   ] GC(47)   Other: 6.2ms
[2024-06-05T06:43:53.571+0000][7][gc,heap     ] GC(47) Eden regions: 43->0(43)
[2024-06-05T06:43:53.572+0000][7][gc,heap     ] GC(47) Survivor regions: 4->4(6)
[2024-06-05T06:43:53.573+0000][7][gc,heap     ] GC(47) Old regions: 36->36
[2024-06-05T06:43:53.573+0000][7][gc,heap     ] GC(47) Archive regions: 2->2
[2024-06-05T06:43:53.574+0000][7][gc,heap     ] GC(47) Humongous regions: 5->5
[2024-06-05T06:43:53.574+0000][7][gc,metaspace] GC(47) Metaspace: 117800K(119552K)->117800K(119552K) NonClass: 102252K(103232K)->102252K(103232K) Class: 15547K(16320K)->15547K(16320K)
[2024-06-05T06:43:53.574+0000][7][gc          ] GC(47) Pause Young (Concurrent Start) (G1 Evacuation Pause) 350M->182M(512M) 104.693ms
[2024-06-05T06:43:53.575+0000][7][gc,cpu      ] GC(47) User=0.02s Sys=0.01s Real=0.11s
[2024-06-05T06:43:53.575+0000][7][gc          ] GC(48) Concurrent Mark Cycle
[2024-06-05T06:43:53.575+0000][7][gc,marking  ] GC(48) Concurrent Clear Claimed Marks
[2024-06-05T06:43:53.576+0000][7][gc,marking  ] GC(48) Concurrent Clear Claimed Marks 0.693ms
[2024-06-05T06:43:53.575+0000][7][safepoint   ] Safepoint "G1CollectForAllocation", Time since last: 306533600 ns, Reaching safepoint: 76300 ns, At safepoint: 105786100 ns, Total: 105862400 ns
[2024-06-05T06:43:53.576+0000][7][gc,marking  ] GC(48) Concurrent Scan Root Regions
[2024-06-05T06:43:53.590+0000][7][gc,marking  ] GC(48) Concurrent Scan Root Regions 13.816ms
[2024-06-05T06:43:53.597+0000][7][gc,marking  ] GC(48) Concurrent Mark
[2024-06-05T06:43:53.598+0000][7][gc,marking  ] GC(48) Concurrent Mark From Roots
[2024-06-05T06:43:53.598+0000][7][gc,task     ] GC(48) Using 1 workers of 1 for marking
[2024-06-05T06:43:53.918+0000][7][gc,marking  ] GC(48) Concurrent Mark From Roots 320.048ms
[2024-06-05T06:43:53.920+0000][7][gc,marking  ] GC(48) Concurrent Preclean
[2024-06-05T06:43:53.921+0000][7][gc,marking  ] GC(48) Concurrent Preclean 1.286ms
[2024-06-05T06:43:53.922+0000][7][gc,start    ] GC(48) Pause Remark
[2024-06-05T06:43:53.950+0000][7][gc          ] GC(48) Pause Remark 185M->185M(512M) 28.511ms
[2024-06-05T06:43:53.951+0000][7][gc,cpu      ] GC(48) User=0.04s Sys=0.00s Real=0.03s
[2024-06-05T06:43:53.951+0000][7][safepoint   ] Safepoint "G1Concurrent", Time since last: 346167200 ns, Reaching safepoint: 79900 ns, At safepoint: 29438800 ns, Total: 29518700 ns
[2024-06-05T06:43:53.952+0000][7][gc,marking  ] GC(48) Concurrent Mark 354.641ms
[2024-06-05T06:43:53.954+0000][7][gc,marking  ] GC(48) Concurrent Rebuild Remembered Sets
[2024-06-05T06:43:54.624+0000][7][gc,marking  ] GC(48) Concurrent Rebuild Remembered Sets 670.258ms
[2024-06-05T06:43:54.626+0000][7][gc,start    ] GC(48) Pause Cleanup
[2024-06-05T06:43:54.627+0000][7][gc          ] GC(48) Pause Cleanup 185M->185M(512M) 1.223ms
[2024-06-05T06:43:54.628+0000][7][gc,cpu      ] GC(48) User=0.00s Sys=0.00s Real=0.00s
[2024-06-05T06:43:54.629+0000][7][safepoint   ] Safepoint "G1Concurrent", Time since last: 674934800 ns, Reaching safepoint: 66600 ns, At safepoint: 2454500 ns, Total: 2521100 ns
[2024-06-05T06:43:54.629+0000][7][gc,marking  ] GC(48) Concurrent Cleanup for Next Mark
[2024-06-05T06:43:54.632+0000][7][gc,marking  ] GC(48) Concurrent Cleanup for Next Mark 2.765ms
[2024-06-05T06:43:54.648+0000][7][gc          ] GC(48) Concurrent Mark Cycle 1072.523ms
[2024-06-05T06:43:55.525+0000][7][safepoint   ] Safepoint "ICBufferFull", Time since last: 895785000 ns, Reaching safepoint: 172700 ns, At safepoint: 3900 ns, Total: 176600 ns
[2024-06-05T06:43:56.583+0000][7][safepoint   ] Safepoint "Cleanup", Time since last: 1011574500 ns, Reaching safepoint: 47105000 ns, At safepoint: 13600 ns, Total: 47118600 ns
[2024-06-05T06:43:58.022+0000][7][safepoint   ] Safepoint "ICBufferFull", Time since last: 1438464000 ns, Reaching safepoint: 149200 ns, At safepoint: 7500 ns, Total: 156700 ns
[2024-06-05T06:43:59.023+0000][7][safepoint   ] Safepoint "Cleanup", Time since last: 1000544400 ns, Reaching safepoint: 135300 ns, At safepoint: 3800 ns, Total: 139100 ns
[2024-06-05T06:44:00.032+0000][7][safepoint   ] Safepoint "Cleanup", Time since last: 1008677600 ns, Reaching safepoint: 735200 ns, At safepoint: 12700 ns, Total: 747900 ns
[2024-06-05T06:44:01.038+0000][7][safepoint   ] Safepoint "Cleanup", Time since last: 1005578400 ns, Reaching safepoint: 82200 ns, At safepoint: 8100 ns, Total: 90300 ns
[2024-06-05T06:44:02.038+0000][7][safepoint   ] Safepoint "Cleanup", Time since last: 1000641100 ns, Reaching safepoint: 75200 ns, At safepoint: 3300 ns, Total: 78500 ns
[2024-06-05T06:44:03.039+0000][7][safepoint   ] Safepoint "Cleanup", Time since last: 1000965400 ns, Reaching safepoint: 77200 ns, At safepoint: 3900 ns, Total: 81100 ns
[2024-06-05T06:44:04.046+0000][7][safepoint   ] Safepoint "Cleanup", Time since last: 1006645400 ns, Reaching safepoint: 90600 ns, At safepoint: 3300 ns, Total: 93900 ns
[2024-06-05T06:44:05.062+0000][7][safepoint   ] Safepoint "Cleanup", Time since last: 1016145600 ns, Reaching safepoint: 110700 ns, At safepoint: 7300 ns, Total: 118000 ns
[2024-06-05T06:44:06.063+0000][7][safepoint   ] Safepoint "Cleanup", Time since last: 1000816500 ns, Reaching safepoint: 67000 ns, At safepoint: 3100 ns, Total: 70100 ns
[2024-06-05T06:44:07.064+0000][7][safepoint   ] Safepoint "Cleanup", Time since last: 1000739300 ns, Reaching safepoint: 67700 ns, At safepoint: 3200 ns, Total: 70900 ns
[2024-06-05T06:44:08.068+0000][7][safepoint   ] Safepoint "Cleanup", Time since last: 1003296600 ns, Reaching safepoint: 147400 ns, At safepoint: 4300 ns, Total: 151700 ns
[2024-06-05T06:44:08.615+0000][7][safepoint   ] Safepoint "ICBufferFull", Time since last: 547081200 ns, Reaching safepoint: 293400 ns, At safepoint: 15700 ns, Total: 309100 ns
[2024-06-05T06:44:09.617+0000][7][safepoint   ] Safepoint "Cleanup", Time since last: 1001817300 ns, Reaching safepoint: 101200 ns, At safepoint: 4000 ns, Total: 105200 ns
[2024-06-05T06:44:10.627+0000][7][safepoint   ] Safepoint "Cleanup", Time since last: 1010117800 ns, Reaching safepoint: 138700 ns, At safepoint: 7500 ns, Total: 146200 ns
[2024-06-05T06:44:11.632+0000][7][safepoint   ] Safepoint "Cleanup", Time since last: 1004386800 ns, Reaching safepoint: 125800 ns, At safepoint: 8300 ns, Total: 134100 ns
[2024-06-05T06:44:12.633+0000][7][safepoint   ] Safepoint "Cleanup", Time since last: 1000943500 ns, Reaching safepoint: 120600 ns, At safepoint: 4300 ns, Total: 124900 ns
[2024-06-05T06:44:14.634+0000][7][safepoint   ] Safepoint "Cleanup", Time since last: 2000825400 ns, Reaching safepoint: 78700 ns, At safepoint: 3800 ns, Total: 82500 ns
[2024-06-05T06:44:15.197+0000][7][gc,heap,exit] Heap
[2024-06-05T06:44:15.198+0000][7][gc,heap,exit]  garbage-first heap   total 524288K, used 351637K [0x00000000e0000000, 0x0000000100000000)
[2024-06-05T06:44:15.198+0000][7][gc,heap,exit]   region size 4096K, 45 young (184320K), 4 survivors (16384K)
[2024-06-05T06:44:15.198+0000][7][gc,heap,exit]  Metaspace       used 118351K, committed 120064K, reserved 1155072K
[2024-06-05T06:44:15.198+0000][7][gc,heap,exit]   class space    used 15578K, committed 16320K, reserved 1048576K
