[2024-06-05T06:37:45.400+0000][459][gc] Using G1
[2024-06-05T06:37:45.466+0000][459][gc,init] Version: 16.0.2+7 (release)
[2024-06-05T06:37:45.479+0000][459][gc,init] CPUs: 2 total, 2 available
[2024-06-05T06:37:45.485+0000][459][gc,init] Memory: 1984M
[2024-06-05T06:37:45.499+0000][459][gc,init] Large Page Support: Disabled
[2024-06-05T06:37:45.500+0000][459][gc,init] NUMA Support: Disabled
[2024-06-05T06:37:45.501+0000][459][gc,init] Compressed Oops: Enabled (32-bit)
[2024-06-05T06:37:45.509+0000][459][gc,init] Heap Region Size: 1M
[2024-06-05T06:37:45.513+0000][459][gc,init] Heap Min Capacity: 512M
[2024-06-05T06:37:45.520+0000][459][gc,init] Heap Initial Capacity: 512M
[2024-06-05T06:37:45.533+0000][459][gc,init] Heap Max Capacity: 512M
[2024-06-05T06:37:45.537+0000][459][gc,init] Pre-touch: Disabled
[2024-06-05T06:37:45.538+0000][459][gc,init] Parallel Workers: 2
[2024-06-05T06:37:45.548+0000][459][gc,init] Concurrent Workers: 1
[2024-06-05T06:37:45.551+0000][459][gc,init] Concurrent Refinement Workers: 2
[2024-06-05T06:37:45.564+0000][459][gc,init] Periodic GC: Disabled
[2024-06-05T06:37:45.565+0000][459][gc,metaspace] CDS disabled.
[2024-06-05T06:37:45.566+0000][459][gc,metaspace] Compressed class space mapped at: 0x0000000100000000-0x0000000140000000, reserved size: 1073741824
[2024-06-05T06:37:45.584+0000][459][gc,metaspace] Narrow klass base: 0x0000000000000000, Narrow klass shift: 3, Narrow klass range: 0x140000000
[2024-06-05T06:37:46.083+0000][459][gc,heap,exit] Heap
[2024-06-05T06:37:46.108+0000][459][gc,heap,exit]  garbage-first heap   total 524288K, used 1538K [0x00000000e0000000, 0x0000000100000000)
[2024-06-05T06:37:46.112+0000][459][gc,heap,exit]   region size 1024K, 2 young (2048K), 0 survivors (0K)
[2024-06-05T06:37:46.113+0000][459][gc,heap,exit]  Metaspace       used 3467K, committed 3520K, reserved 1056768K
[2024-06-05T06:37:46.113+0000][459][gc,heap,exit]   class space    used 270K, committed 320K, reserved 1048576K
